[1.309s] Invoking command in '/home/hurs1/ackermann_ws/build/ackermann_simulation': AMENT_PREFIX_PATH=/home/hurs1/ackermann_ws/install/ackermann_bringup:/home/hurs1/ackermann_ws/install/gz_ros2_control:/home/hurs1/ackermann_ws/install/ackermann_hardware:/home/hurs1/ackermann_ws/install/ackermann_description:${AMENT_PREFIX_PATH} CMAKE_PREFIX_PATH=/home/hurs1/ackermann_ws/install/ackermann_bringup:/home/hurs1/ackermann_ws/install/gz_ros2_control:/home/hurs1/ackermann_ws/install/ackermann_hardware:/home/hurs1/ackermann_ws/install/ackermann_description:/opt/ros/humble LD_LIBRARY_PATH=/home/hurs1/ackermann_ws/install/gz_ros2_control/lib:/home/hurs1/ackermann_ws/install/ackermann_hardware/lib:${LD_LIBRARY_PATH} /usr/bin/cmake --build /home/hurs1/ackermann_ws/build/ackermann_simulation -- -j24 -l24
[1.326s] -- Found ament_cmake: 1.3.14 (/opt/ros/humble/share/ament_cmake/cmake)
[1.401s] -- Override CMake install command with custom implementation using symlinks instead of copying resources
[1.409s] -- Found rclcpp: 16.0.19 (/opt/ros/humble/share/rclcpp/cmake)
[2.045s] -- Found rosidl_generator_c: 3.1.9 (/opt/ros/humble/share/rosidl_generator_c/cmake)
[2.046s] -- Found rosidl_adapter: 3.1.9 (/opt/ros/humble/share/rosidl_adapter/cmake)
[2.050s] -- Found rosidl_generator_cpp: 3.1.9 (/opt/ros/humble/share/rosidl_generator_cpp/cmake)
[2.055s] -- Using all available rosidl_typesupport_c: rosidl_typesupport_fastrtps_c;rosidl_typesupport_introspection_c
[2.062s] -- Using all available rosidl_typesupport_cpp: rosidl_typesupport_fastrtps_cpp;rosidl_typesupport_introspection_cpp
[2.080s] -- Found rmw_implementation_cmake: 6.1.3 (/opt/ros/humble/share/rmw_implementation_cmake/cmake)
[2.081s] -- Found rmw_fastrtps_cpp: 6.2.10 (/opt/ros/humble/share/rmw_fastrtps_cpp/cmake)
[29.838s] -- Using RMW implementation 'rmw_fastrtps_cpp' as default
[29.868s] -- Found ament_lint_auto: 0.12.15 (/opt/ros/humble/share/ament_lint_auto/cmake)
[29.918s] -- Added test 'flake8' to check Python code syntax and style conventions
[29.918s] -- Added test 'lint_cmake' to check CMake code style
[29.919s] -- Added test 'pep257' to check Python code against some of the docstring style conventions in PEP 257
[29.919s] -- Added test 'xmllint' to check XML markup files
[29.922s] -- Configuring done
[29.933s] -- Generating done
[29.934s] -- Build files have been written to: /home/hurs1/ackermann_ws/build/ackermann_simulation
[29.949s] Invoked command in '/home/hurs1/ackermann_ws/build/ackermann_simulation' returned '0': AMENT_PREFIX_PATH=/home/hurs1/ackermann_ws/install/ackermann_bringup:/home/hurs1/ackermann_ws/install/gz_ros2_control:/home/hurs1/ackermann_ws/install/ackermann_hardware:/home/hurs1/ackermann_ws/install/ackermann_description:${AMENT_PREFIX_PATH} CMAKE_PREFIX_PATH=/home/hurs1/ackermann_ws/install/ackermann_bringup:/home/hurs1/ackermann_ws/install/gz_ros2_control:/home/hurs1/ackermann_ws/install/ackermann_hardware:/home/hurs1/ackermann_ws/install/ackermann_description:/opt/ros/humble LD_LIBRARY_PATH=/home/hurs1/ackermann_ws/install/gz_ros2_control/lib:/home/hurs1/ackermann_ws/install/ackermann_hardware/lib:${LD_LIBRARY_PATH} /usr/bin/cmake --build /home/hurs1/ackermann_ws/build/ackermann_simulation -- -j24 -l24
[29.950s] Invoking command in '/home/hurs1/ackermann_ws/build/ackermann_simulation': AMENT_PREFIX_PATH=/home/hurs1/ackermann_ws/install/ackermann_bringup:/home/hurs1/ackermann_ws/install/gz_ros2_control:/home/hurs1/ackermann_ws/install/ackermann_hardware:/home/hurs1/ackermann_ws/install/ackermann_description:${AMENT_PREFIX_PATH} CMAKE_PREFIX_PATH=/home/hurs1/ackermann_ws/install/ackermann_bringup:/home/hurs1/ackermann_ws/install/gz_ros2_control:/home/hurs1/ackermann_ws/install/ackermann_hardware:/home/hurs1/ackermann_ws/install/ackermann_description:/opt/ros/humble LD_LIBRARY_PATH=/home/hurs1/ackermann_ws/install/gz_ros2_control/lib:/home/hurs1/ackermann_ws/install/ackermann_hardware/lib:${LD_LIBRARY_PATH} /usr/bin/cmake --install /home/hurs1/ackermann_ws/build/ackermann_simulation
[29.955s] -- Install configuration: ""
[29.956s] -- Execute custom install script
[29.956s] -- Symlinking: /home/hurs1/ackermann_ws/install/ackermann_simulation/share/ackermann_simulation/launch/__pycache__/sim.launch.cpython-310.pyc
[29.961s] -- Up-to-date symlink: /home/hurs1/ackermann_ws/install/ackermann_simulation/share/ackermann_simulation/launch/sim.launch.py
[29.961s] -- Up-to-date symlink: /home/hurs1/ackermann_ws/install/ackermann_simulation/share/ackermann_simulation/config/gz_bridge.yaml
[29.962s] -- Up-to-date symlink: /home/hurs1/ackermann_ws/install/ackermann_simulation/share/ackermann_simulation/config/gz_control_sim_time.yaml
[29.962s] -- Up-to-date symlink: /home/hurs1/ackermann_ws/install/ackermann_simulation/share/ackermann_simulation/worlds/empty.sdf
[29.962s] -- Up-to-date symlink: /home/hurs1/ackermann_ws/install/ackermann_simulation/share/ackermann_simulation/worlds/maze.sdf
[29.962s] -- Up-to-date symlink: /home/hurs1/ackermann_ws/install/ackermann_simulation/share/ackermann_simulation/worlds/warehouse.sdf
[29.962s] -- Up-to-date symlink: /home/hurs1/ackermann_ws/install/ackermann_simulation/share/ament_index/resource_index/package_run_dependencies/ackermann_simulation
[29.962s] -- Up-to-date symlink: /home/hurs1/ackermann_ws/install/ackermann_simulation/share/ament_index/resource_index/parent_prefix_path/ackermann_simulation
[29.963s] -- Up-to-date symlink: /home/hurs1/ackermann_ws/install/ackermann_simulation/share/ackermann_simulation/environment/ament_prefix_path.sh
[29.963s] -- Up-to-date symlink: /home/hurs1/ackermann_ws/install/ackermann_simulation/share/ackermann_simulation/environment/ament_prefix_path.dsv
[29.963s] -- Up-to-date symlink: /home/hurs1/ackermann_ws/install/ackermann_simulation/share/ackermann_simulation/environment/path.sh
[29.963s] -- Up-to-date symlink: /home/hurs1/ackermann_ws/install/ackermann_simulation/share/ackermann_simulation/environment/path.dsv
[29.963s] -- Up-to-date symlink: /home/hurs1/ackermann_ws/install/ackermann_simulation/share/ackermann_simulation/local_setup.bash
[29.964s] -- Up-to-date symlink: /home/hurs1/ackermann_ws/install/ackermann_simulation/share/ackermann_simulation/local_setup.sh
[29.964s] -- Up-to-date symlink: /home/hurs1/ackermann_ws/install/ackermann_simulation/share/ackermann_simulation/local_setup.zsh
[29.964s] -- Up-to-date symlink: /home/hurs1/ackermann_ws/install/ackermann_simulation/share/ackermann_simulation/local_setup.dsv
[29.964s] -- Symlinking: /home/hurs1/ackermann_ws/install/ackermann_simulation/share/ackermann_simulation/package.dsv
[29.969s] -- Up-to-date symlink: /home/hurs1/ackermann_ws/install/ackermann_simulation/share/ament_index/resource_index/packages/ackermann_simulation
[29.969s] -- Up-to-date symlink: /home/hurs1/ackermann_ws/install/ackermann_simulation/share/ackermann_simulation/cmake/ackermann_simulationConfig.cmake
[29.969s] -- Up-to-date symlink: /home/hurs1/ackermann_ws/install/ackermann_simulation/share/ackermann_simulation/cmake/ackermann_simulationConfig-version.cmake
[29.969s] -- Up-to-date symlink: /home/hurs1/ackermann_ws/install/ackermann_simulation/share/ackermann_simulation/package.xml
[29.970s] Invoked command in '/home/hurs1/ackermann_ws/build/ackermann_simulation' returned '0': AMENT_PREFIX_PATH=/home/hurs1/ackermann_ws/install/ackermann_bringup:/home/hurs1/ackermann_ws/install/gz_ros2_control:/home/hurs1/ackermann_ws/install/ackermann_hardware:/home/hurs1/ackermann_ws/install/ackermann_description:${AMENT_PREFIX_PATH} CMAKE_PREFIX_PATH=/home/hurs1/ackermann_ws/install/ackermann_bringup:/home/hurs1/ackermann_ws/install/gz_ros2_control:/home/hurs1/ackermann_ws/install/ackermann_hardware:/home/hurs1/ackermann_ws/install/ackermann_description:/opt/ros/humble LD_LIBRARY_PATH=/home/hurs1/ackermann_ws/install/gz_ros2_control/lib:/home/hurs1/ackermann_ws/install/ackermann_hardware/lib:${LD_LIBRARY_PATH} /usr/bin/cmake --install /home/hurs1/ackermann_ws/build/ackermann_simulation
