[0.124s] Invoking command in '/home/hurs1/ackermann_ws/build/ign_ros2_control': AMENT_PREFIX_PATH=/home/hurs1/ackermann_ws/install/gz_ros2_control:${AMENT_PREFIX_PATH} CMAKE_PREFIX_PATH=/home/hurs1/ackermann_ws/install/gz_ros2_control:/home/hurs1/rqt_ws/install/rqt_robot_steering:/opt/ros/humble LD_LIBRARY_PATH=/home/hurs1/ackermann_ws/install/gz_ros2_control/lib:${LD_LIBRARY_PATH} /usr/bin/cmake /home/hurs1/ackermann_ws/src/gz_ros2_control/ign_ros2_control -DAMENT_CMAKE_SYMLINK_INSTALL=1 -DCMAKE_INSTALL_PREFIX=/home/hurs1/ackermann_ws/install/ign_ros2_control
[0.276s] -- The C compiler identification is GNU 11.4.0
[0.899s] -- The CXX compiler identification is GNU 11.4.0
[3.274s] -- Detecting C compiler ABI info
[3.916s] -- Detecting C compiler ABI info - done
[3.920s] -- Check for working C compiler: /usr/bin/cc - skipped
[3.920s] -- Detecting C compile features
[3.920s] -- Detecting C compile features - done
[3.922s] -- Detecting CXX compiler ABI info
[4.380s] -- Detecting CXX compiler ABI info - done
[4.384s] -- Check for working CXX compiler: /usr/bin/c++ - skipped
[4.385s] -- Detecting CXX compile features
[4.385s] -- Detecting CXX compile features - done
[4.386s] -- Found ament_cmake: 1.3.14 (/opt/ros/humble/share/ament_cmake/cmake)
[4.474s] -- Found Python3: /usr/bin/python3 (found version "3.10.12") found components: Interpreter 
[4.511s] -- Override CMake install command with custom implementation using symlinks instead of copying resources
[4.563s] -- Configuring done
[4.565s] -- Generating done
[4.565s] -- Build files have been written to: /home/hurs1/ackermann_ws/build/ign_ros2_control
[4.568s] Invoked command in '/home/hurs1/ackermann_ws/build/ign_ros2_control' returned '0': AMENT_PREFIX_PATH=/home/hurs1/ackermann_ws/install/gz_ros2_control:${AMENT_PREFIX_PATH} CMAKE_PREFIX_PATH=/home/hurs1/ackermann_ws/install/gz_ros2_control:/home/hurs1/rqt_ws/install/rqt_robot_steering:/opt/ros/humble LD_LIBRARY_PATH=/home/hurs1/ackermann_ws/install/gz_ros2_control/lib:${LD_LIBRARY_PATH} /usr/bin/cmake /home/hurs1/ackermann_ws/src/gz_ros2_control/ign_ros2_control -DAMENT_CMAKE_SYMLINK_INSTALL=1 -DCMAKE_INSTALL_PREFIX=/home/hurs1/ackermann_ws/install/ign_ros2_control
[4.569s] Invoking command in '/home/hurs1/ackermann_ws/build/ign_ros2_control': AMENT_PREFIX_PATH=/home/hurs1/ackermann_ws/install/gz_ros2_control:${AMENT_PREFIX_PATH} CMAKE_PREFIX_PATH=/home/hurs1/ackermann_ws/install/gz_ros2_control:/home/hurs1/rqt_ws/install/rqt_robot_steering:/opt/ros/humble LD_LIBRARY_PATH=/home/hurs1/ackermann_ws/install/gz_ros2_control/lib:${LD_LIBRARY_PATH} /usr/bin/cmake --build /home/hurs1/ackermann_ws/build/ign_ros2_control -- -j24 -l24
[4.588s] Invoked command in '/home/hurs1/ackermann_ws/build/ign_ros2_control' returned '0': AMENT_PREFIX_PATH=/home/hurs1/ackermann_ws/install/gz_ros2_control:${AMENT_PREFIX_PATH} CMAKE_PREFIX_PATH=/home/hurs1/ackermann_ws/install/gz_ros2_control:/home/hurs1/rqt_ws/install/rqt_robot_steering:/opt/ros/humble LD_LIBRARY_PATH=/home/hurs1/ackermann_ws/install/gz_ros2_control/lib:${LD_LIBRARY_PATH} /usr/bin/cmake --build /home/hurs1/ackermann_ws/build/ign_ros2_control -- -j24 -l24
[4.589s] Invoking command in '/home/hurs1/ackermann_ws/build/ign_ros2_control': AMENT_PREFIX_PATH=/home/hurs1/ackermann_ws/install/gz_ros2_control:${AMENT_PREFIX_PATH} CMAKE_PREFIX_PATH=/home/hurs1/ackermann_ws/install/gz_ros2_control:/home/hurs1/rqt_ws/install/rqt_robot_steering:/opt/ros/humble LD_LIBRARY_PATH=/home/hurs1/ackermann_ws/install/gz_ros2_control/lib:${LD_LIBRARY_PATH} /usr/bin/cmake --install /home/hurs1/ackermann_ws/build/ign_ros2_control
[4.593s] -- Install configuration: ""
[4.593s] -- Execute custom install script
[4.593s] -- Symlinking: /home/hurs1/ackermann_ws/install/ign_ros2_control/share/ament_index/resource_index/package_run_dependencies/ign_ros2_control
[4.598s] -- Symlinking: /home/hurs1/ackermann_ws/install/ign_ros2_control/share/ament_index/resource_index/parent_prefix_path/ign_ros2_control
[4.603s] -- Symlinking: /home/hurs1/ackermann_ws/install/ign_ros2_control/share/ign_ros2_control/environment/ament_prefix_path.sh
[4.607s] -- Symlinking: /home/hurs1/ackermann_ws/install/ign_ros2_control/share/ign_ros2_control/environment/ament_prefix_path.dsv
[4.611s] -- Symlinking: /home/hurs1/ackermann_ws/install/ign_ros2_control/share/ign_ros2_control/environment/path.sh
[4.615s] -- Symlinking: /home/hurs1/ackermann_ws/install/ign_ros2_control/share/ign_ros2_control/environment/path.dsv
[4.619s] -- Symlinking: /home/hurs1/ackermann_ws/install/ign_ros2_control/share/ign_ros2_control/local_setup.bash
[4.622s] -- Symlinking: /home/hurs1/ackermann_ws/install/ign_ros2_control/share/ign_ros2_control/local_setup.sh
[4.626s] -- Symlinking: /home/hurs1/ackermann_ws/install/ign_ros2_control/share/ign_ros2_control/local_setup.zsh
[4.631s] -- Symlinking: /home/hurs1/ackermann_ws/install/ign_ros2_control/share/ign_ros2_control/local_setup.dsv
[4.635s] -- Symlinking: /home/hurs1/ackermann_ws/install/ign_ros2_control/share/ign_ros2_control/package.dsv
[4.639s] -- Symlinking: /home/hurs1/ackermann_ws/install/ign_ros2_control/share/ament_index/resource_index/packages/ign_ros2_control
[4.644s] -- Symlinking: /home/hurs1/ackermann_ws/install/ign_ros2_control/share/ign_ros2_control/cmake/ign_ros2_controlConfig.cmake
[4.648s] -- Symlinking: /home/hurs1/ackermann_ws/install/ign_ros2_control/share/ign_ros2_control/cmake/ign_ros2_controlConfig-version.cmake
[4.653s] -- Symlinking: /home/hurs1/ackermann_ws/install/ign_ros2_control/share/ign_ros2_control/package.xml
[4.658s] Invoked command in '/home/hurs1/ackermann_ws/build/ign_ros2_control' returned '0': AMENT_PREFIX_PATH=/home/hurs1/ackermann_ws/install/gz_ros2_control:${AMENT_PREFIX_PATH} CMAKE_PREFIX_PATH=/home/hurs1/ackermann_ws/install/gz_ros2_control:/home/hurs1/rqt_ws/install/rqt_robot_steering:/opt/ros/humble LD_LIBRARY_PATH=/home/hurs1/ackermann_ws/install/gz_ros2_control/lib:${LD_LIBRARY_PATH} /usr/bin/cmake --install /home/hurs1/ackermann_ws/build/ign_ros2_control
