[0.227s] Invoking command in '/home/hurs1/ackermann_ws/build/ackermann_bringup': AMENT_PREFIX_PATH=/home/hurs1/ackermann_ws/install/ackermann_hardware:/home/hurs1/ackermann_ws/install/ackermann_description:${AMENT_PREFIX_PATH} CMAKE_PREFIX_PATH=/home/hurs1/ackermann_ws/install/ackermann_hardware:/home/hurs1/ackermann_ws/install/ackermann_description:/home/hurs1/rqt_ws/install/rqt_robot_steering:/opt/ros/humble LD_LIBRARY_PATH=/home/hurs1/ackermann_ws/install/ackermann_hardware/lib:${LD_LIBRARY_PATH} /usr/bin/cmake /home/hurs1/ackermann_ws/src/ackermann_robot/ackermann_bringup -DAMENT_CMAKE_SYMLINK_INSTALL=1 -DCMAKE_INSTALL_PREFIX=/home/hurs1/ackermann_ws/install/ackermann_bringup
[0.392s] -- The C compiler identification is GNU 11.4.0
[1.271s] -- The CXX compiler identification is GNU 11.4.0
[2.011s] -- Detecting C compiler ABI info
[2.206s] -- Detecting C compiler ABI info - done
[2.210s] -- Check for working C compiler: /usr/bin/cc - skipped
[2.210s] -- Detecting C compile features
[2.210s] -- Detecting C compile features - done
[2.212s] -- Detecting CXX compiler ABI info
[2.426s] -- Detecting CXX compiler ABI info - done
[2.430s] -- Check for working CXX compiler: /usr/bin/c++ - skipped
[2.431s] -- Detecting CXX compile features
[2.431s] -- Detecting CXX compile features - done
[2.432s] -- Found ament_cmake: 1.3.14 (/opt/ros/humble/share/ament_cmake/cmake)
[2.528s] -- Found Python3: /usr/bin/python3 (found version "3.10.12") found components: Interpreter 
[2.565s] -- Override CMake install command with custom implementation using symlinks instead of copying resources
[2.581s] -- Found rclcpp: 16.0.19 (/opt/ros/humble/share/rclcpp/cmake)
[3.308s] -- Found rosidl_generator_c: 3.1.9 (/opt/ros/humble/share/rosidl_generator_c/cmake)
[3.311s] -- Found rosidl_adapter: 3.1.9 (/opt/ros/humble/share/rosidl_adapter/cmake)
[3.316s] -- Found rosidl_generator_cpp: 3.1.9 (/opt/ros/humble/share/rosidl_generator_cpp/cmake)
[3.323s] -- Using all available rosidl_typesupport_c: rosidl_typesupport_fastrtps_c;rosidl_typesupport_introspection_c
[3.331s] -- Using all available rosidl_typesupport_cpp: rosidl_typesupport_fastrtps_cpp;rosidl_typesupport_introspection_cpp
[3.355s] -- Found rmw_implementation_cmake: 6.1.3 (/opt/ros/humble/share/rmw_implementation_cmake/cmake)
[3.356s] -- Found rmw_fastrtps_cpp: 6.2.10 (/opt/ros/humble/share/rmw_fastrtps_cpp/cmake)
[6.045s] -- Found OpenSSL: /usr/lib/x86_64-linux-gnu/libcrypto.so (found version "3.0.2")  
[8.750s] -- Found FastRTPS: /opt/ros/humble/include  
[13.700s] -- Using RMW implementation 'rmw_fastrtps_cpp' as default
[13.705s] -- Looking for pthread.h
[13.906s] -- Looking for pthread.h - found
[13.906s] -- Performing Test CMAKE_HAVE_LIBC_PTHREAD
[14.096s] -- Performing Test CMAKE_HAVE_LIBC_PTHREAD - Success
[14.097s] -- Found Threads: TRUE  
[14.126s] -- Found geometry_msgs: 4.9.2 (/opt/ros/humble/share/geometry_msgs/cmake)
[14.170s] -- Configuring done
[14.172s] -- Generating done
[14.174s] -- Build files have been written to: /home/hurs1/ackermann_ws/build/ackermann_bringup
[14.179s] Invoked command in '/home/hurs1/ackermann_ws/build/ackermann_bringup' returned '0': AMENT_PREFIX_PATH=/home/hurs1/ackermann_ws/install/ackermann_hardware:/home/hurs1/ackermann_ws/install/ackermann_description:${AMENT_PREFIX_PATH} CMAKE_PREFIX_PATH=/home/hurs1/ackermann_ws/install/ackermann_hardware:/home/hurs1/ackermann_ws/install/ackermann_description:/home/hurs1/rqt_ws/install/rqt_robot_steering:/opt/ros/humble LD_LIBRARY_PATH=/home/hurs1/ackermann_ws/install/ackermann_hardware/lib:${LD_LIBRARY_PATH} /usr/bin/cmake /home/hurs1/ackermann_ws/src/ackermann_robot/ackermann_bringup -DAMENT_CMAKE_SYMLINK_INSTALL=1 -DCMAKE_INSTALL_PREFIX=/home/hurs1/ackermann_ws/install/ackermann_bringup
[14.180s] Invoking command in '/home/hurs1/ackermann_ws/build/ackermann_bringup': AMENT_PREFIX_PATH=/home/hurs1/ackermann_ws/install/ackermann_hardware:/home/hurs1/ackermann_ws/install/ackermann_description:${AMENT_PREFIX_PATH} CMAKE_PREFIX_PATH=/home/hurs1/ackermann_ws/install/ackermann_hardware:/home/hurs1/ackermann_ws/install/ackermann_description:/home/hurs1/rqt_ws/install/rqt_robot_steering:/opt/ros/humble LD_LIBRARY_PATH=/home/hurs1/ackermann_ws/install/ackermann_hardware/lib:${LD_LIBRARY_PATH} /usr/bin/cmake --build /home/hurs1/ackermann_ws/build/ackermann_bringup -- -j24 -l24
[14.200s] Invoked command in '/home/hurs1/ackermann_ws/build/ackermann_bringup' returned '0': AMENT_PREFIX_PATH=/home/hurs1/ackermann_ws/install/ackermann_hardware:/home/hurs1/ackermann_ws/install/ackermann_description:${AMENT_PREFIX_PATH} CMAKE_PREFIX_PATH=/home/hurs1/ackermann_ws/install/ackermann_hardware:/home/hurs1/ackermann_ws/install/ackermann_description:/home/hurs1/rqt_ws/install/rqt_robot_steering:/opt/ros/humble LD_LIBRARY_PATH=/home/hurs1/ackermann_ws/install/ackermann_hardware/lib:${LD_LIBRARY_PATH} /usr/bin/cmake --build /home/hurs1/ackermann_ws/build/ackermann_bringup -- -j24 -l24
[14.201s] Invoking command in '/home/hurs1/ackermann_ws/build/ackermann_bringup': AMENT_PREFIX_PATH=/home/hurs1/ackermann_ws/install/ackermann_hardware:/home/hurs1/ackermann_ws/install/ackermann_description:${AMENT_PREFIX_PATH} CMAKE_PREFIX_PATH=/home/hurs1/ackermann_ws/install/ackermann_hardware:/home/hurs1/ackermann_ws/install/ackermann_description:/home/hurs1/rqt_ws/install/rqt_robot_steering:/opt/ros/humble LD_LIBRARY_PATH=/home/hurs1/ackermann_ws/install/ackermann_hardware/lib:${LD_LIBRARY_PATH} /usr/bin/cmake --install /home/hurs1/ackermann_ws/build/ackermann_bringup
[14.205s] -- Install configuration: ""
[14.205s] -- Execute custom install script
[14.206s] -- Symlinking: /home/hurs1/ackermann_ws/install/ackermann_bringup/share/ackermann_bringup/config/controllers.yaml
[14.210s] -- Symlinking: /home/hurs1/ackermann_ws/install/ackermann_bringup/share/ackermann_bringup/config/display.rviz
[14.214s] -- Symlinking: /home/hurs1/ackermann_ws/install/ackermann_bringup/share/ackermann_bringup/config/ekf.yaml
[14.218s] -- Symlinking: /home/hurs1/ackermann_ws/install/ackermann_bringup/share/ackermann_bringup/config/hardware.yaml
[14.222s] -- Symlinking: /home/hurs1/ackermann_ws/install/ackermann_bringup/share/ackermann_bringup/config/nav2_amcl.yaml
[14.226s] -- Symlinking: /home/hurs1/ackermann_ws/install/ackermann_bringup/share/ackermann_bringup/config/nav2_bt.xml
[14.230s] -- Symlinking: /home/hurs1/ackermann_ws/install/ackermann_bringup/share/ackermann_bringup/config/nav2_params_amcl.yaml
[14.234s] -- Symlinking: /home/hurs1/ackermann_ws/install/ackermann_bringup/share/ackermann_bringup/config/slam.yaml
[14.239s] -- Symlinking: /home/hurs1/ackermann_ws/install/ackermann_bringup/share/ackermann_bringup/launch/amcl.launch.py
[14.243s] -- Symlinking: /home/hurs1/ackermann_ws/install/ackermann_bringup/share/ackermann_bringup/launch/camera.launch.py
[14.247s] -- Symlinking: /home/hurs1/ackermann_ws/install/ackermann_bringup/share/ackermann_bringup/launch/lidar.launch.py
[14.251s] -- Symlinking: /home/hurs1/ackermann_ws/install/ackermann_bringup/share/ackermann_bringup/launch/nav2.launch.py
[14.255s] -- Symlinking: /home/hurs1/ackermann_ws/install/ackermann_bringup/share/ackermann_bringup/launch/robot.launch.py
[14.259s] -- Symlinking: /home/hurs1/ackermann_ws/install/ackermann_bringup/share/ackermann_bringup/launch/rviz.launch.py
[14.263s] -- Symlinking: /home/hurs1/ackermann_ws/install/ackermann_bringup/share/ackermann_bringup/launch/slam.launch.py
[14.268s] -- Symlinking: /home/hurs1/ackermann_ws/install/ackermann_bringup/share/ackermann_bringup/maps/innovation.pgm
[14.272s] -- Symlinking: /home/hurs1/ackermann_ws/install/ackermann_bringup/share/ackermann_bringup/maps/innovation.yaml
[14.276s] -- Symlinking: /home/hurs1/ackermann_ws/install/ackermann_bringup/share/ackermann_bringup/maps/warehouse.pgm
[14.280s] -- Symlinking: /home/hurs1/ackermann_ws/install/ackermann_bringup/share/ackermann_bringup/maps/warehouse.yaml
[14.284s] -- Symlinking: /home/hurs1/ackermann_ws/install/ackermann_bringup/lib/ackermann_bringup/odom_test.py
[14.288s] -- Symlinking: /home/hurs1/ackermann_ws/install/ackermann_bringup/lib/ackermann_bringup/circle_test.py
[14.292s] -- Symlinking: /home/hurs1/ackermann_ws/install/ackermann_bringup/lib/ackermann_bringup/twist_stamper.py
[14.296s] -- Symlinking: /home/hurs1/ackermann_ws/install/ackermann_bringup/lib/ackermann_bringup/camera_compressor.py
[14.300s] -- Symlinking: /home/hurs1/ackermann_ws/install/ackermann_bringup/share/ament_index/resource_index/package_run_dependencies/ackermann_bringup
[14.304s] -- Symlinking: /home/hurs1/ackermann_ws/install/ackermann_bringup/share/ament_index/resource_index/parent_prefix_path/ackermann_bringup
[14.308s] -- Symlinking: /home/hurs1/ackermann_ws/install/ackermann_bringup/share/ackermann_bringup/environment/ament_prefix_path.sh
[14.312s] -- Symlinking: /home/hurs1/ackermann_ws/install/ackermann_bringup/share/ackermann_bringup/environment/ament_prefix_path.dsv
[14.316s] -- Symlinking: /home/hurs1/ackermann_ws/install/ackermann_bringup/share/ackermann_bringup/environment/path.sh
[14.319s] -- Symlinking: /home/hurs1/ackermann_ws/install/ackermann_bringup/share/ackermann_bringup/environment/path.dsv
[14.323s] -- Symlinking: /home/hurs1/ackermann_ws/install/ackermann_bringup/share/ackermann_bringup/local_setup.bash
[14.327s] -- Symlinking: /home/hurs1/ackermann_ws/install/ackermann_bringup/share/ackermann_bringup/local_setup.sh
[14.332s] -- Symlinking: /home/hurs1/ackermann_ws/install/ackermann_bringup/share/ackermann_bringup/local_setup.zsh
[14.337s] -- Symlinking: /home/hurs1/ackermann_ws/install/ackermann_bringup/share/ackermann_bringup/local_setup.dsv
[14.341s] -- Symlinking: /home/hurs1/ackermann_ws/install/ackermann_bringup/share/ackermann_bringup/package.dsv
[14.345s] -- Symlinking: /home/hurs1/ackermann_ws/install/ackermann_bringup/share/ament_index/resource_index/packages/ackermann_bringup
[14.349s] -- Symlinking: /home/hurs1/ackermann_ws/install/ackermann_bringup/share/ackermann_bringup/cmake/ackermann_bringupConfig.cmake
[14.353s] -- Symlinking: /home/hurs1/ackermann_ws/install/ackermann_bringup/share/ackermann_bringup/cmake/ackermann_bringupConfig-version.cmake
[14.357s] -- Symlinking: /home/hurs1/ackermann_ws/install/ackermann_bringup/share/ackermann_bringup/package.xml
[14.362s] Invoked command in '/home/hurs1/ackermann_ws/build/ackermann_bringup' returned '0': AMENT_PREFIX_PATH=/home/hurs1/ackermann_ws/install/ackermann_hardware:/home/hurs1/ackermann_ws/install/ackermann_description:${AMENT_PREFIX_PATH} CMAKE_PREFIX_PATH=/home/hurs1/ackermann_ws/install/ackermann_hardware:/home/hurs1/ackermann_ws/install/ackermann_description:/home/hurs1/rqt_ws/install/rqt_robot_steering:/opt/ros/humble LD_LIBRARY_PATH=/home/hurs1/ackermann_ws/install/ackermann_hardware/lib:${LD_LIBRARY_PATH} /usr/bin/cmake --install /home/hurs1/ackermann_ws/build/ackermann_bringup
