[1.137s] Invoking command in '/home/hurs1/ackermann_ws/build/ackermann_bringup': AMENT_PREFIX_PATH=/home/hurs1/ackermann_ws/install/ackermann_hardware:/home/hurs1/ackermann_ws/install/ackermann_description:${AMENT_PREFIX_PATH} CMAKE_PREFIX_PATH=/home/hurs1/ackermann_ws/install/ackermann_hardware:/home/hurs1/ackermann_ws/install/ackermann_description:/opt/ros/humble LD_LIBRARY_PATH=/home/hurs1/ackermann_ws/install/ackermann_hardware/lib:${LD_LIBRARY_PATH} /usr/bin/cmake --build /home/hurs1/ackermann_ws/build/ackermann_bringup -- -j24 -l24
[1.198s] Invoked command in '/home/hurs1/ackermann_ws/build/ackermann_bringup' returned '0': AMENT_PREFIX_PATH=/home/hurs1/ackermann_ws/install/ackermann_hardware:/home/hurs1/ackermann_ws/install/ackermann_description:${AMENT_PREFIX_PATH} CMAKE_PREFIX_PATH=/home/hurs1/ackermann_ws/install/ackermann_hardware:/home/hurs1/ackermann_ws/install/ackermann_description:/opt/ros/humble LD_LIBRARY_PATH=/home/hurs1/ackermann_ws/install/ackermann_hardware/lib:${LD_LIBRARY_PATH} /usr/bin/cmake --build /home/hurs1/ackermann_ws/build/ackermann_bringup -- -j24 -l24
[1.216s] Invoking command in '/home/hurs1/ackermann_ws/build/ackermann_bringup': AMENT_PREFIX_PATH=/home/hurs1/ackermann_ws/install/ackermann_hardware:/home/hurs1/ackermann_ws/install/ackermann_description:${AMENT_PREFIX_PATH} CMAKE_PREFIX_PATH=/home/hurs1/ackermann_ws/install/ackermann_hardware:/home/hurs1/ackermann_ws/install/ackermann_description:/opt/ros/humble LD_LIBRARY_PATH=/home/hurs1/ackermann_ws/install/ackermann_hardware/lib:${LD_LIBRARY_PATH} /usr/bin/cmake --install /home/hurs1/ackermann_ws/build/ackermann_bringup
[1.227s] -- Install configuration: ""
[1.228s] -- Execute custom install script
[1.229s] -- Up-to-date symlink: /home/hurs1/ackermann_ws/install/ackermann_bringup/share/ackermann_bringup/config/controllers.yaml
[1.230s] -- Up-to-date symlink: /home/hurs1/ackermann_ws/install/ackermann_bringup/share/ackermann_bringup/config/display.rviz
[1.230s] -- Up-to-date symlink: /home/hurs1/ackermann_ws/install/ackermann_bringup/share/ackermann_bringup/config/ekf.yaml
[1.230s] -- Up-to-date symlink: /home/hurs1/ackermann_ws/install/ackermann_bringup/share/ackermann_bringup/config/hardware.yaml
[1.230s] -- Up-to-date symlink: /home/hurs1/ackermann_ws/install/ackermann_bringup/share/ackermann_bringup/config/nav2_amcl.yaml
[1.230s] -- Up-to-date symlink: /home/hurs1/ackermann_ws/install/ackermann_bringup/share/ackermann_bringup/config/nav2_bt.xml
[1.231s] -- Up-to-date symlink: /home/hurs1/ackermann_ws/install/ackermann_bringup/share/ackermann_bringup/config/nav2_params_amcl.yaml
[1.231s] -- Up-to-date symlink: /home/hurs1/ackermann_ws/install/ackermann_bringup/share/ackermann_bringup/config/slam.yaml
[1.231s] -- Up-to-date symlink: /home/hurs1/ackermann_ws/install/ackermann_bringup/share/ackermann_bringup/launch/amcl.launch.py
[1.232s] -- Up-to-date symlink: /home/hurs1/ackermann_ws/install/ackermann_bringup/share/ackermann_bringup/launch/camera.launch.py
[1.232s] -- Up-to-date symlink: /home/hurs1/ackermann_ws/install/ackermann_bringup/share/ackermann_bringup/launch/lidar.launch.py
[1.232s] -- Up-to-date symlink: /home/hurs1/ackermann_ws/install/ackermann_bringup/share/ackermann_bringup/launch/nav2.launch.py
[1.232s] -- Up-to-date symlink: /home/hurs1/ackermann_ws/install/ackermann_bringup/share/ackermann_bringup/launch/robot.launch.py
[1.232s] -- Up-to-date symlink: /home/hurs1/ackermann_ws/install/ackermann_bringup/share/ackermann_bringup/launch/rviz.launch.py
[1.232s] -- Up-to-date symlink: /home/hurs1/ackermann_ws/install/ackermann_bringup/share/ackermann_bringup/launch/slam.launch.py
[1.232s] -- Up-to-date symlink: /home/hurs1/ackermann_ws/install/ackermann_bringup/share/ackermann_bringup/maps/innovation.pgm
[1.233s] -- Up-to-date symlink: /home/hurs1/ackermann_ws/install/ackermann_bringup/share/ackermann_bringup/maps/innovation.yaml
[1.233s] -- Up-to-date symlink: /home/hurs1/ackermann_ws/install/ackermann_bringup/share/ackermann_bringup/maps/warehouse.pgm
[1.233s] -- Up-to-date symlink: /home/hurs1/ackermann_ws/install/ackermann_bringup/share/ackermann_bringup/maps/warehouse.yaml
[1.233s] -- Up-to-date symlink: /home/hurs1/ackermann_ws/install/ackermann_bringup/lib/ackermann_bringup/odom_test.py
[1.234s] -- Up-to-date symlink: /home/hurs1/ackermann_ws/install/ackermann_bringup/lib/ackermann_bringup/circle_test.py
[1.235s] -- Up-to-date symlink: /home/hurs1/ackermann_ws/install/ackermann_bringup/lib/ackermann_bringup/twist_stamper.py
[1.235s] -- Up-to-date symlink: /home/hurs1/ackermann_ws/install/ackermann_bringup/lib/ackermann_bringup/camera_compressor.py
[1.236s] -- Up-to-date symlink: /home/hurs1/ackermann_ws/install/ackermann_bringup/share/ament_index/resource_index/package_run_dependencies/ackermann_bringup
[1.236s] -- Up-to-date symlink: /home/hurs1/ackermann_ws/install/ackermann_bringup/share/ament_index/resource_index/parent_prefix_path/ackermann_bringup
[1.237s] -- Up-to-date symlink: /home/hurs1/ackermann_ws/install/ackermann_bringup/share/ackermann_bringup/environment/ament_prefix_path.sh
[1.237s] -- Up-to-date symlink: /home/hurs1/ackermann_ws/install/ackermann_bringup/share/ackermann_bringup/environment/ament_prefix_path.dsv
[1.237s] -- Up-to-date symlink: /home/hurs1/ackermann_ws/install/ackermann_bringup/share/ackermann_bringup/environment/path.sh
[1.237s] -- Up-to-date symlink: /home/hurs1/ackermann_ws/install/ackermann_bringup/share/ackermann_bringup/environment/path.dsv
[1.238s] -- Up-to-date symlink: /home/hurs1/ackermann_ws/install/ackermann_bringup/share/ackermann_bringup/local_setup.bash
[1.238s] -- Up-to-date symlink: /home/hurs1/ackermann_ws/install/ackermann_bringup/share/ackermann_bringup/local_setup.sh
[1.238s] -- Up-to-date symlink: /home/hurs1/ackermann_ws/install/ackermann_bringup/share/ackermann_bringup/local_setup.zsh
[1.238s] -- Up-to-date symlink: /home/hurs1/ackermann_ws/install/ackermann_bringup/share/ackermann_bringup/local_setup.dsv
[1.239s] -- Symlinking: /home/hurs1/ackermann_ws/install/ackermann_bringup/share/ackermann_bringup/package.dsv
[1.250s] -- Up-to-date symlink: /home/hurs1/ackermann_ws/install/ackermann_bringup/share/ament_index/resource_index/packages/ackermann_bringup
[1.251s] -- Up-to-date symlink: /home/hurs1/ackermann_ws/install/ackermann_bringup/share/ackermann_bringup/cmake/ackermann_bringupConfig.cmake
[1.251s] -- Up-to-date symlink: /home/hurs1/ackermann_ws/install/ackermann_bringup/share/ackermann_bringup/cmake/ackermann_bringupConfig-version.cmake
[1.251s] -- Up-to-date symlink: /home/hurs1/ackermann_ws/install/ackermann_bringup/share/ackermann_bringup/package.xml
[1.263s] Invoked command in '/home/hurs1/ackermann_ws/build/ackermann_bringup' returned '0': AMENT_PREFIX_PATH=/home/hurs1/ackermann_ws/install/ackermann_hardware:/home/hurs1/ackermann_ws/install/ackermann_description:${AMENT_PREFIX_PATH} CMAKE_PREFIX_PATH=/home/hurs1/ackermann_ws/install/ackermann_hardware:/home/hurs1/ackermann_ws/install/ackermann_description:/opt/ros/humble LD_LIBRARY_PATH=/home/hurs1/ackermann_ws/install/ackermann_hardware/lib:${LD_LIBRARY_PATH} /usr/bin/cmake --install /home/hurs1/ackermann_ws/build/ackermann_bringup
