-- The CXX compiler identification is GNU 11.4.0
-- Detecting CXX compiler ABI info
-- Detecting CXX compiler ABI info - done
-- Check for working CXX compiler: /usr/bin/c++ - skipped
-- Detecting CXX compile features
-- Detecting CXX compile features - done
-- Found ament_cmake: 1.3.14 (/opt/ros/humble/share/ament_cmake/cmake)
-- Found Python3: /usr/bin/python3 (found version "3.10.12") found components: Interpreter 
-- Override CMake install command with custom implementation using symlinks instead of copying resources
-- Found hardware_interface: 2.54.0 (/opt/ros/humble/share/hardware_interface/cmake)
-- Found rosidl_generator_c: 3.1.9 (/opt/ros/humble/share/rosidl_generator_c/cmake)
-- Found rosidl_adapter: 3.1.9 (/opt/ros/humble/share/rosidl_adapter/cmake)
-- Found rosidl_generator_cpp: 3.1.9 (/opt/ros/humble/share/rosidl_generator_cpp/cmake)
-- Using all available rosidl_typesupport_c: rosidl_typesupport_fastrtps_c;rosidl_typesupport_introspection_c
-- Using all available rosidl_typesupport_cpp: rosidl_typesupport_fastrtps_cpp;rosidl_typesupport_introspection_cpp
-- Found rmw_implementation_cmake: 6.1.3 (/opt/ros/humble/share/rmw_implementation_cmake/cmake)
-- Found rmw_fastrtps_cpp: 6.2.10 (/opt/ros/humble/share/rmw_fastrtps_cpp/cmake)
-- Found TinyXML2 via Config file: TinyXML2_DIR-NOTFOUND
-- Found OpenSSL: /usr/lib/x86_64-linux-gnu/libcrypto.so (found version "3.0.2")  
-- Found TinyXML2 via Config file: TinyXML2_DIR-NOTFOUND
-- Found FastRTPS: /opt/ros/humble/include  
-- Found TinyXML2 via Config file: TinyXML2_DIR-NOTFOUND
-- Found TinyXML2 via Config file: TinyXML2_DIR-NOTFOUND
-- Using RMW implementation 'rmw_fastrtps_cpp' as default
-- Looking for C++ include pthread.h
-- Looking for C++ include pthread.h - found
-- Performing Test CMAKE_HAVE_LIBC_PTHREAD
-- Performing Test CMAKE_HAVE_LIBC_PTHREAD - Success
-- Found Threads: TRUE  
-- Found ament_cmake_gtest: 1.3.14 (/opt/ros/humble/share/ament_cmake_gtest/cmake)
-- Configuring done
-- Generating done
-- Build files have been written to: /home/hurs1/ackermann_ws/build/ackermann_hardware
[ 50%] [32mBuilding CXX object CMakeFiles/ackermann_hardware.dir/src/ackermann_system.cpp.o[0m
[100%] [32m[1mLinking CXX shared library libackermann_hardware.so[0m
[100%] Built target ackermann_hardware
-- Install configuration: ""
-- Execute custom install script
-- Symlinking: /home/hurs1/ackermann_ws/install/ackermann_hardware/share/ackermann_hardware//ackermann_hardware.xml
-- Symlinking: /home/hurs1/ackermann_ws/install/ackermann_hardware/include/ackermann_hardware/ackermann_hardware/ackermann_system.hpp
-- Symlinking: /home/hurs1/ackermann_ws/install/ackermann_hardware/include/ackermann_hardware/ackermann_hardware/drive_wheel.hpp
-- Symlinking: /home/hurs1/ackermann_ws/install/ackermann_hardware/include/ackermann_hardware/ackermann_hardware/i2c_comms.hpp
-- Symlinking: /home/hurs1/ackermann_ws/install/ackermann_hardware/include/ackermann_hardware/ackermann_hardware/serial_comms.hpp
-- Symlinking: /home/hurs1/ackermann_ws/install/ackermann_hardware/include/ackermann_hardware/ackermann_hardware/steering_wheel.hpp
-- Symlinking: /home/hurs1/ackermann_ws/install/ackermann_hardware/include/ackermann_hardware/ackermann_hardware/visibility_control.h
-- Symlinking: /home/hurs1/ackermann_ws/install/ackermann_hardware/share/ackermann_hardware/environment/library_path.sh
-- Symlinking: /home/hurs1/ackermann_ws/install/ackermann_hardware/share/ackermann_hardware/environment/library_path.dsv
-- Symlinking: /home/hurs1/ackermann_ws/install/ackermann_hardware/share/ament_index/resource_index/package_run_dependencies/ackermann_hardware
-- Symlinking: /home/hurs1/ackermann_ws/install/ackermann_hardware/share/ament_index/resource_index/parent_prefix_path/ackermann_hardware
-- Symlinking: /home/hurs1/ackermann_ws/install/ackermann_hardware/share/ackermann_hardware/environment/ament_prefix_path.sh
-- Symlinking: /home/hurs1/ackermann_ws/install/ackermann_hardware/share/ackermann_hardware/environment/ament_prefix_path.dsv
-- Symlinking: /home/hurs1/ackermann_ws/install/ackermann_hardware/share/ackermann_hardware/environment/path.sh
-- Symlinking: /home/hurs1/ackermann_ws/install/ackermann_hardware/share/ackermann_hardware/environment/path.dsv
-- Symlinking: /home/hurs1/ackermann_ws/install/ackermann_hardware/share/ackermann_hardware/local_setup.bash
-- Symlinking: /home/hurs1/ackermann_ws/install/ackermann_hardware/share/ackermann_hardware/local_setup.sh
-- Symlinking: /home/hurs1/ackermann_ws/install/ackermann_hardware/share/ackermann_hardware/local_setup.zsh
-- Symlinking: /home/hurs1/ackermann_ws/install/ackermann_hardware/share/ackermann_hardware/local_setup.dsv
-- Symlinking: /home/hurs1/ackermann_ws/install/ackermann_hardware/share/ackermann_hardware/package.dsv
-- Symlinking: /home/hurs1/ackermann_ws/install/ackermann_hardware/share/ament_index/resource_index/packages/ackermann_hardware
-- Symlinking: /home/hurs1/ackermann_ws/install/ackermann_hardware/share/ament_index/resource_index/hardware_interface__pluginlib__plugin/ackermann_hardware
-- Symlinking: /home/hurs1/ackermann_ws/install/ackermann_hardware/share/ackermann_hardware/cmake/ament_cmake_export_targets-extras.cmake
-- Symlinking: /home/hurs1/ackermann_ws/install/ackermann_hardware/share/ackermann_hardware/cmake/ament_cmake_export_dependencies-extras.cmake
-- Symlinking: /home/hurs1/ackermann_ws/install/ackermann_hardware/share/ackermann_hardware/cmake/ackermann_hardwareConfig.cmake
-- Symlinking: /home/hurs1/ackermann_ws/install/ackermann_hardware/share/ackermann_hardware/cmake/ackermann_hardwareConfig-version.cmake
-- Symlinking: /home/hurs1/ackermann_ws/install/ackermann_hardware/share/ackermann_hardware/package.xml
-- Installing: /home/hurs1/ackermann_ws/install/ackermann_hardware/lib/libackermann_hardware.so
-- Set runtime path of "/home/hurs1/ackermann_ws/install/ackermann_hardware/lib/libackermann_hardware.so" to ""
-- Installing: /home/hurs1/ackermann_ws/install/ackermann_hardware/share/ackermann_hardware/cmake/export_ackermann_hardwareExport.cmake
-- Installing: /home/hurs1/ackermann_ws/install/ackermann_hardware/share/ackermann_hardware/cmake/export_ackermann_hardwareExport-noconfig.cmake
