[0.019s] Invoking command in '/home/hurs1/ackermann_ws/build/ackermann_hardware': CMAKE_PREFIX_PATH=/home/hurs1/rqt_ws/install/rqt_robot_steering:/opt/ros/humble /usr/bin/cmake /home/hurs1/ackermann_ws/src/ackermann_robot/ackermann_hardware -DAMENT_CMAKE_SYMLINK_INSTALL=1 -DCMAKE_INSTALL_PREFIX=/home/hurs1/ackermann_ws/install/ackermann_hardware
[0.249s] -- The CXX compiler identification is GNU 11.4.0
[0.861s] -- Detecting CXX compiler ABI info
[1.076s] -- Detecting CXX compiler ABI info - done
[1.081s] -- Check for working CXX compiler: /usr/bin/c++ - skipped
[1.103s] -- Detecting CXX compile features
[1.103s] -- Detecting CXX compile features - done
[1.109s] -- Found ament_cmake: 1.3.14 (/opt/ros/humble/share/ament_cmake/cmake)
[1.200s] -- Found Python3: /usr/bin/python3 (found version "3.10.12") found components: Interpreter 
[1.244s] -- Override CMake install command with custom implementation using symlinks instead of copying resources
[1.275s] -- Found hardware_interface: 2.54.0 (/opt/ros/humble/share/hardware_interface/cmake)
[1.521s] -- Found rosidl_generator_c: 3.1.9 (/opt/ros/humble/share/rosidl_generator_c/cmake)
[1.526s] -- Found rosidl_adapter: 3.1.9 (/opt/ros/humble/share/rosidl_adapter/cmake)
[1.534s] -- Found rosidl_generator_cpp: 3.1.9 (/opt/ros/humble/share/rosidl_generator_cpp/cmake)
[1.547s] -- Using all available rosidl_typesupport_c: rosidl_typesupport_fastrtps_c;rosidl_typesupport_introspection_c
[1.563s] -- Using all available rosidl_typesupport_cpp: rosidl_typesupport_fastrtps_cpp;rosidl_typesupport_introspection_cpp
[4.285s] -- Found rmw_implementation_cmake: 6.1.3 (/opt/ros/humble/share/rmw_implementation_cmake/cmake)
[4.288s] -- Found rmw_fastrtps_cpp: 6.2.10 (/opt/ros/humble/share/rmw_fastrtps_cpp/cmake)
[4.317s] -- Found TinyXML2 via Config file: TinyXML2_DIR-NOTFOUND
[4.344s] -- Found OpenSSL: /usr/lib/x86_64-linux-gnu/libcrypto.so (found version "3.0.2")  
[4.348s] -- Found TinyXML2 via Config file: TinyXML2_DIR-NOTFOUND
[4.842s] -- Found FastRTPS: /opt/ros/humble/include  
[4.845s] -- Found TinyXML2 via Config file: TinyXML2_DIR-NOTFOUND
[4.850s] -- Found TinyXML2 via Config file: TinyXML2_DIR-NOTFOUND
[5.048s] -- Using RMW implementation 'rmw_fastrtps_cpp' as default
[5.059s] -- Looking for C++ include pthread.h
[5.251s] -- Looking for C++ include pthread.h - found
[5.251s] -- Performing Test CMAKE_HAVE_LIBC_PTHREAD
[5.443s] -- Performing Test CMAKE_HAVE_LIBC_PTHREAD - Success
[5.443s] -- Found Threads: TRUE  
[5.498s] -- Found ament_cmake_gtest: 1.3.14 (/opt/ros/humble/share/ament_cmake_gtest/cmake)
[5.540s] -- Configuring done
[5.547s] -- Generating done
[5.550s] -- Build files have been written to: /home/hurs1/ackermann_ws/build/ackermann_hardware
[5.555s] Invoked command in '/home/hurs1/ackermann_ws/build/ackermann_hardware' returned '0': CMAKE_PREFIX_PATH=/home/hurs1/rqt_ws/install/rqt_robot_steering:/opt/ros/humble /usr/bin/cmake /home/hurs1/ackermann_ws/src/ackermann_robot/ackermann_hardware -DAMENT_CMAKE_SYMLINK_INSTALL=1 -DCMAKE_INSTALL_PREFIX=/home/hurs1/ackermann_ws/install/ackermann_hardware
[5.556s] Invoking command in '/home/hurs1/ackermann_ws/build/ackermann_hardware': CMAKE_PREFIX_PATH=/home/hurs1/rqt_ws/install/rqt_robot_steering:/opt/ros/humble /usr/bin/cmake --build /home/hurs1/ackermann_ws/build/ackermann_hardware -- -j24 -l24
[5.581s] [ 50%] [32mBuilding CXX object CMakeFiles/ackermann_hardware.dir/src/ackermann_system.cpp.o[0m
[7.781s] [100%] [32m[1mLinking CXX shared library libackermann_hardware.so[0m
[8.088s] [100%] Built target ackermann_hardware
[8.093s] Invoked command in '/home/hurs1/ackermann_ws/build/ackermann_hardware' returned '0': CMAKE_PREFIX_PATH=/home/hurs1/rqt_ws/install/rqt_robot_steering:/opt/ros/humble /usr/bin/cmake --build /home/hurs1/ackermann_ws/build/ackermann_hardware -- -j24 -l24
[8.095s] Invoking command in '/home/hurs1/ackermann_ws/build/ackermann_hardware': CMAKE_PREFIX_PATH=/home/hurs1/rqt_ws/install/rqt_robot_steering:/opt/ros/humble /usr/bin/cmake --install /home/hurs1/ackermann_ws/build/ackermann_hardware
[8.098s] -- Install configuration: ""
[8.098s] -- Execute custom install script
[8.098s] -- Symlinking: /home/hurs1/ackermann_ws/install/ackermann_hardware/share/ackermann_hardware//ackermann_hardware.xml
[8.103s] -- Symlinking: /home/hurs1/ackermann_ws/install/ackermann_hardware/include/ackermann_hardware/ackermann_hardware/ackermann_system.hpp
[8.107s] -- Symlinking: /home/hurs1/ackermann_ws/install/ackermann_hardware/include/ackermann_hardware/ackermann_hardware/drive_wheel.hpp
[8.111s] -- Symlinking: /home/hurs1/ackermann_ws/install/ackermann_hardware/include/ackermann_hardware/ackermann_hardware/i2c_comms.hpp
[8.116s] -- Symlinking: /home/hurs1/ackermann_ws/install/ackermann_hardware/include/ackermann_hardware/ackermann_hardware/serial_comms.hpp
[8.120s] -- Symlinking: /home/hurs1/ackermann_ws/install/ackermann_hardware/include/ackermann_hardware/ackermann_hardware/steering_wheel.hpp
[8.124s] -- Symlinking: /home/hurs1/ackermann_ws/install/ackermann_hardware/include/ackermann_hardware/ackermann_hardware/visibility_control.h
[8.128s] -- Symlinking: /home/hurs1/ackermann_ws/install/ackermann_hardware/share/ackermann_hardware/environment/library_path.sh
[8.132s] -- Symlinking: /home/hurs1/ackermann_ws/install/ackermann_hardware/share/ackermann_hardware/environment/library_path.dsv
[8.136s] -- Symlinking: /home/hurs1/ackermann_ws/install/ackermann_hardware/share/ament_index/resource_index/package_run_dependencies/ackermann_hardware
[8.141s] -- Symlinking: /home/hurs1/ackermann_ws/install/ackermann_hardware/share/ament_index/resource_index/parent_prefix_path/ackermann_hardware
[8.145s] -- Symlinking: /home/hurs1/ackermann_ws/install/ackermann_hardware/share/ackermann_hardware/environment/ament_prefix_path.sh
[8.149s] -- Symlinking: /home/hurs1/ackermann_ws/install/ackermann_hardware/share/ackermann_hardware/environment/ament_prefix_path.dsv
[8.152s] -- Symlinking: /home/hurs1/ackermann_ws/install/ackermann_hardware/share/ackermann_hardware/environment/path.sh
[8.156s] -- Symlinking: /home/hurs1/ackermann_ws/install/ackermann_hardware/share/ackermann_hardware/environment/path.dsv
[8.160s] -- Symlinking: /home/hurs1/ackermann_ws/install/ackermann_hardware/share/ackermann_hardware/local_setup.bash
[8.164s] -- Symlinking: /home/hurs1/ackermann_ws/install/ackermann_hardware/share/ackermann_hardware/local_setup.sh
[8.168s] -- Symlinking: /home/hurs1/ackermann_ws/install/ackermann_hardware/share/ackermann_hardware/local_setup.zsh
[8.172s] -- Symlinking: /home/hurs1/ackermann_ws/install/ackermann_hardware/share/ackermann_hardware/local_setup.dsv
[8.176s] -- Symlinking: /home/hurs1/ackermann_ws/install/ackermann_hardware/share/ackermann_hardware/package.dsv
[8.180s] -- Symlinking: /home/hurs1/ackermann_ws/install/ackermann_hardware/share/ament_index/resource_index/packages/ackermann_hardware
[8.184s] -- Symlinking: /home/hurs1/ackermann_ws/install/ackermann_hardware/share/ament_index/resource_index/hardware_interface__pluginlib__plugin/ackermann_hardware
[8.188s] -- Symlinking: /home/hurs1/ackermann_ws/install/ackermann_hardware/share/ackermann_hardware/cmake/ament_cmake_export_targets-extras.cmake
[8.192s] -- Symlinking: /home/hurs1/ackermann_ws/install/ackermann_hardware/share/ackermann_hardware/cmake/ament_cmake_export_dependencies-extras.cmake
[8.196s] -- Symlinking: /home/hurs1/ackermann_ws/install/ackermann_hardware/share/ackermann_hardware/cmake/ackermann_hardwareConfig.cmake
[8.200s] -- Symlinking: /home/hurs1/ackermann_ws/install/ackermann_hardware/share/ackermann_hardware/cmake/ackermann_hardwareConfig-version.cmake
[8.204s] -- Symlinking: /home/hurs1/ackermann_ws/install/ackermann_hardware/share/ackermann_hardware/package.xml
[8.208s] -- Installing: /home/hurs1/ackermann_ws/install/ackermann_hardware/lib/libackermann_hardware.so
[8.208s] -- Set runtime path of "/home/hurs1/ackermann_ws/install/ackermann_hardware/lib/libackermann_hardware.so" to ""
[8.208s] -- Installing: /home/hurs1/ackermann_ws/install/ackermann_hardware/share/ackermann_hardware/cmake/export_ackermann_hardwareExport.cmake
[8.208s] -- Installing: /home/hurs1/ackermann_ws/install/ackermann_hardware/share/ackermann_hardware/cmake/export_ackermann_hardwareExport-noconfig.cmake
[8.209s] Invoked command in '/home/hurs1/ackermann_ws/build/ackermann_hardware' returned '0': CMAKE_PREFIX_PATH=/home/hurs1/rqt_ws/install/rqt_robot_steering:/opt/ros/humble /usr/bin/cmake --install /home/hurs1/ackermann_ws/build/ackermann_hardware
