[0.013s] Invoking command in '/home/hurs1/ackermann_ws/build/ackermann_description': CMAKE_PREFIX_PATH=/opt/ros/humble /usr/bin/cmake --build /home/hurs1/ackermann_ws/build/ackermann_description -- -j24 -l24
[0.057s] Invoked command in '/home/hurs1/ackermann_ws/build/ackermann_description' returned '0': CMAKE_PREFIX_PATH=/opt/ros/humble /usr/bin/cmake --build /home/hurs1/ackermann_ws/build/ackermann_description -- -j24 -l24
[0.064s] Invoking command in '/home/hurs1/ackermann_ws/build/ackermann_description': CMAKE_PREFIX_PATH=/opt/ros/humble /usr/bin/cmake --install /home/hurs1/ackermann_ws/build/ackermann_description
[0.068s] -- Install configuration: ""
[0.068s] -- Execute custom install script
[0.069s] -- Up-to-date symlink: /home/hurs1/ackermann_ws/install/ackermann_description/share/ackermann_description/urdf/base.xacro
[0.069s] -- Up-to-date symlink: /home/hurs1/ackermann_ws/install/ackermann_description/share/ackermann_description/urdf/control.xacro
[0.069s] -- Up-to-date symlink: /home/hurs1/ackermann_ws/install/ackermann_description/share/ackermann_description/urdf/robot.xacro
[0.069s] -- Up-to-date symlink: /home/hurs1/ackermann_ws/install/ackermann_description/share/ackermann_description/urdf/sensors.xacro
[0.069s] -- Up-to-date symlink: /home/hurs1/ackermann_ws/install/ackermann_description/share/ackermann_description/meshes/chasis.stl
[0.069s] -- Up-to-date symlink: /home/hurs1/ackermann_ws/install/ackermann_description/share/ackermann_description/meshes/wheel.stl
[0.070s] -- Up-to-date symlink: /home/hurs1/ackermann_ws/install/ackermann_description/share/ament_index/resource_index/package_run_dependencies/ackermann_description
[0.070s] -- Up-to-date symlink: /home/hurs1/ackermann_ws/install/ackermann_description/share/ament_index/resource_index/parent_prefix_path/ackermann_description
[0.070s] -- Up-to-date symlink: /home/hurs1/ackermann_ws/install/ackermann_description/share/ackermann_description/environment/ament_prefix_path.sh
[0.071s] -- Up-to-date symlink: /home/hurs1/ackermann_ws/install/ackermann_description/share/ackermann_description/environment/ament_prefix_path.dsv
[0.071s] -- Up-to-date symlink: /home/hurs1/ackermann_ws/install/ackermann_description/share/ackermann_description/environment/path.sh
[0.071s] -- Up-to-date symlink: /home/hurs1/ackermann_ws/install/ackermann_description/share/ackermann_description/environment/path.dsv
[0.071s] -- Up-to-date symlink: /home/hurs1/ackermann_ws/install/ackermann_description/share/ackermann_description/local_setup.bash
[0.072s] -- Up-to-date symlink: /home/hurs1/ackermann_ws/install/ackermann_description/share/ackermann_description/local_setup.sh
[0.072s] -- Up-to-date symlink: /home/hurs1/ackermann_ws/install/ackermann_description/share/ackermann_description/local_setup.zsh
[0.072s] -- Up-to-date symlink: /home/hurs1/ackermann_ws/install/ackermann_description/share/ackermann_description/local_setup.dsv
[0.072s] -- Symlinking: /home/hurs1/ackermann_ws/install/ackermann_description/share/ackermann_description/package.dsv
[0.078s] -- Up-to-date symlink: /home/hurs1/ackermann_ws/install/ackermann_description/share/ament_index/resource_index/packages/ackermann_description
[0.078s] -- Up-to-date symlink: /home/hurs1/ackermann_ws/install/ackermann_description/share/ackermann_description/cmake/ackermann_descriptionConfig.cmake
[0.078s] -- Up-to-date symlink: /home/hurs1/ackermann_ws/install/ackermann_description/share/ackermann_description/cmake/ackermann_descriptionConfig-version.cmake
[0.079s] -- Up-to-date symlink: /home/hurs1/ackermann_ws/install/ackermann_description/share/ackermann_description/package.xml
[0.080s] Invoked command in '/home/hurs1/ackermann_ws/build/ackermann_description' returned '0': CMAKE_PREFIX_PATH=/opt/ros/humble /usr/bin/cmake --install /home/hurs1/ackermann_ws/build/ackermann_description
