[0.025s] Invoking command in '/home/hurs1/ackermann_ws/build/gz_ros2_control': CMAKE_PREFIX_PATH=/home/hurs1/rqt_ws/install/rqt_robot_steering:/opt/ros/humble /usr/bin/cmake /home/hurs1/ackermann_ws/src/gz_ros2_control/gz_ros2_control -DAMENT_CMAKE_SYMLINK_INSTALL=1 -DCMAKE_INSTALL_PREFIX=/home/hurs1/ackermann_ws/install/gz_ros2_control
[0.257s] -- The C compiler identification is GNU 11.4.0
[0.840s] -- The CXX compiler identification is GNU 11.4.0
[1.338s] -- Detecting C compiler ABI info
[1.481s] -- Detecting C compiler ABI info - done
[1.485s] -- Check for working C compiler: /usr/bin/cc - skipped
[1.485s] -- Detecting C compile features
[1.485s] -- Detecting C compile features - done
[1.487s] -- Detecting CXX compiler ABI info
[1.652s] -- Detecting CXX compiler ABI info - done
[1.656s] -- Check for working CXX compiler: /usr/bin/c++ - skipped
[1.657s] -- Detecting CXX compile features
[1.657s] -- Detecting CXX compile features - done
[1.658s] -- Found ament_cmake: 1.3.14 (/opt/ros/humble/share/ament_cmake/cmake)
[1.743s] -- Found Python3: /usr/bin/python3 (found version "3.10.12") found components: Interpreter 
[1.778s] -- Override CMake install command with custom implementation using symlinks instead of copying resources
[1.791s] -- Found ament_index_cpp: 1.4.1 (/opt/ros/humble/share/ament_index_cpp/cmake)
[1.795s] -- Found controller_manager: 2.54.0 (/opt/ros/humble/share/controller_manager/cmake)
[1.961s] -- Found rosidl_generator_c: 3.1.9 (/opt/ros/humble/share/rosidl_generator_c/cmake)
[1.963s] -- Found rosidl_adapter: 3.1.9 (/opt/ros/humble/share/rosidl_adapter/cmake)
[1.968s] -- Found rosidl_generator_cpp: 3.1.9 (/opt/ros/humble/share/rosidl_generator_cpp/cmake)
[1.974s] -- Using all available rosidl_typesupport_c: rosidl_typesupport_fastrtps_c;rosidl_typesupport_introspection_c
[1.983s] -- Using all available rosidl_typesupport_cpp: rosidl_typesupport_fastrtps_cpp;rosidl_typesupport_introspection_cpp
[4.776s] -- Found rmw_implementation_cmake: 6.1.3 (/opt/ros/humble/share/rmw_implementation_cmake/cmake)
[4.777s] -- Found rmw_fastrtps_cpp: 6.2.10 (/opt/ros/humble/share/rmw_fastrtps_cpp/cmake)
[4.792s] -- Found TinyXML2 via Config file: TinyXML2_DIR-NOTFOUND
[4.817s] -- Found OpenSSL: /usr/lib/x86_64-linux-gnu/libcrypto.so (found version "3.0.2")  
[4.819s] -- Found TinyXML2 via Config file: TinyXML2_DIR-NOTFOUND
[5.160s] -- Found FastRTPS: /opt/ros/humble/include  
[5.162s] -- Found TinyXML2 via Config file: TinyXML2_DIR-NOTFOUND
[5.166s] -- Found TinyXML2 via Config file: TinyXML2_DIR-NOTFOUND
[5.362s] -- Using RMW implementation 'rmw_fastrtps_cpp' as default
[5.369s] -- Looking for pthread.h
[5.601s] -- Looking for pthread.h - found
[5.602s] -- Performing Test CMAKE_HAVE_LIBC_PTHREAD
[5.853s] -- Performing Test CMAKE_HAVE_LIBC_PTHREAD - Success
[5.854s] -- Found Threads: TRUE  
[5.918s] -- Found yaml_cpp_vendor: 8.0.2 (/opt/ros/humble/share/yaml_cpp_vendor/cmake)
[5.923s] -- Looking for ignition-gazebo6 -- found version 6.18.0
[5.933s] -- Searching for dependencies of ignition-gazebo6
[5.934s] -- Looking for sdformat12 -- found version 12.9.0
[5.934s] -- Searching for dependencies of sdformat12
[5.938s] -- Checking for module 'tinyxml2'
[5.945s] --   Found tinyxml2, version 9.0.0
[5.963s] -- Looking for ignition-math6 -- found version 6.16.0
[5.964s] -- Searching for dependencies of ignition-math6
[5.966s] -- Looking for ignition-utils1 -- found version 1.5.1
[5.966s] -- Searching for dependencies of ignition-utils1
[5.969s] -- Looking for ignition-plugin1 -- found version 1.4.0
[5.969s] -- Searching for dependencies of ignition-plugin1
[5.969s] -- Searching for <ignition-plugin1> component [loader]
[5.970s] -- Looking for ignition-plugin1-loader -- found version 1.4.0
[5.971s] -- Searching for dependencies of ignition-plugin1-loader
[5.971s] -- Searching for <ignition-plugin1> component [register]
[5.973s] -- Looking for ignition-plugin1-register -- found version 1.4.0
[5.974s] -- Searching for dependencies of ignition-plugin1-register
[5.976s] -- Looking for ignition-transport11 -- found version 11.4.2
[5.977s] -- Searching for dependencies of ignition-transport11
[9.255s] -- Found Protobuf: /usr/lib/x86_64-linux-gnu/libprotobuf.so (found version "3.12.4") 
[12.471s] -- Config-file not installed for ZeroMQ -- checking for pkg-config
[12.474s] -- Checking for module 'libzmq >= 4'
[12.484s] --   Found libzmq , version 4.3.4
[12.501s] -- Found ZeroMQ: TRUE (Required is at least version "4") 
[12.588s] -- Checking for module 'uuid'
[12.595s] --   Found uuid, version 2.37.2
[12.610s] -- Found UUID: TRUE  
[12.610s] -- Looking for ignition-utils1 -- found version 1.5.1
[12.611s] -- Searching for dependencies of ignition-utils1
[12.611s] -- Searching for <ignition-utils1> component [cli]
[12.613s] -- Looking for ignition-utils1-cli -- found version 1.5.1
[12.613s] -- Searching for dependencies of ignition-utils1-cli
[12.616s] -- Looking for ignition-msgs8 -- found version 8.7.1
[12.616s] -- Searching for dependencies of ignition-msgs8
[15.088s] -- Looking for ignition-math6 -- found version 6.16.0
[15.255s] -- Searching for <ignition-transport11> component [log]
[15.256s] -- Looking for ignition-transport11-log -- found version 11.4.2
[15.256s] -- Searching for dependencies of ignition-transport11-log
[15.257s] -- Searching for <ignition-transport11> component [parameters]
[15.259s] -- Looking for ignition-transport11-parameters -- found version 11.4.2
[15.259s] -- Searching for dependencies of ignition-transport11-parameters
[15.260s] -- Looking for ignition-msgs8 -- found version 8.7.1
[15.262s] -- Looking for ignition-common4 -- found version 4.8.1
[15.262s] -- Searching for dependencies of ignition-common4
[15.328s] -- Looking for dlfcn.h - found
[15.393s] -- Looking for libdl - found
[15.394s] -- Found DL: TRUE  
[15.544s] -- Searching for <ignition-common4> component [profiler]
[15.546s] -- Looking for ignition-common4-profiler -- found version 4.8.1
[15.546s] -- Searching for dependencies of ignition-common4-profiler
[15.547s] -- Searching for <ignition-common4> component [events]
[15.548s] -- Looking for ignition-common4-events -- found version 4.8.1
[15.549s] -- Searching for dependencies of ignition-common4-events
[15.549s] -- Looking for ignition-math6 -- found version 6.16.0
[15.550s] -- Searching for <ignition-common4> component [av]
[15.551s] -- Looking for ignition-common4-av -- found version 4.8.1
[15.551s] -- Searching for dependencies of ignition-common4-av
[15.555s] -- Checking for module 'libswscale'
[15.563s] --   Found libswscale, version 5.9.100
[15.578s] -- Found SWSCALE: TRUE  
[15.582s] -- Checking for module 'libavdevice >= 56.4.100'
[15.590s] --   Found libavdevice , version 58.13.100
[15.607s] -- Found AVDEVICE: TRUE (Required is at least version "56.4.100") 
[15.611s] -- Checking for module 'libavformat'
[15.617s] --   Found libavformat, version 58.76.100
[15.634s] -- Found AVFORMAT: TRUE  
[15.637s] -- Checking for module 'libavcodec'
[15.644s] --   Found libavcodec, version 58.134.100
[15.661s] -- Found AVCODEC: TRUE  
[15.665s] -- Checking for module 'libavutil'
[15.671s] --   Found libavutil, version 56.70.100
[15.686s] -- Found AVUTIL: TRUE  
[15.690s] -- Looking for ignition-fuel_tools7 -- found version 7.3.1
[15.690s] -- Searching for dependencies of ignition-fuel_tools7
[18.448s] -- Found CURL: /usr/lib/x86_64-linux-gnu/libcurl.so (found version "7.81.0")  
[18.461s] -- Checking for module 'jsoncpp'
[18.467s] --   Found jsoncpp, version 1.9.5
[18.483s] -- Found JSONCPP: TRUE  
[18.490s] -- Checking for module 'libzip'
[18.496s] --   Found libzip, version 1.7.3
[18.512s] -- Found ZIP: TRUE  
[18.513s] -- Looking for ignition-common4 -- found version 4.8.1
[18.513s] -- Looking for ignition-math6 -- found version 6.16.0
[18.513s] -- Looking for ignition-msgs8 -- found version 8.7.1
[18.517s] -- Looking for ignition-gui6 -- found version 6.9.0
[18.517s] -- Searching for dependencies of ignition-gui6
[21.027s] -- Looking for ignition-math6 -- found version 6.16.0
[21.027s] -- Looking for ignition-common4 -- found version 4.8.1
[21.028s] -- Looking for ignition-plugin1 -- found version 1.4.0
[21.028s] -- Looking for ignition-transport11 -- found version 11.4.2
[21.029s] -- Looking for ignition-rendering6 -- found version 6.6.4
[21.029s] -- Searching for dependencies of ignition-rendering6
[21.029s] -- Looking for ignition-math6 -- found version 6.16.0
[21.030s] -- Searching for dependencies of ignition-math6
[21.030s] -- Searching for <ignition-math6> component [eigen3]
[21.031s] -- Looking for ignition-math6-eigen3 -- found version 6.16.0
[21.031s] -- Searching for dependencies of ignition-math6-eigen3
[21.058s] -- Looking for ignition-common4 -- found version 4.8.1
[21.058s] -- Searching for dependencies of ignition-common4
[21.059s] -- Looking for dlfcn.h - found
[21.059s] -- Looking for libdl - found
[21.144s] -- Searching for <ignition-common4> component [graphics]
[21.147s] -- Looking for ignition-common4-graphics -- found version 4.8.1
[21.147s] -- Searching for dependencies of ignition-common4-graphics
[21.147s] -- Looking for ignition-math6 -- found version 6.16.0
[21.147s] -- Looking for ignition-utils1 -- found version 1.5.1
[21.148s] -- Searching for <ignition-common4> component [events]
[21.149s] -- Looking for ignition-plugin1 -- found version 1.4.0
[21.149s] -- Searching for dependencies of ignition-plugin1
[21.149s] -- Searching for <ignition-plugin1> component [all]
[21.150s] -- Looking for all libraries of ignition-plugin1 -- found version 1.4.0
[21.151s] -- Looking for ignition-plugin1 -- found version 1.4.0
[21.152s] -- Looking for ignition-msgs8 -- found version 8.7.1
[21.424s] -- Looking for ignition-physics5 -- found version 5.4.0
[21.424s] -- Searching for dependencies of ignition-physics5
[21.424s] -- Looking for ignition-math6 -- found version 6.16.0
[21.424s] -- Looking for ignition-plugin1 -- found version 1.4.0
[21.425s] -- Looking for ignition-utils1 -- found version 1.5.1
[21.425s] -- Searching for <ignition-physics5> component [heightmap]
[21.426s] -- Looking for ignition-physics5-heightmap -- found version 5.4.0
[21.427s] -- Searching for dependencies of ignition-physics5-heightmap
[21.427s] -- Looking for ignition-common4 -- found version 4.8.1
[21.427s] -- Searching for <ignition-physics5> component [mesh]
[21.428s] -- Looking for ignition-physics5-mesh -- found version 5.4.0
[21.429s] -- Searching for dependencies of ignition-physics5-mesh
[21.429s] -- Looking for ignition-common4 -- found version 4.8.1
[21.429s] -- Searching for <ignition-physics5> component [sdf]
[21.430s] -- Looking for ignition-physics5-sdf -- found version 5.4.0
[21.431s] -- Searching for dependencies of ignition-physics5-sdf
[21.431s] -- Looking for sdformat12 -- found version 12.9.0
[21.433s] -- Looking for ignition-sensors6 -- found version 6.9.0
[21.433s] -- Searching for dependencies of ignition-sensors6
[23.718s] -- Looking for ignition-math6 -- found version 6.16.0
[23.718s] -- Looking for ignition-common4 -- found version 4.8.1
[23.718s] -- Looking for ignition-transport11 -- found version 11.4.2
[23.718s] -- Looking for ignition-rendering6 -- found version 6.6.4
[23.718s] -- Looking for ignition-msgs8 -- found version 8.7.1
[23.719s] -- Looking for sdformat12 -- found version 12.9.0
[23.719s] -- Searching for <ignition-sensors6> component [air_pressure]
[23.720s] -- Looking for ignition-sensors6-air_pressure -- found version 6.9.0
[23.720s] -- Searching for dependencies of ignition-sensors6-air_pressure
[23.721s] -- Searching for <ignition-sensors6> component [altimeter]
[23.724s] -- Looking for ignition-sensors6-altimeter -- found version 6.9.0
[23.724s] -- Searching for dependencies of ignition-sensors6-altimeter
[23.724s] -- Searching for <ignition-sensors6> component [imu]
[23.725s] -- Looking for ignition-sensors6-imu -- found version 6.9.0
[23.726s] -- Searching for dependencies of ignition-sensors6-imu
[23.726s] -- Searching for <ignition-sensors6> component [force_torque]
[23.727s] -- Looking for ignition-sensors6-force_torque -- found version 6.9.0
[23.728s] -- Searching for dependencies of ignition-sensors6-force_torque
[23.728s] -- Searching for <ignition-sensors6> component [logical_camera]
[23.729s] -- Looking for ignition-sensors6-logical_camera -- found version 6.9.0
[23.729s] -- Searching for dependencies of ignition-sensors6-logical_camera
[23.730s] -- Searching for <ignition-sensors6> component [magnetometer]
[23.731s] -- Looking for ignition-sensors6-magnetometer -- found version 6.9.0
[23.731s] -- Searching for dependencies of ignition-sensors6-magnetometer
[23.731s] -- Searching for <ignition-sensors6> component [navsat]
[23.733s] -- Looking for ignition-sensors6-navsat -- found version 6.9.0
[23.733s] -- Searching for dependencies of ignition-sensors6-navsat
[23.733s] -- Searching for <ignition-sensors6> component [rendering]
[23.734s] -- Looking for ignition-sensors6-rendering -- found version 6.9.0
[23.735s] -- Searching for dependencies of ignition-sensors6-rendering
[23.735s] -- Searching for <ignition-sensors6> component [lidar]
[23.736s] -- Looking for ignition-sensors6-lidar -- found version 6.9.0
[23.736s] -- Searching for dependencies of ignition-sensors6-lidar
[23.736s] -- Looking for ignition-sensors6 -- found version 6.9.0
[23.737s] -- Searching for <ignition-sensors6> component [gpu_lidar]
[23.738s] -- Looking for ignition-sensors6-gpu_lidar -- found version 6.9.0
[23.738s] -- Searching for dependencies of ignition-sensors6-gpu_lidar
[23.738s] -- Looking for ignition-sensors6 -- found version 6.9.0
[23.739s] -- Searching for <ignition-sensors6> component [camera]
[23.740s] -- Looking for ignition-sensors6-camera -- found version 6.9.0
[23.740s] -- Searching for dependencies of ignition-sensors6-camera
[23.740s] -- Looking for ignition-sensors6 -- found version 6.9.0
[23.741s] -- Searching for <ignition-sensors6> component [boundingbox_camera]
[23.742s] -- Looking for ignition-sensors6-boundingbox_camera -- found version 6.9.0
[23.742s] -- Searching for dependencies of ignition-sensors6-boundingbox_camera
[23.742s] -- Searching for <ignition-sensors6> component [segmentation_camera]
[23.744s] -- Looking for ignition-sensors6-segmentation_camera -- found version 6.9.0
[23.745s] -- Searching for dependencies of ignition-sensors6-segmentation_camera
[23.745s] -- Searching for <ignition-sensors6> component [depth_camera]
[23.747s] -- Looking for ignition-sensors6-depth_camera -- found version 6.9.0
[23.747s] -- Searching for dependencies of ignition-sensors6-depth_camera
[23.747s] -- Looking for ignition-sensors6 -- found version 6.9.0
[23.747s] -- Searching for <ignition-sensors6> component [rgbd_camera]
[23.748s] -- Looking for ignition-sensors6-rgbd_camera -- found version 6.9.0
[23.749s] -- Searching for dependencies of ignition-sensors6-rgbd_camera
[23.750s] -- Looking for ignition-sensors6 -- found version 6.9.0
[23.750s] -- Searching for <ignition-sensors6> component [thermal_camera]
[23.751s] -- Looking for ignition-sensors6-thermal_camera -- found version 6.9.0
[23.751s] -- Searching for dependencies of ignition-sensors6-thermal_camera
[23.752s] -- Looking for ignition-sensors6 -- found version 6.9.0
[23.752s] -- Looking for ignition-rendering6 -- found version 6.6.4
[23.752s] -- Looking for ignition-math6 -- found version 6.16.0
[23.777s] -- Looking for ignition-utils1 -- found version 1.5.1
[25.912s] -- Compiling against Gazebo fortress
[25.913s] -- Looking for ignition-plugin1 -- found version 1.4.0
[25.981s] -- Configuring done
[26.008s] -- Generating done
[26.013s] -- Build files have been written to: /home/hurs1/ackermann_ws/build/gz_ros2_control
[26.023s] Invoked command in '/home/hurs1/ackermann_ws/build/gz_ros2_control' returned '0': CMAKE_PREFIX_PATH=/home/hurs1/rqt_ws/install/rqt_robot_steering:/opt/ros/humble /usr/bin/cmake /home/hurs1/ackermann_ws/src/gz_ros2_control/gz_ros2_control -DAMENT_CMAKE_SYMLINK_INSTALL=1 -DCMAKE_INSTALL_PREFIX=/home/hurs1/ackermann_ws/install/gz_ros2_control
[26.023s] Invoking command in '/home/hurs1/ackermann_ws/build/gz_ros2_control': CMAKE_PREFIX_PATH=/home/hurs1/rqt_ws/install/rqt_robot_steering:/opt/ros/humble /usr/bin/cmake --build /home/hurs1/ackermann_ws/build/gz_ros2_control -- -j24 -l24
[26.049s] [ 16%] [32mBuilding CXX object CMakeFiles/gz_ros2_control-system.dir/src/gz_ros2_control_plugin.cpp.o[0m
[26.049s] [ 33%] [32mBuilding CXX object CMakeFiles/ign_ros2_control-system.dir/src/gz_ros2_control_plugin.cpp.o[0m
[26.049s] [ 50%] [32mBuilding CXX object CMakeFiles/gz_hardware_plugins.dir/src/gz_system.cpp.o[0m
[33.591s] [ 66%] [32m[1mLinking CXX shared library libgz_ros2_control-system.so[0m
[33.596s] [ 83%] [32m[1mLinking CXX shared library libign_ros2_control-system.so[0m
[33.608s] [100%] [32m[1mLinking CXX shared library libgz_hardware_plugins.so[0m
[34.111s] [100%] Built target gz_ros2_control-system
[34.113s] [100%] Built target ign_ros2_control-system
[34.115s] [100%] Built target gz_hardware_plugins
[34.135s] Invoked command in '/home/hurs1/ackermann_ws/build/gz_ros2_control' returned '0': CMAKE_PREFIX_PATH=/home/hurs1/rqt_ws/install/rqt_robot_steering:/opt/ros/humble /usr/bin/cmake --build /home/hurs1/ackermann_ws/build/gz_ros2_control -- -j24 -l24
[34.137s] Invoking command in '/home/hurs1/ackermann_ws/build/gz_ros2_control': CMAKE_PREFIX_PATH=/home/hurs1/rqt_ws/install/rqt_robot_steering:/opt/ros/humble /usr/bin/cmake --install /home/hurs1/ackermann_ws/build/gz_ros2_control
[34.140s] -- Install configuration: ""
[34.140s] -- Execute custom install script
[34.141s] -- Symlinking: /home/hurs1/ackermann_ws/install/gz_ros2_control/lib/libgz_hardware_plugins.so
[34.145s] -- Symlinking: /home/hurs1/ackermann_ws/install/gz_ros2_control/include/gz_ros2_control/gz_ros2_control_plugin.hpp
[34.149s] -- Symlinking: /home/hurs1/ackermann_ws/install/gz_ros2_control/include/gz_ros2_control/gz_system.hpp
[34.153s] -- Symlinking: /home/hurs1/ackermann_ws/install/gz_ros2_control/include/gz_ros2_control/gz_system_interface.hpp
[34.157s] -- Symlinking: /home/hurs1/ackermann_ws/install/gz_ros2_control/share/gz_ros2_control/environment/library_path.sh
[34.161s] -- Symlinking: /home/hurs1/ackermann_ws/install/gz_ros2_control/share/gz_ros2_control/environment/library_path.dsv
[34.165s] -- Symlinking: /home/hurs1/ackermann_ws/install/gz_ros2_control/lib/libgz_ros2_control-system.so
[34.169s] -- Symlinking: /home/hurs1/ackermann_ws/install/gz_ros2_control/lib/libign_ros2_control-system.so
[34.172s] -- Symlinking: /home/hurs1/ackermann_ws/install/gz_ros2_control/share/gz_ros2_control//gz_hardware_plugins.xml
[34.176s] -- Symlinking: /home/hurs1/ackermann_ws/install/gz_ros2_control/share/gz_ros2_control/environment/gz_ros2_control.dsv
[34.180s] -- Symlinking: /home/hurs1/ackermann_ws/install/gz_ros2_control/share/ament_index/resource_index/package_run_dependencies/gz_ros2_control
[34.184s] -- Symlinking: /home/hurs1/ackermann_ws/install/gz_ros2_control/share/ament_index/resource_index/parent_prefix_path/gz_ros2_control
[34.187s] -- Symlinking: /home/hurs1/ackermann_ws/install/gz_ros2_control/share/gz_ros2_control/environment/ament_prefix_path.sh
[34.191s] -- Symlinking: /home/hurs1/ackermann_ws/install/gz_ros2_control/share/gz_ros2_control/environment/ament_prefix_path.dsv
[34.195s] -- Symlinking: /home/hurs1/ackermann_ws/install/gz_ros2_control/share/gz_ros2_control/environment/path.sh
[34.198s] -- Symlinking: /home/hurs1/ackermann_ws/install/gz_ros2_control/share/gz_ros2_control/environment/path.dsv
[34.205s] -- Symlinking: /home/hurs1/ackermann_ws/install/gz_ros2_control/share/gz_ros2_control/local_setup.bash
[34.210s] -- Symlinking: /home/hurs1/ackermann_ws/install/gz_ros2_control/share/gz_ros2_control/local_setup.sh
[34.214s] -- Symlinking: /home/hurs1/ackermann_ws/install/gz_ros2_control/share/gz_ros2_control/local_setup.zsh
[34.218s] -- Symlinking: /home/hurs1/ackermann_ws/install/gz_ros2_control/share/gz_ros2_control/local_setup.dsv
[34.224s] -- Symlinking: /home/hurs1/ackermann_ws/install/gz_ros2_control/share/gz_ros2_control/package.dsv
[34.228s] -- Symlinking: /home/hurs1/ackermann_ws/install/gz_ros2_control/share/ament_index/resource_index/packages/gz_ros2_control
[34.232s] -- Symlinking: /home/hurs1/ackermann_ws/install/gz_ros2_control/share/ament_index/resource_index/gz_ros2_control__pluginlib__plugin/gz_ros2_control
[34.236s] -- Symlinking: /home/hurs1/ackermann_ws/install/gz_ros2_control/share/gz_ros2_control/cmake/ament_cmake_export_include_directories-extras.cmake
[34.241s] -- Symlinking: /home/hurs1/ackermann_ws/install/gz_ros2_control/share/gz_ros2_control/cmake/ament_cmake_export_libraries-extras.cmake
[34.244s] -- Symlinking: /home/hurs1/ackermann_ws/install/gz_ros2_control/share/gz_ros2_control/cmake/gz_ros2_controlConfig.cmake
[34.248s] -- Symlinking: /home/hurs1/ackermann_ws/install/gz_ros2_control/share/gz_ros2_control/cmake/gz_ros2_controlConfig-version.cmake
[34.252s] -- Symlinking: /home/hurs1/ackermann_ws/install/gz_ros2_control/share/gz_ros2_control/package.xml
[34.257s] Invoked command in '/home/hurs1/ackermann_ws/build/gz_ros2_control' returned '0': CMAKE_PREFIX_PATH=/home/hurs1/rqt_ws/install/rqt_robot_steering:/opt/ros/humble /usr/bin/cmake --install /home/hurs1/ackermann_ws/build/gz_ros2_control
