[1.504s] Invoking command in '/home/hurs1/ackermann_ws/build/ackermann_simulation': AMENT_PREFIX_PATH=/home/hurs1/ackermann_ws/install/ackermann_bringup:/home/hurs1/ackermann_ws/install/gz_ros2_control:/home/hurs1/ackermann_ws/install/ackermann_hardware:/home/hurs1/ackermann_ws/install/ackermann_description:${AMENT_PREFIX_PATH} CMAKE_PREFIX_PATH=/home/hurs1/ackermann_ws/install/ackermann_bringup:/home/hurs1/ackermann_ws/install/gz_ros2_control:/home/hurs1/ackermann_ws/install/ackermann_hardware:/home/hurs1/ackermann_ws/install/ackermann_description:/opt/ros/humble LD_LIBRARY_PATH=/home/hurs1/ackermann_ws/install/gz_ros2_control/lib:/home/hurs1/ackermann_ws/install/ackermann_hardware/lib:${LD_LIBRARY_PATH} /usr/bin/cmake --build /home/hurs1/ackermann_ws/build/ackermann_simulation -- -j24 -l24
[1.526s] Invoked command in '/home/hurs1/ackermann_ws/build/ackermann_simulation' returned '0': AMENT_PREFIX_PATH=/home/hurs1/ackermann_ws/install/ackermann_bringup:/home/hurs1/ackermann_ws/install/gz_ros2_control:/home/hurs1/ackermann_ws/install/ackermann_hardware:/home/hurs1/ackermann_ws/install/ackermann_description:${AMENT_PREFIX_PATH} CMAKE_PREFIX_PATH=/home/hurs1/ackermann_ws/install/ackermann_bringup:/home/hurs1/ackermann_ws/install/gz_ros2_control:/home/hurs1/ackermann_ws/install/ackermann_hardware:/home/hurs1/ackermann_ws/install/ackermann_description:/opt/ros/humble LD_LIBRARY_PATH=/home/hurs1/ackermann_ws/install/gz_ros2_control/lib:/home/hurs1/ackermann_ws/install/ackermann_hardware/lib:${LD_LIBRARY_PATH} /usr/bin/cmake --build /home/hurs1/ackermann_ws/build/ackermann_simulation -- -j24 -l24
[1.527s] Invoking command in '/home/hurs1/ackermann_ws/build/ackermann_simulation': AMENT_PREFIX_PATH=/home/hurs1/ackermann_ws/install/ackermann_bringup:/home/hurs1/ackermann_ws/install/gz_ros2_control:/home/hurs1/ackermann_ws/install/ackermann_hardware:/home/hurs1/ackermann_ws/install/ackermann_description:${AMENT_PREFIX_PATH} CMAKE_PREFIX_PATH=/home/hurs1/ackermann_ws/install/ackermann_bringup:/home/hurs1/ackermann_ws/install/gz_ros2_control:/home/hurs1/ackermann_ws/install/ackermann_hardware:/home/hurs1/ackermann_ws/install/ackermann_description:/opt/ros/humble LD_LIBRARY_PATH=/home/hurs1/ackermann_ws/install/gz_ros2_control/lib:/home/hurs1/ackermann_ws/install/ackermann_hardware/lib:${LD_LIBRARY_PATH} /usr/bin/cmake --install /home/hurs1/ackermann_ws/build/ackermann_simulation
[1.531s] -- Install configuration: ""
[1.531s] -- Execute custom install script
[1.531s] -- Up-to-date symlink: /home/hurs1/ackermann_ws/install/ackermann_simulation/share/ackermann_simulation/launch/__pycache__/sim.launch.cpython-310.pyc
[1.532s] -- Up-to-date symlink: /home/hurs1/ackermann_ws/install/ackermann_simulation/share/ackermann_simulation/launch/sim.launch.py
[1.532s] -- Up-to-date symlink: /home/hurs1/ackermann_ws/install/ackermann_simulation/share/ackermann_simulation/config/gz_bridge.yaml
[1.532s] -- Up-to-date symlink: /home/hurs1/ackermann_ws/install/ackermann_simulation/share/ackermann_simulation/config/gz_control_sim_time.yaml
[1.532s] -- Up-to-date symlink: /home/hurs1/ackermann_ws/install/ackermann_simulation/share/ackermann_simulation/worlds/empty.sdf
[1.532s] -- Up-to-date symlink: /home/hurs1/ackermann_ws/install/ackermann_simulation/share/ackermann_simulation/worlds/maze.sdf
[1.533s] -- Up-to-date symlink: /home/hurs1/ackermann_ws/install/ackermann_simulation/share/ackermann_simulation/worlds/warehouse.sdf
[1.533s] -- Up-to-date symlink: /home/hurs1/ackermann_ws/install/ackermann_simulation/share/ament_index/resource_index/package_run_dependencies/ackermann_simulation
[1.533s] -- Up-to-date symlink: /home/hurs1/ackermann_ws/install/ackermann_simulation/share/ament_index/resource_index/parent_prefix_path/ackermann_simulation
[1.533s] -- Up-to-date symlink: /home/hurs1/ackermann_ws/install/ackermann_simulation/share/ackermann_simulation/environment/ament_prefix_path.sh
[1.533s] -- Up-to-date symlink: /home/hurs1/ackermann_ws/install/ackermann_simulation/share/ackermann_simulation/environment/ament_prefix_path.dsv
[1.533s] -- Up-to-date symlink: /home/hurs1/ackermann_ws/install/ackermann_simulation/share/ackermann_simulation/environment/path.sh
[1.533s] -- Up-to-date symlink: /home/hurs1/ackermann_ws/install/ackermann_simulation/share/ackermann_simulation/environment/path.dsv
[1.533s] -- Up-to-date symlink: /home/hurs1/ackermann_ws/install/ackermann_simulation/share/ackermann_simulation/local_setup.bash
[1.533s] -- Up-to-date symlink: /home/hurs1/ackermann_ws/install/ackermann_simulation/share/ackermann_simulation/local_setup.sh
[1.533s] -- Up-to-date symlink: /home/hurs1/ackermann_ws/install/ackermann_simulation/share/ackermann_simulation/local_setup.zsh
[1.533s] -- Up-to-date symlink: /home/hurs1/ackermann_ws/install/ackermann_simulation/share/ackermann_simulation/local_setup.dsv
[1.533s] -- Symlinking: /home/hurs1/ackermann_ws/install/ackermann_simulation/share/ackermann_simulation/package.dsv
[1.538s] -- Up-to-date symlink: /home/hurs1/ackermann_ws/install/ackermann_simulation/share/ament_index/resource_index/packages/ackermann_simulation
[1.538s] -- Up-to-date symlink: /home/hurs1/ackermann_ws/install/ackermann_simulation/share/ackermann_simulation/cmake/ackermann_simulationConfig.cmake
[1.538s] -- Up-to-date symlink: /home/hurs1/ackermann_ws/install/ackermann_simulation/share/ackermann_simulation/cmake/ackermann_simulationConfig-version.cmake
[1.538s] -- Up-to-date symlink: /home/hurs1/ackermann_ws/install/ackermann_simulation/share/ackermann_simulation/package.xml
[1.539s] Invoked command in '/home/hurs1/ackermann_ws/build/ackermann_simulation' returned '0': AMENT_PREFIX_PATH=/home/hurs1/ackermann_ws/install/ackermann_bringup:/home/hurs1/ackermann_ws/install/gz_ros2_control:/home/hurs1/ackermann_ws/install/ackermann_hardware:/home/hurs1/ackermann_ws/install/ackermann_description:${AMENT_PREFIX_PATH} CMAKE_PREFIX_PATH=/home/hurs1/ackermann_ws/install/ackermann_bringup:/home/hurs1/ackermann_ws/install/gz_ros2_control:/home/hurs1/ackermann_ws/install/ackermann_hardware:/home/hurs1/ackermann_ws/install/ackermann_description:/opt/ros/humble LD_LIBRARY_PATH=/home/hurs1/ackermann_ws/install/gz_ros2_control/lib:/home/hurs1/ackermann_ws/install/ackermann_hardware/lib:${LD_LIBRARY_PATH} /usr/bin/cmake --install /home/hurs1/ackermann_ws/build/ackermann_simulation
