[0.757s] Invoking command in '/home/hurs1/ackermann_ws/build/ackermann_bringup': AMENT_PREFIX_PATH=/home/hurs1/ackermann_ws/install/ackermann_hardware:/home/hurs1/ackermann_ws/install/ackermann_description:${AMENT_PREFIX_PATH} CMAKE_PREFIX_PATH=/home/hurs1/ackermann_ws/install/ackermann_hardware:/home/hurs1/ackermann_ws/install/ackermann_description:/opt/ros/humble LD_LIBRARY_PATH=/home/hurs1/ackermann_ws/install/ackermann_hardware/lib:${LD_LIBRARY_PATH} /usr/bin/cmake --build /home/hurs1/ackermann_ws/build/ackermann_bringup -- -j24 -l24
[0.770s] -- Found ament_cmake: 1.3.14 (/opt/ros/humble/share/ament_cmake/cmake)
[0.839s] -- Override CMake install command with custom implementation using symlinks instead of copying resources
[0.846s] -- Found rclcpp: 16.0.19 (/opt/ros/humble/share/rclcpp/cmake)
[1.426s] -- Found rosidl_generator_c: 3.1.9 (/opt/ros/humble/share/rosidl_generator_c/cmake)
[1.430s] -- Found rosidl_adapter: 3.1.9 (/opt/ros/humble/share/rosidl_adapter/cmake)
[1.441s] -- Found rosidl_generator_cpp: 3.1.9 (/opt/ros/humble/share/rosidl_generator_cpp/cmake)
[1.457s] -- Using all available rosidl_typesupport_c: rosidl_typesupport_fastrtps_c;rosidl_typesupport_introspection_c
[1.469s] -- Using all available rosidl_typesupport_cpp: rosidl_typesupport_fastrtps_cpp;rosidl_typesupport_introspection_cpp
[1.505s] -- Found rmw_implementation_cmake: 6.1.3 (/opt/ros/humble/share/rmw_implementation_cmake/cmake)
[1.507s] -- Found rmw_fastrtps_cpp: 6.2.10 (/opt/ros/humble/share/rmw_fastrtps_cpp/cmake)
[29.384s] -- Using RMW implementation 'rmw_fastrtps_cpp' as default
[29.447s] -- Found geometry_msgs: 4.9.2 (/opt/ros/humble/share/geometry_msgs/cmake)
[29.504s] -- Configuring done
[29.509s] -- Generating done
[29.510s] -- Build files have been written to: /home/hurs1/ackermann_ws/build/ackermann_bringup
[29.534s] Invoked command in '/home/hurs1/ackermann_ws/build/ackermann_bringup' returned '0': AMENT_PREFIX_PATH=/home/hurs1/ackermann_ws/install/ackermann_hardware:/home/hurs1/ackermann_ws/install/ackermann_description:${AMENT_PREFIX_PATH} CMAKE_PREFIX_PATH=/home/hurs1/ackermann_ws/install/ackermann_hardware:/home/hurs1/ackermann_ws/install/ackermann_description:/opt/ros/humble LD_LIBRARY_PATH=/home/hurs1/ackermann_ws/install/ackermann_hardware/lib:${LD_LIBRARY_PATH} /usr/bin/cmake --build /home/hurs1/ackermann_ws/build/ackermann_bringup -- -j24 -l24
[29.535s] Invoking command in '/home/hurs1/ackermann_ws/build/ackermann_bringup': AMENT_PREFIX_PATH=/home/hurs1/ackermann_ws/install/ackermann_hardware:/home/hurs1/ackermann_ws/install/ackermann_description:${AMENT_PREFIX_PATH} CMAKE_PREFIX_PATH=/home/hurs1/ackermann_ws/install/ackermann_hardware:/home/hurs1/ackermann_ws/install/ackermann_description:/opt/ros/humble LD_LIBRARY_PATH=/home/hurs1/ackermann_ws/install/ackermann_hardware/lib:${LD_LIBRARY_PATH} /usr/bin/cmake --install /home/hurs1/ackermann_ws/build/ackermann_bringup
[29.540s] -- Install configuration: ""
[29.540s] -- Execute custom install script
[29.541s] -- Up-to-date symlink: /home/hurs1/ackermann_ws/install/ackermann_bringup/share/ackermann_bringup/config/controllers.yaml
[29.541s] -- Up-to-date symlink: /home/hurs1/ackermann_ws/install/ackermann_bringup/share/ackermann_bringup/config/display.rviz
[29.541s] -- Up-to-date symlink: /home/hurs1/ackermann_ws/install/ackermann_bringup/share/ackermann_bringup/config/ekf.yaml
[29.541s] -- Up-to-date symlink: /home/hurs1/ackermann_ws/install/ackermann_bringup/share/ackermann_bringup/config/hardware.yaml
[29.541s] -- Up-to-date symlink: /home/hurs1/ackermann_ws/install/ackermann_bringup/share/ackermann_bringup/config/nav2_amcl.yaml
[29.541s] -- Up-to-date symlink: /home/hurs1/ackermann_ws/install/ackermann_bringup/share/ackermann_bringup/config/nav2_bt.xml
[29.541s] -- Up-to-date symlink: /home/hurs1/ackermann_ws/install/ackermann_bringup/share/ackermann_bringup/config/nav2_bt_through_poses.xml
[29.541s] -- Up-to-date symlink: /home/hurs1/ackermann_ws/install/ackermann_bringup/share/ackermann_bringup/config/nav2_params_amcl.yaml
[29.541s] -- Up-to-date symlink: /home/hurs1/ackermann_ws/install/ackermann_bringup/share/ackermann_bringup/config/slam.yaml
[29.542s] -- Up-to-date symlink: /home/hurs1/ackermann_ws/install/ackermann_bringup/share/ackermann_bringup/launch/__pycache__/nav2.launch.cpython-310.pyc
[29.542s] -- Up-to-date symlink: /home/hurs1/ackermann_ws/install/ackermann_bringup/share/ackermann_bringup/launch/__pycache__/slam_nav.launch.cpython-310.pyc
[29.542s] -- Up-to-date symlink: /home/hurs1/ackermann_ws/install/ackermann_bringup/share/ackermann_bringup/launch/amcl.launch.py
[29.542s] -- Up-to-date symlink: /home/hurs1/ackermann_ws/install/ackermann_bringup/share/ackermann_bringup/launch/camera.launch.py
[29.542s] -- Up-to-date symlink: /home/hurs1/ackermann_ws/install/ackermann_bringup/share/ackermann_bringup/launch/lidar.launch.py
[29.542s] -- Up-to-date symlink: /home/hurs1/ackermann_ws/install/ackermann_bringup/share/ackermann_bringup/launch/nav2.launch.py
[29.542s] -- Up-to-date symlink: /home/hurs1/ackermann_ws/install/ackermann_bringup/share/ackermann_bringup/launch/robot.launch.py
[29.542s] -- Up-to-date symlink: /home/hurs1/ackermann_ws/install/ackermann_bringup/share/ackermann_bringup/launch/rviz.launch.py
[29.542s] -- Up-to-date symlink: /home/hurs1/ackermann_ws/install/ackermann_bringup/share/ackermann_bringup/launch/slam.launch.py
[29.543s] -- Up-to-date symlink: /home/hurs1/ackermann_ws/install/ackermann_bringup/share/ackermann_bringup/launch/slam_nav.launch.py
[29.543s] -- Up-to-date symlink: /home/hurs1/ackermann_ws/install/ackermann_bringup/share/ackermann_bringup/maps/innovation.pgm
[29.543s] -- Up-to-date symlink: /home/hurs1/ackermann_ws/install/ackermann_bringup/share/ackermann_bringup/maps/innovation.yaml
[29.543s] -- Up-to-date symlink: /home/hurs1/ackermann_ws/install/ackermann_bringup/share/ackermann_bringup/maps/warehouse.pgm
[29.543s] -- Up-to-date symlink: /home/hurs1/ackermann_ws/install/ackermann_bringup/share/ackermann_bringup/maps/warehouse.yaml
[29.543s] -- Up-to-date symlink: /home/hurs1/ackermann_ws/install/ackermann_bringup/lib/ackermann_bringup/odom_test.py
[29.543s] -- Up-to-date symlink: /home/hurs1/ackermann_ws/install/ackermann_bringup/lib/ackermann_bringup/circle_test.py
[29.543s] -- Up-to-date symlink: /home/hurs1/ackermann_ws/install/ackermann_bringup/lib/ackermann_bringup/twist_stamper.py
[29.543s] -- Up-to-date symlink: /home/hurs1/ackermann_ws/install/ackermann_bringup/lib/ackermann_bringup/camera_compressor.py
[29.543s] -- Up-to-date symlink: /home/hurs1/ackermann_ws/install/ackermann_bringup/lib/ackermann_bringup/waypoint_follow.py
[29.543s] -- Up-to-date symlink: /home/hurs1/ackermann_ws/install/ackermann_bringup/share/ament_index/resource_index/package_run_dependencies/ackermann_bringup
[29.543s] -- Up-to-date symlink: /home/hurs1/ackermann_ws/install/ackermann_bringup/share/ament_index/resource_index/parent_prefix_path/ackermann_bringup
[29.543s] -- Up-to-date symlink: /home/hurs1/ackermann_ws/install/ackermann_bringup/share/ackermann_bringup/environment/ament_prefix_path.sh
[29.543s] -- Up-to-date symlink: /home/hurs1/ackermann_ws/install/ackermann_bringup/share/ackermann_bringup/environment/ament_prefix_path.dsv
[29.543s] -- Up-to-date symlink: /home/hurs1/ackermann_ws/install/ackermann_bringup/share/ackermann_bringup/environment/path.sh
[29.543s] -- Up-to-date symlink: /home/hurs1/ackermann_ws/install/ackermann_bringup/share/ackermann_bringup/environment/path.dsv
[29.543s] -- Up-to-date symlink: /home/hurs1/ackermann_ws/install/ackermann_bringup/share/ackermann_bringup/local_setup.bash
[29.543s] -- Up-to-date symlink: /home/hurs1/ackermann_ws/install/ackermann_bringup/share/ackermann_bringup/local_setup.sh
[29.543s] -- Up-to-date symlink: /home/hurs1/ackermann_ws/install/ackermann_bringup/share/ackermann_bringup/local_setup.zsh
[29.543s] -- Up-to-date symlink: /home/hurs1/ackermann_ws/install/ackermann_bringup/share/ackermann_bringup/local_setup.dsv
[29.543s] -- Symlinking: /home/hurs1/ackermann_ws/install/ackermann_bringup/share/ackermann_bringup/package.dsv
[29.549s] -- Up-to-date symlink: /home/hurs1/ackermann_ws/install/ackermann_bringup/share/ament_index/resource_index/packages/ackermann_bringup
[29.549s] -- Up-to-date symlink: /home/hurs1/ackermann_ws/install/ackermann_bringup/share/ackermann_bringup/cmake/ackermann_bringupConfig.cmake
[29.549s] -- Up-to-date symlink: /home/hurs1/ackermann_ws/install/ackermann_bringup/share/ackermann_bringup/cmake/ackermann_bringupConfig-version.cmake
[29.549s] -- Up-to-date symlink: /home/hurs1/ackermann_ws/install/ackermann_bringup/share/ackermann_bringup/package.xml
[29.550s] Invoked command in '/home/hurs1/ackermann_ws/build/ackermann_bringup' returned '0': AMENT_PREFIX_PATH=/home/hurs1/ackermann_ws/install/ackermann_hardware:/home/hurs1/ackermann_ws/install/ackermann_description:${AMENT_PREFIX_PATH} CMAKE_PREFIX_PATH=/home/hurs1/ackermann_ws/install/ackermann_hardware:/home/hurs1/ackermann_ws/install/ackermann_description:/opt/ros/humble LD_LIBRARY_PATH=/home/hurs1/ackermann_ws/install/ackermann_hardware/lib:${LD_LIBRARY_PATH} /usr/bin/cmake --install /home/hurs1/ackermann_ws/build/ackermann_bringup
