[0.737s] Invoking command in '/home/hurs1/ackermann_ws/build/ackermann_bringup': AMENT_PREFIX_PATH=/home/hurs1/ackermann_ws/install/ackermann_hardware:/home/hurs1/ackermann_ws/install/ackermann_description:${AMENT_PREFIX_PATH} CMAKE_PREFIX_PATH=/home/hurs1/ackermann_ws/install/ackermann_hardware:/home/hurs1/ackermann_ws/install/ackermann_description:/opt/ros/humble LD_LIBRARY_PATH=/home/hurs1/ackermann_ws/install/ackermann_hardware/lib:${LD_LIBRARY_PATH} /usr/bin/cmake --build /home/hurs1/ackermann_ws/build/ackermann_bringup -- -j24 -l24
[0.777s] -- Found ament_cmake: 1.3.14 (/opt/ros/humble/share/ament_cmake/cmake)
[0.862s] -- Override CMake install command with custom implementation using symlinks instead of copying resources
[0.880s] -- Found rclcpp: 16.0.19 (/opt/ros/humble/share/rclcpp/cmake)
[1.531s] -- Found rosidl_generator_c: 3.1.9 (/opt/ros/humble/share/rosidl_generator_c/cmake)
[1.534s] -- Found rosidl_adapter: 3.1.9 (/opt/ros/humble/share/rosidl_adapter/cmake)
[1.542s] -- Found rosidl_generator_cpp: 3.1.9 (/opt/ros/humble/share/rosidl_generator_cpp/cmake)
[1.554s] -- Using all available rosidl_typesupport_c: rosidl_typesupport_fastrtps_c;rosidl_typesupport_introspection_c
[1.567s] -- Using all available rosidl_typesupport_cpp: rosidl_typesupport_fastrtps_cpp;rosidl_typesupport_introspection_cpp
[1.602s] -- Found rmw_implementation_cmake: 6.1.3 (/opt/ros/humble/share/rmw_implementation_cmake/cmake)
[1.605s] -- Found rmw_fastrtps_cpp: 6.2.10 (/opt/ros/humble/share/rmw_fastrtps_cpp/cmake)
[30.693s] -- Using RMW implementation 'rmw_fastrtps_cpp' as default
[30.746s] -- Found geometry_msgs: 4.9.2 (/opt/ros/humble/share/geometry_msgs/cmake)
[30.808s] -- Configuring done
[30.813s] -- Generating done
[30.814s] -- Build files have been written to: /home/hurs1/ackermann_ws/build/ackermann_bringup
[30.838s] Invoked command in '/home/hurs1/ackermann_ws/build/ackermann_bringup' returned '0': AMENT_PREFIX_PATH=/home/hurs1/ackermann_ws/install/ackermann_hardware:/home/hurs1/ackermann_ws/install/ackermann_description:${AMENT_PREFIX_PATH} CMAKE_PREFIX_PATH=/home/hurs1/ackermann_ws/install/ackermann_hardware:/home/hurs1/ackermann_ws/install/ackermann_description:/opt/ros/humble LD_LIBRARY_PATH=/home/hurs1/ackermann_ws/install/ackermann_hardware/lib:${LD_LIBRARY_PATH} /usr/bin/cmake --build /home/hurs1/ackermann_ws/build/ackermann_bringup -- -j24 -l24
[30.840s] Invoking command in '/home/hurs1/ackermann_ws/build/ackermann_bringup': AMENT_PREFIX_PATH=/home/hurs1/ackermann_ws/install/ackermann_hardware:/home/hurs1/ackermann_ws/install/ackermann_description:${AMENT_PREFIX_PATH} CMAKE_PREFIX_PATH=/home/hurs1/ackermann_ws/install/ackermann_hardware:/home/hurs1/ackermann_ws/install/ackermann_description:/opt/ros/humble LD_LIBRARY_PATH=/home/hurs1/ackermann_ws/install/ackermann_hardware/lib:${LD_LIBRARY_PATH} /usr/bin/cmake --install /home/hurs1/ackermann_ws/build/ackermann_bringup
[30.843s] -- Install configuration: ""
[30.843s] -- Execute custom install script
[30.843s] -- Up-to-date symlink: /home/hurs1/ackermann_ws/install/ackermann_bringup/share/ackermann_bringup/config/controllers.yaml
[30.844s] -- Up-to-date symlink: /home/hurs1/ackermann_ws/install/ackermann_bringup/share/ackermann_bringup/config/display.rviz
[30.844s] -- Up-to-date symlink: /home/hurs1/ackermann_ws/install/ackermann_bringup/share/ackermann_bringup/config/ekf.yaml
[30.844s] -- Up-to-date symlink: /home/hurs1/ackermann_ws/install/ackermann_bringup/share/ackermann_bringup/config/hardware.yaml
[30.844s] -- Up-to-date symlink: /home/hurs1/ackermann_ws/install/ackermann_bringup/share/ackermann_bringup/config/nav2_amcl.yaml
[30.844s] -- Up-to-date symlink: /home/hurs1/ackermann_ws/install/ackermann_bringup/share/ackermann_bringup/config/nav2_bt.xml
[30.844s] -- Up-to-date symlink: /home/hurs1/ackermann_ws/install/ackermann_bringup/share/ackermann_bringup/config/nav2_params_amcl.yaml
[30.844s] -- Up-to-date symlink: /home/hurs1/ackermann_ws/install/ackermann_bringup/share/ackermann_bringup/config/slam.yaml
[30.844s] -- Symlinking: /home/hurs1/ackermann_ws/install/ackermann_bringup/share/ackermann_bringup/launch/__pycache__/nav2.launch.cpython-310.pyc
[30.850s] -- Symlinking: /home/hurs1/ackermann_ws/install/ackermann_bringup/share/ackermann_bringup/launch/__pycache__/slam_nav.launch.cpython-310.pyc
[30.856s] -- Up-to-date symlink: /home/hurs1/ackermann_ws/install/ackermann_bringup/share/ackermann_bringup/launch/amcl.launch.py
[30.856s] -- Up-to-date symlink: /home/hurs1/ackermann_ws/install/ackermann_bringup/share/ackermann_bringup/launch/camera.launch.py
[30.856s] -- Up-to-date symlink: /home/hurs1/ackermann_ws/install/ackermann_bringup/share/ackermann_bringup/launch/lidar.launch.py
[30.856s] -- Up-to-date symlink: /home/hurs1/ackermann_ws/install/ackermann_bringup/share/ackermann_bringup/launch/nav2.launch.py
[30.856s] -- Up-to-date symlink: /home/hurs1/ackermann_ws/install/ackermann_bringup/share/ackermann_bringup/launch/robot.launch.py
[30.856s] -- Up-to-date symlink: /home/hurs1/ackermann_ws/install/ackermann_bringup/share/ackermann_bringup/launch/rviz.launch.py
[30.856s] -- Up-to-date symlink: /home/hurs1/ackermann_ws/install/ackermann_bringup/share/ackermann_bringup/launch/slam.launch.py
[30.856s] -- Symlinking: /home/hurs1/ackermann_ws/install/ackermann_bringup/share/ackermann_bringup/launch/slam_nav.launch.py
[30.862s] -- Up-to-date symlink: /home/hurs1/ackermann_ws/install/ackermann_bringup/share/ackermann_bringup/maps/innovation.pgm
[30.862s] -- Up-to-date symlink: /home/hurs1/ackermann_ws/install/ackermann_bringup/share/ackermann_bringup/maps/innovation.yaml
[30.862s] -- Up-to-date symlink: /home/hurs1/ackermann_ws/install/ackermann_bringup/share/ackermann_bringup/maps/warehouse.pgm
[30.862s] -- Up-to-date symlink: /home/hurs1/ackermann_ws/install/ackermann_bringup/share/ackermann_bringup/maps/warehouse.yaml
[30.863s] -- Up-to-date symlink: /home/hurs1/ackermann_ws/install/ackermann_bringup/lib/ackermann_bringup/odom_test.py
[30.864s] -- Up-to-date symlink: /home/hurs1/ackermann_ws/install/ackermann_bringup/lib/ackermann_bringup/circle_test.py
[30.864s] -- Up-to-date symlink: /home/hurs1/ackermann_ws/install/ackermann_bringup/lib/ackermann_bringup/twist_stamper.py
[30.864s] -- Up-to-date symlink: /home/hurs1/ackermann_ws/install/ackermann_bringup/lib/ackermann_bringup/camera_compressor.py
[30.865s] -- Up-to-date symlink: /home/hurs1/ackermann_ws/install/ackermann_bringup/share/ament_index/resource_index/package_run_dependencies/ackermann_bringup
[30.865s] -- Up-to-date symlink: /home/hurs1/ackermann_ws/install/ackermann_bringup/share/ament_index/resource_index/parent_prefix_path/ackermann_bringup
[30.865s] -- Up-to-date symlink: /home/hurs1/ackermann_ws/install/ackermann_bringup/share/ackermann_bringup/environment/ament_prefix_path.sh
[30.866s] -- Up-to-date symlink: /home/hurs1/ackermann_ws/install/ackermann_bringup/share/ackermann_bringup/environment/ament_prefix_path.dsv
[30.866s] -- Up-to-date symlink: /home/hurs1/ackermann_ws/install/ackermann_bringup/share/ackermann_bringup/environment/path.sh
[30.866s] -- Up-to-date symlink: /home/hurs1/ackermann_ws/install/ackermann_bringup/share/ackermann_bringup/environment/path.dsv
[30.866s] -- Up-to-date symlink: /home/hurs1/ackermann_ws/install/ackermann_bringup/share/ackermann_bringup/local_setup.bash
[30.866s] -- Up-to-date symlink: /home/hurs1/ackermann_ws/install/ackermann_bringup/share/ackermann_bringup/local_setup.sh
[30.866s] -- Up-to-date symlink: /home/hurs1/ackermann_ws/install/ackermann_bringup/share/ackermann_bringup/local_setup.zsh
[30.866s] -- Up-to-date symlink: /home/hurs1/ackermann_ws/install/ackermann_bringup/share/ackermann_bringup/local_setup.dsv
[30.866s] -- Symlinking: /home/hurs1/ackermann_ws/install/ackermann_bringup/share/ackermann_bringup/package.dsv
[30.871s] -- Up-to-date symlink: /home/hurs1/ackermann_ws/install/ackermann_bringup/share/ament_index/resource_index/packages/ackermann_bringup
[30.871s] -- Up-to-date symlink: /home/hurs1/ackermann_ws/install/ackermann_bringup/share/ackermann_bringup/cmake/ackermann_bringupConfig.cmake
[30.871s] -- Up-to-date symlink: /home/hurs1/ackermann_ws/install/ackermann_bringup/share/ackermann_bringup/cmake/ackermann_bringupConfig-version.cmake
[30.871s] -- Up-to-date symlink: /home/hurs1/ackermann_ws/install/ackermann_bringup/share/ackermann_bringup/package.xml
[30.872s] Invoked command in '/home/hurs1/ackermann_ws/build/ackermann_bringup' returned '0': AMENT_PREFIX_PATH=/home/hurs1/ackermann_ws/install/ackermann_hardware:/home/hurs1/ackermann_ws/install/ackermann_description:${AMENT_PREFIX_PATH} CMAKE_PREFIX_PATH=/home/hurs1/ackermann_ws/install/ackermann_hardware:/home/hurs1/ackermann_ws/install/ackermann_description:/opt/ros/humble LD_LIBRARY_PATH=/home/hurs1/ackermann_ws/install/ackermann_hardware/lib:${LD_LIBRARY_PATH} /usr/bin/cmake --install /home/hurs1/ackermann_ws/build/ackermann_bringup
