-- The C compiler identification is GNU 11.4.0
-- The CXX compiler identification is GNU 11.4.0
-- Detecting C compiler ABI info
-- Detecting C compiler ABI info - done
-- Check for working C compiler: /usr/bin/cc - skipped
-- Detecting C compile features
-- Detecting C compile features - done
-- Detecting CXX compiler ABI info
-- Detecting CXX compiler ABI info - done
-- Check for working CXX compiler: /usr/bin/c++ - skipped
-- Detecting CXX compile features
-- Detecting CXX compile features - done
-- Found ament_cmake: 1.3.14 (/opt/ros/humble/share/ament_cmake/cmake)
-- Found Python3: /usr/bin/python3 (found version "3.10.12") found components: Interpreter 
-- Override CMake install command with custom implementation using symlinks instead of copying resources
-- Found rosidl_default_generators: 1.2.1 (/opt/ros/humble/share/rosidl_default_generators/cmake)
-- Using all available rosidl_typesupport_c: rosidl_typesupport_fastrtps_c;rosidl_typesupport_introspection_c
-- Found rosidl_adapter: 3.1.9 (/opt/ros/humble/share/rosidl_adapter/cmake)
-- Using all available rosidl_typesupport_cpp: rosidl_typesupport_fastrtps_cpp;rosidl_typesupport_introspection_cpp
-- Found sensor_msgs: 4.9.2 (/opt/ros/humble/share/sensor_msgs/cmake)
-- Found ament_cmake_ros: 0.10.0 (/opt/ros/humble/share/ament_cmake_ros/cmake)
-- Using all available rosidl_typesupport_c: rosidl_typesupport_fastrtps_c;rosidl_typesupport_introspection_c
-- Using all available rosidl_typesupport_cpp: rosidl_typesupport_fastrtps_cpp;rosidl_typesupport_introspection_cpp
-- Found PythonInterp: /usr/bin/python3 (found suitable version "3.10.12", minimum required is "3.6") 
-- Found python_cmake_module: 0.10.0 (/opt/ros/humble/share/python_cmake_module/cmake)
-- Found PythonLibs: /usr/lib/x86_64-linux-gnu/libpython3.10.so (found suitable version "3.10.12", minimum required is "3.5") 
-- Using PYTHON_EXECUTABLE: /usr/bin/python3
-- Using PYTHON_INCLUDE_DIRS: /usr/include/python3.10
-- Using PYTHON_LIBRARIES: /usr/lib/x86_64-linux-gnu/libpython3.10.so
-- Found PythonExtra: .so  
-- Found ament_lint_auto: 0.12.15 (/opt/ros/humble/share/ament_lint_auto/cmake)
-- Added test 'lint_cmake' to check CMake code style
-- Added test 'xmllint' to check XML markup files
-- Configuring done
-- Generating done
-- Build files have been written to: /home/hurs1/ackermann_ws/build/ackermann_msgs
[  3%] [34m[1mGenerating C code for ROS interfaces[0m
[  6%] [34m[1mGenerating Rust code for ROS interfaces[0m
[  9%] [34m[1mGenerating C++ code for ROS interfaces[0m
[  9%] Built target ament_cmake_python_symlink_ackermann_msgs
running egg_info
creating ackermann_msgs.egg-info
writing ackermann_msgs.egg-info/PKG-INFO
writing dependency_links to ackermann_msgs.egg-info/dependency_links.txt
writing top-level names to ackermann_msgs.egg-info/top_level.txt
writing manifest file 'ackermann_msgs.egg-info/SOURCES.txt'
reading manifest file 'ackermann_msgs.egg-info/SOURCES.txt'
writing manifest file 'ackermann_msgs.egg-info/SOURCES.txt'
[  9%] Built target ackermann_msgs__rs
[  9%] Built target ament_cmake_python_build_ackermann_msgs_egg
[  9%] Built target ackermann_msgs__cpp
[ 18%] [34m[1mGenerating C++ type support for eProsima Fast-RTPS[0m
[ 18%] [34m[1mGenerating C++ type support dispatch for ROS interfaces[0m
[ 18%] [34m[1mGenerating C++ introspection for ROS interfaces[0m
[ 21%] [32mBuilding C object CMakeFiles/ackermann_msgs__rosidl_generator_c.dir/rosidl_generator_c/ackermann_msgs/srv/detail/detect_object__functions.c.o[0m
[ 25%] [32m[1mLinking C shared library libackermann_msgs__rosidl_generator_c.so[0m
[ 28%] [32mBuilding CXX object CMakeFiles/ackermann_msgs__rosidl_typesupport_cpp.dir/rosidl_typesupport_cpp/ackermann_msgs/srv/detect_object__type_support.cpp.o[0m
[ 31%] [32mBuilding CXX object CMakeFiles/ackermann_msgs__rosidl_typesupport_introspection_cpp.dir/rosidl_typesupport_introspection_cpp/ackermann_msgs/srv/detail/detect_object__type_support.cpp.o[0m
[ 34%] [32mBuilding CXX object CMakeFiles/ackermann_msgs__rosidl_typesupport_fastrtps_cpp.dir/rosidl_typesupport_fastrtps_cpp/ackermann_msgs/srv/detail/dds_fastrtps/detect_object__type_support.cpp.o[0m
[ 37%] [32m[1mLinking CXX shared library libackermann_msgs__rosidl_typesupport_cpp.so[0m
[ 37%] Built target ackermann_msgs__rosidl_generator_c
[ 43%] [34m[1mGenerating C type support for eProsima Fast-RTPS[0m
[ 43%] [34m[1mGenerating C introspection for ROS interfaces[0m
[ 46%] [34m[1mGenerating C type support dispatch for ROS interfaces[0m
[ 50%] [32m[1mLinking CXX shared library libackermann_msgs__rosidl_typesupport_introspection_cpp.so[0m
[ 53%] [32m[1mLinking CXX shared library libackermann_msgs__rosidl_typesupport_fastrtps_cpp.so[0m
[ 56%] [32mBuilding CXX object CMakeFiles/ackermann_msgs__rosidl_typesupport_c.dir/rosidl_typesupport_c/ackermann_msgs/srv/detect_object__type_support.cpp.o[0m
[ 59%] [32mBuilding CXX object CMakeFiles/ackermann_msgs__rosidl_typesupport_fastrtps_c.dir/rosidl_typesupport_fastrtps_c/ackermann_msgs/srv/detail/detect_object__type_support_c.cpp.o[0m
[ 62%] [32mBuilding C object CMakeFiles/ackermann_msgs__rosidl_typesupport_introspection_c.dir/rosidl_typesupport_introspection_c/ackermann_msgs/srv/detail/detect_object__type_support.c.o[0m
[ 65%] [32m[1mLinking CXX shared library libackermann_msgs__rosidl_typesupport_c.so[0m
[ 68%] [32m[1mLinking C shared library libackermann_msgs__rosidl_typesupport_introspection_c.so[0m
[ 68%] Built target ackermann_msgs__rosidl_typesupport_cpp
[ 71%] [32m[1mLinking CXX shared library libackermann_msgs__rosidl_typesupport_fastrtps_c.so[0m
[ 71%] Built target ackermann_msgs__rosidl_typesupport_introspection_cpp
[ 71%] Built target ackermann_msgs__rosidl_typesupport_introspection_c
[ 71%] Built target ackermann_msgs__rosidl_typesupport_c
[ 71%] Built target ackermann_msgs__rosidl_typesupport_fastrtps_cpp
[ 71%] Built target ackermann_msgs__rosidl_typesupport_fastrtps_c
[ 71%] Built target ackermann_msgs
[ 75%] [34m[1mGenerating Python code for ROS interfaces[0m
[ 75%] Built target ackermann_msgs__py
[ 78%] [32mBuilding C object CMakeFiles/ackermann_msgs__rosidl_generator_py.dir/rosidl_generator_py/ackermann_msgs/srv/_detect_object_s.c.o[0m
[ 81%] [32m[1mLinking C shared library rosidl_generator_py/ackermann_msgs/libackermann_msgs__rosidl_generator_py.so[0m
[ 81%] Built target ackermann_msgs__rosidl_generator_py
[ 84%] [32mBuilding C object CMakeFiles/ackermann_msgs__rosidl_typesupport_introspection_c__pyext.dir/rosidl_generator_py/ackermann_msgs/_ackermann_msgs_s.ep.rosidl_typesupport_introspection_c.c.o[0m
[ 87%] [32mBuilding C object CMakeFiles/ackermann_msgs__rosidl_typesupport_fastrtps_c__pyext.dir/rosidl_generator_py/ackermann_msgs/_ackermann_msgs_s.ep.rosidl_typesupport_fastrtps_c.c.o[0m
[ 90%] [32mBuilding C object CMakeFiles/ackermann_msgs__rosidl_typesupport_c__pyext.dir/rosidl_generator_py/ackermann_msgs/_ackermann_msgs_s.ep.rosidl_typesupport_c.c.o[0m
[ 96%] [32m[1mLinking C shared library rosidl_generator_py/ackermann_msgs/ackermann_msgs_s__rosidl_typesupport_introspection_c.cpython-310-x86_64-linux-gnu.so[0m
[ 96%] [32m[1mLinking C shared library rosidl_generator_py/ackermann_msgs/ackermann_msgs_s__rosidl_typesupport_c.cpython-310-x86_64-linux-gnu.so[0m
[100%] [32m[1mLinking C shared library rosidl_generator_py/ackermann_msgs/ackermann_msgs_s__rosidl_typesupport_fastrtps_c.cpython-310-x86_64-linux-gnu.so[0m
[100%] Built target ackermann_msgs__rosidl_typesupport_introspection_c__pyext
[100%] Built target ackermann_msgs__rosidl_typesupport_fastrtps_c__pyext
[100%] Built target ackermann_msgs__rosidl_typesupport_c__pyext
-- Install configuration: ""
-- Execute custom install script
-- Symlinking: /home/hurs1/ackermann_ws/install/ackermann_msgs/share/ament_index/resource_index/rosidl_interfaces/ackermann_msgs
-- Symlinking: /home/hurs1/ackermann_ws/install/ackermann_msgs/include/ackermann_msgs/ackermann_msgs/msg/rosidl_generator_c__visibility_control.h
-- Symlinking: /home/hurs1/ackermann_ws/install/ackermann_msgs/include/ackermann_msgs/ackermann_msgs/srv/detail/detect_object__functions.h
-- Symlinking: /home/hurs1/ackermann_ws/install/ackermann_msgs/include/ackermann_msgs/ackermann_msgs/srv/detail/detect_object__struct.h
-- Symlinking: /home/hurs1/ackermann_ws/install/ackermann_msgs/include/ackermann_msgs/ackermann_msgs/srv/detail/detect_object__type_support.h
-- Symlinking: /home/hurs1/ackermann_ws/install/ackermann_msgs/include/ackermann_msgs/ackermann_msgs/srv/detect_object.h
-- Symlinking: /home/hurs1/ackermann_ws/install/ackermann_msgs/share/ackermann_msgs/environment/library_path.sh
-- Symlinking: /home/hurs1/ackermann_ws/install/ackermann_msgs/share/ackermann_msgs/environment/library_path.dsv
-- Symlinking: /home/hurs1/ackermann_ws/install/ackermann_msgs/include/ackermann_msgs/ackermann_msgs/msg/rosidl_typesupport_fastrtps_c__visibility_control.h
-- Symlinking: /home/hurs1/ackermann_ws/install/ackermann_msgs/include/ackermann_msgs/ackermann_msgs/srv/detail/detect_object__rosidl_typesupport_fastrtps_c.h
-- Symlinking: /home/hurs1/ackermann_ws/install/ackermann_msgs/include/ackermann_msgs/ackermann_msgs/msg/rosidl_typesupport_introspection_c__visibility_control.h
-- Symlinking: /home/hurs1/ackermann_ws/install/ackermann_msgs/include/ackermann_msgs/ackermann_msgs/srv/detail/detect_object__rosidl_typesupport_introspection_c.h
-- Symlinking: /home/hurs1/ackermann_ws/install/ackermann_msgs/include/ackermann_msgs/ackermann_msgs/msg/rosidl_generator_cpp__visibility_control.hpp
-- Symlinking: /home/hurs1/ackermann_ws/install/ackermann_msgs/include/ackermann_msgs/ackermann_msgs/srv/detail/detect_object__builder.hpp
-- Symlinking: /home/hurs1/ackermann_ws/install/ackermann_msgs/include/ackermann_msgs/ackermann_msgs/srv/detail/detect_object__struct.hpp
-- Symlinking: /home/hurs1/ackermann_ws/install/ackermann_msgs/include/ackermann_msgs/ackermann_msgs/srv/detail/detect_object__traits.hpp
-- Symlinking: /home/hurs1/ackermann_ws/install/ackermann_msgs/include/ackermann_msgs/ackermann_msgs/srv/detail/detect_object__type_support.hpp
-- Symlinking: /home/hurs1/ackermann_ws/install/ackermann_msgs/include/ackermann_msgs/ackermann_msgs/srv/detect_object.hpp
-- Symlinking: /home/hurs1/ackermann_ws/install/ackermann_msgs/include/ackermann_msgs/ackermann_msgs/msg/rosidl_typesupport_fastrtps_cpp__visibility_control.h
-- Symlinking: /home/hurs1/ackermann_ws/install/ackermann_msgs/include/ackermann_msgs/ackermann_msgs/srv/detail/detect_object__rosidl_typesupport_fastrtps_cpp.hpp
-- Symlinking: /home/hurs1/ackermann_ws/install/ackermann_msgs/include/ackermann_msgs/ackermann_msgs/srv/detail/detect_object__rosidl_typesupport_introspection_cpp.hpp
-- Symlinking: /home/hurs1/ackermann_ws/install/ackermann_msgs/share/ackermann_msgs/environment/pythonpath.sh
-- Symlinking: /home/hurs1/ackermann_ws/install/ackermann_msgs/share/ackermann_msgs/environment/pythonpath.dsv
-- Symlinking: /home/hurs1/ackermann_ws/install/ackermann_msgs/local/lib/python3.10/dist-packages/ackermann_msgs-0.0.0-py3.10.egg-info/PKG-INFO
-- Symlinking: /home/hurs1/ackermann_ws/install/ackermann_msgs/local/lib/python3.10/dist-packages/ackermann_msgs-0.0.0-py3.10.egg-info/SOURCES.txt
-- Symlinking: /home/hurs1/ackermann_ws/install/ackermann_msgs/local/lib/python3.10/dist-packages/ackermann_msgs-0.0.0-py3.10.egg-info/dependency_links.txt
-- Symlinking: /home/hurs1/ackermann_ws/install/ackermann_msgs/local/lib/python3.10/dist-packages/ackermann_msgs-0.0.0-py3.10.egg-info/top_level.txt
-- Symlinking: /home/hurs1/ackermann_ws/install/ackermann_msgs/local/lib/python3.10/dist-packages/ackermann_msgs/__init__.py
-- Symlinking: /home/hurs1/ackermann_ws/install/ackermann_msgs/local/lib/python3.10/dist-packages/ackermann_msgs/_ackermann_msgs_s.ep.rosidl_typesupport_c.c
-- Symlinking: /home/hurs1/ackermann_ws/install/ackermann_msgs/local/lib/python3.10/dist-packages/ackermann_msgs/_ackermann_msgs_s.ep.rosidl_typesupport_fastrtps_c.c
-- Symlinking: /home/hurs1/ackermann_ws/install/ackermann_msgs/local/lib/python3.10/dist-packages/ackermann_msgs/_ackermann_msgs_s.ep.rosidl_typesupport_introspection_c.c
-- Symlinking: /home/hurs1/ackermann_ws/install/ackermann_msgs/local/lib/python3.10/dist-packages/ackermann_msgs/ackermann_msgs_s__rosidl_typesupport_c.cpython-310-x86_64-linux-gnu.so
-- Symlinking: /home/hurs1/ackermann_ws/install/ackermann_msgs/local/lib/python3.10/dist-packages/ackermann_msgs/ackermann_msgs_s__rosidl_typesupport_fastrtps_c.cpython-310-x86_64-linux-gnu.so
-- Symlinking: /home/hurs1/ackermann_ws/install/ackermann_msgs/local/lib/python3.10/dist-packages/ackermann_msgs/ackermann_msgs_s__rosidl_typesupport_introspection_c.cpython-310-x86_64-linux-gnu.so
-- Symlinking: /home/hurs1/ackermann_ws/install/ackermann_msgs/local/lib/python3.10/dist-packages/ackermann_msgs/libackermann_msgs__rosidl_generator_py.so
-- Symlinking: /home/hurs1/ackermann_ws/install/ackermann_msgs/local/lib/python3.10/dist-packages/ackermann_msgs/srv/__init__.py
-- Symlinking: /home/hurs1/ackermann_ws/install/ackermann_msgs/local/lib/python3.10/dist-packages/ackermann_msgs/srv/_detect_object.py
-- Symlinking: /home/hurs1/ackermann_ws/install/ackermann_msgs/local/lib/python3.10/dist-packages/ackermann_msgs/srv/_detect_object_s.c
-- Up-to-date symlink: /home/hurs1/ackermann_ws/install/ackermann_msgs/local/lib/python3.10/dist-packages/ackermann_msgs/ackermann_msgs_s__rosidl_typesupport_fastrtps_c.cpython-310-x86_64-linux-gnu.so
-- Up-to-date symlink: /home/hurs1/ackermann_ws/install/ackermann_msgs/local/lib/python3.10/dist-packages/ackermann_msgs/ackermann_msgs_s__rosidl_typesupport_introspection_c.cpython-310-x86_64-linux-gnu.so
-- Up-to-date symlink: /home/hurs1/ackermann_ws/install/ackermann_msgs/local/lib/python3.10/dist-packages/ackermann_msgs/ackermann_msgs_s__rosidl_typesupport_c.cpython-310-x86_64-linux-gnu.so
-- Symlinking: /home/hurs1/ackermann_ws/install/ackermann_msgs/share/ament_index/resource_index/rust_packages/ackermann_msgs
-- Symlinking: /home/hurs1/ackermann_ws/install/ackermann_msgs/share/ackermann_msgs/rust/Cargo.toml
-- Symlinking: /home/hurs1/ackermann_ws/install/ackermann_msgs/share/ackermann_msgs/rust/build.rs
-- Symlinking: /home/hurs1/ackermann_ws/install/ackermann_msgs/share/ackermann_msgs/rust/src/lib.rs
-- Symlinking: /home/hurs1/ackermann_ws/install/ackermann_msgs/share/ackermann_msgs/rust/src/srv.rs
-- Symlinking: /home/hurs1/ackermann_ws/install/ackermann_msgs/share/ackermann_msgs/rust/src/srv/rmw.rs
-- Symlinking: /home/hurs1/ackermann_ws/install/ackermann_msgs/share/ackermann_msgs/srv/DetectObject.idl
-- Symlinking: /home/hurs1/ackermann_ws/install/ackermann_msgs/share/ackermann_msgs/srv/DetectObject.srv
-- Symlinking: /home/hurs1/ackermann_ws/install/ackermann_msgs/share/ackermann_msgs/srv/DetectObject_Request.msg
-- Symlinking: /home/hurs1/ackermann_ws/install/ackermann_msgs/share/ackermann_msgs/srv/DetectObject_Response.msg
-- Symlinking: /home/hurs1/ackermann_ws/install/ackermann_msgs/share/ament_index/resource_index/package_run_dependencies/ackermann_msgs
-- Symlinking: /home/hurs1/ackermann_ws/install/ackermann_msgs/share/ament_index/resource_index/parent_prefix_path/ackermann_msgs
-- Symlinking: /home/hurs1/ackermann_ws/install/ackermann_msgs/share/ackermann_msgs/environment/ament_prefix_path.sh
-- Symlinking: /home/hurs1/ackermann_ws/install/ackermann_msgs/share/ackermann_msgs/environment/ament_prefix_path.dsv
-- Symlinking: /home/hurs1/ackermann_ws/install/ackermann_msgs/share/ackermann_msgs/environment/path.sh
-- Symlinking: /home/hurs1/ackermann_ws/install/ackermann_msgs/share/ackermann_msgs/environment/path.dsv
-- Symlinking: /home/hurs1/ackermann_ws/install/ackermann_msgs/share/ackermann_msgs/local_setup.bash
-- Symlinking: /home/hurs1/ackermann_ws/install/ackermann_msgs/share/ackermann_msgs/local_setup.sh
-- Symlinking: /home/hurs1/ackermann_ws/install/ackermann_msgs/share/ackermann_msgs/local_setup.zsh
-- Symlinking: /home/hurs1/ackermann_ws/install/ackermann_msgs/share/ackermann_msgs/local_setup.dsv
-- Symlinking: /home/hurs1/ackermann_ws/install/ackermann_msgs/share/ackermann_msgs/package.dsv
-- Symlinking: /home/hurs1/ackermann_ws/install/ackermann_msgs/share/ament_index/resource_index/packages/ackermann_msgs
-- Symlinking: /home/hurs1/ackermann_ws/install/ackermann_msgs/share/ackermann_msgs/cmake/rosidl_cmake-extras.cmake
-- Symlinking: /home/hurs1/ackermann_ws/install/ackermann_msgs/share/ackermann_msgs/cmake/ament_cmake_export_dependencies-extras.cmake
-- Symlinking: /home/hurs1/ackermann_ws/install/ackermann_msgs/share/ackermann_msgs/cmake/ament_cmake_export_include_directories-extras.cmake
-- Symlinking: /home/hurs1/ackermann_ws/install/ackermann_msgs/share/ackermann_msgs/cmake/ament_cmake_export_libraries-extras.cmake
-- Symlinking: /home/hurs1/ackermann_ws/install/ackermann_msgs/share/ackermann_msgs/cmake/ament_cmake_export_targets-extras.cmake
-- Symlinking: /home/hurs1/ackermann_ws/install/ackermann_msgs/share/ackermann_msgs/cmake/rosidl_cmake_export_typesupport_targets-extras.cmake
-- Symlinking: /home/hurs1/ackermann_ws/install/ackermann_msgs/share/ackermann_msgs/cmake/rosidl_cmake_export_typesupport_libraries-extras.cmake
-- Symlinking: /home/hurs1/ackermann_ws/install/ackermann_msgs/share/ackermann_msgs/cmake/rosidl_cmake_aggregate_target-extras.cmake
-- Symlinking: /home/hurs1/ackermann_ws/install/ackermann_msgs/share/ackermann_msgs/cmake/ackermann_msgsConfig.cmake
-- Symlinking: /home/hurs1/ackermann_ws/install/ackermann_msgs/share/ackermann_msgs/cmake/ackermann_msgsConfig-version.cmake
-- Symlinking: /home/hurs1/ackermann_ws/install/ackermann_msgs/share/ackermann_msgs/package.xml
-- Installing: /home/hurs1/ackermann_ws/install/ackermann_msgs/lib/libackermann_msgs__rosidl_generator_c.so
-- Set runtime path of "/home/hurs1/ackermann_ws/install/ackermann_msgs/lib/libackermann_msgs__rosidl_generator_c.so" to ""
-- Installing: /home/hurs1/ackermann_ws/install/ackermann_msgs/lib/libackermann_msgs__rosidl_typesupport_fastrtps_c.so
-- Set runtime path of "/home/hurs1/ackermann_ws/install/ackermann_msgs/lib/libackermann_msgs__rosidl_typesupport_fastrtps_c.so" to ""
-- Installing: /home/hurs1/ackermann_ws/install/ackermann_msgs/lib/libackermann_msgs__rosidl_typesupport_introspection_c.so
-- Set runtime path of "/home/hurs1/ackermann_ws/install/ackermann_msgs/lib/libackermann_msgs__rosidl_typesupport_introspection_c.so" to ""
-- Installing: /home/hurs1/ackermann_ws/install/ackermann_msgs/lib/libackermann_msgs__rosidl_typesupport_c.so
-- Set runtime path of "/home/hurs1/ackermann_ws/install/ackermann_msgs/lib/libackermann_msgs__rosidl_typesupport_c.so" to ""
-- Installing: /home/hurs1/ackermann_ws/install/ackermann_msgs/lib/libackermann_msgs__rosidl_typesupport_fastrtps_cpp.so
-- Set runtime path of "/home/hurs1/ackermann_ws/install/ackermann_msgs/lib/libackermann_msgs__rosidl_typesupport_fastrtps_cpp.so" to ""
-- Installing: /home/hurs1/ackermann_ws/install/ackermann_msgs/lib/libackermann_msgs__rosidl_typesupport_introspection_cpp.so
-- Set runtime path of "/home/hurs1/ackermann_ws/install/ackermann_msgs/lib/libackermann_msgs__rosidl_typesupport_introspection_cpp.so" to ""
-- Installing: /home/hurs1/ackermann_ws/install/ackermann_msgs/lib/libackermann_msgs__rosidl_typesupport_cpp.so
-- Set runtime path of "/home/hurs1/ackermann_ws/install/ackermann_msgs/lib/libackermann_msgs__rosidl_typesupport_cpp.so" to ""
Listing '/home/hurs1/ackermann_ws/install/ackermann_msgs/local/lib/python3.10/dist-packages/ackermann_msgs'...
Compiling '/home/hurs1/ackermann_ws/install/ackermann_msgs/local/lib/python3.10/dist-packages/ackermann_msgs/__init__.py'...
Listing '/home/hurs1/ackermann_ws/install/ackermann_msgs/local/lib/python3.10/dist-packages/ackermann_msgs/srv'...
Compiling '/home/hurs1/ackermann_ws/install/ackermann_msgs/local/lib/python3.10/dist-packages/ackermann_msgs/srv/__init__.py'...
Compiling '/home/hurs1/ackermann_ws/install/ackermann_msgs/local/lib/python3.10/dist-packages/ackermann_msgs/srv/_detect_object.py'...
-- Installing: /home/hurs1/ackermann_ws/install/ackermann_msgs/lib/libackermann_msgs__rosidl_generator_py.so
-- Set runtime path of "/home/hurs1/ackermann_ws/install/ackermann_msgs/lib/libackermann_msgs__rosidl_generator_py.so" to ""
-- Installing: /home/hurs1/ackermann_ws/install/ackermann_msgs/share/ackermann_msgs/cmake/export_ackermann_msgs__rosidl_generator_cExport.cmake
-- Installing: /home/hurs1/ackermann_ws/install/ackermann_msgs/share/ackermann_msgs/cmake/export_ackermann_msgs__rosidl_generator_cExport-noconfig.cmake
-- Installing: /home/hurs1/ackermann_ws/install/ackermann_msgs/share/ackermann_msgs/cmake/export_ackermann_msgs__rosidl_typesupport_fastrtps_cExport.cmake
-- Installing: /home/hurs1/ackermann_ws/install/ackermann_msgs/share/ackermann_msgs/cmake/export_ackermann_msgs__rosidl_typesupport_fastrtps_cExport-noconfig.cmake
-- Installing: /home/hurs1/ackermann_ws/install/ackermann_msgs/share/ackermann_msgs/cmake/ackermann_msgs__rosidl_typesupport_introspection_cExport.cmake
-- Installing: /home/hurs1/ackermann_ws/install/ackermann_msgs/share/ackermann_msgs/cmake/ackermann_msgs__rosidl_typesupport_introspection_cExport-noconfig.cmake
-- Installing: /home/hurs1/ackermann_ws/install/ackermann_msgs/share/ackermann_msgs/cmake/ackermann_msgs__rosidl_typesupport_cExport.cmake
-- Installing: /home/hurs1/ackermann_ws/install/ackermann_msgs/share/ackermann_msgs/cmake/ackermann_msgs__rosidl_typesupport_cExport-noconfig.cmake
-- Installing: /home/hurs1/ackermann_ws/install/ackermann_msgs/share/ackermann_msgs/cmake/export_ackermann_msgs__rosidl_generator_cppExport.cmake
-- Installing: /home/hurs1/ackermann_ws/install/ackermann_msgs/share/ackermann_msgs/cmake/export_ackermann_msgs__rosidl_typesupport_fastrtps_cppExport.cmake
-- Installing: /home/hurs1/ackermann_ws/install/ackermann_msgs/share/ackermann_msgs/cmake/export_ackermann_msgs__rosidl_typesupport_fastrtps_cppExport-noconfig.cmake
-- Installing: /home/hurs1/ackermann_ws/install/ackermann_msgs/share/ackermann_msgs/cmake/ackermann_msgs__rosidl_typesupport_introspection_cppExport.cmake
-- Installing: /home/hurs1/ackermann_ws/install/ackermann_msgs/share/ackermann_msgs/cmake/ackermann_msgs__rosidl_typesupport_introspection_cppExport-noconfig.cmake
-- Installing: /home/hurs1/ackermann_ws/install/ackermann_msgs/share/ackermann_msgs/cmake/ackermann_msgs__rosidl_typesupport_cppExport.cmake
-- Installing: /home/hurs1/ackermann_ws/install/ackermann_msgs/share/ackermann_msgs/cmake/ackermann_msgs__rosidl_typesupport_cppExport-noconfig.cmake
-- Installing: /home/hurs1/ackermann_ws/install/ackermann_msgs/share/ackermann_msgs/cmake/export_ackermann_msgs__rosidl_generator_pyExport.cmake
-- Installing: /home/hurs1/ackermann_ws/install/ackermann_msgs/share/ackermann_msgs/cmake/export_ackermann_msgs__rosidl_generator_pyExport-noconfig.cmake
