[0.020s] Invoking command in '/home/hurs1/ackermann_ws/build/ackermann_msgs': CMAKE_PREFIX_PATH=/home/hurs1/rqt_ws/install/rqt_robot_steering:/opt/ros/humble /usr/bin/cmake /home/hurs1/ackermann_ws/src/ackermann_robot/ackermann_msgs -DAMENT_CMAKE_SYMLINK_INSTALL=1 -DCMAKE_INSTALL_PREFIX=/home/hurs1/ackermann_ws/install/ackermann_msgs
[0.243s] -- The C compiler identification is GNU 11.4.0
[0.826s] -- The CXX compiler identification is GNU 11.4.0
[1.326s] -- Detecting C compiler ABI info
[1.467s] -- Detecting C compiler ABI info - done
[1.471s] -- Check for working C compiler: /usr/bin/cc - skipped
[1.471s] -- Detecting C compile features
[1.471s] -- Detecting C compile features - done
[1.473s] -- Detecting CXX compiler ABI info
[1.638s] -- Detecting CXX compiler ABI info - done
[1.642s] -- Check for working CXX compiler: /usr/bin/c++ - skipped
[1.642s] -- Detecting CXX compile features
[1.643s] -- Detecting CXX compile features - done
[1.644s] -- Found ament_cmake: 1.3.14 (/opt/ros/humble/share/ament_cmake/cmake)
[1.729s] -- Found Python3: /usr/bin/python3 (found version "3.10.12") found components: Interpreter 
[1.764s] -- Override CMake install command with custom implementation using symlinks instead of copying resources
[1.780s] -- Found rosidl_default_generators: 1.2.1 (/opt/ros/humble/share/rosidl_default_generators/cmake)
[1.782s] -- Using all available rosidl_typesupport_c: rosidl_typesupport_fastrtps_c;rosidl_typesupport_introspection_c
[1.785s] -- Found rosidl_adapter: 3.1.9 (/opt/ros/humble/share/rosidl_adapter/cmake)
[1.948s] -- Using all available rosidl_typesupport_cpp: rosidl_typesupport_fastrtps_cpp;rosidl_typesupport_introspection_cpp
[1.994s] -- Found sensor_msgs: 4.9.2 (/opt/ros/humble/share/sensor_msgs/cmake)
[2.202s] -- Found ament_cmake_ros: 0.10.0 (/opt/ros/humble/share/ament_cmake_ros/cmake)
[2.368s] -- Using all available rosidl_typesupport_c: rosidl_typesupport_fastrtps_c;rosidl_typesupport_introspection_c
[2.578s] -- Using all available rosidl_typesupport_cpp: rosidl_typesupport_fastrtps_cpp;rosidl_typesupport_introspection_cpp
[2.836s] -- Found PythonInterp: /usr/bin/python3 (found suitable version "3.10.12", minimum required is "3.6") 
[2.858s] -- Found python_cmake_module: 0.10.0 (/opt/ros/humble/share/python_cmake_module/cmake)
[3.479s] -- Found PythonLibs: /usr/lib/x86_64-linux-gnu/libpython3.10.so (found suitable version "3.10.12", minimum required is "3.5") 
[3.479s] -- Using PYTHON_EXECUTABLE: /usr/bin/python3
[3.479s] -- Using PYTHON_INCLUDE_DIRS: /usr/include/python3.10
[3.479s] -- Using PYTHON_LIBRARIES: /usr/lib/x86_64-linux-gnu/libpython3.10.so
[3.491s] -- Found PythonExtra: .so  
[3.670s] -- Found ament_lint_auto: 0.12.15 (/opt/ros/humble/share/ament_lint_auto/cmake)
[3.693s] -- Added test 'lint_cmake' to check CMake code style
[3.694s] -- Added test 'xmllint' to check XML markup files
[3.697s] -- Configuring done
[3.724s] -- Generating done
[3.732s] -- Build files have been written to: /home/hurs1/ackermann_ws/build/ackermann_msgs
[3.738s] Invoked command in '/home/hurs1/ackermann_ws/build/ackermann_msgs' returned '0': CMAKE_PREFIX_PATH=/home/hurs1/rqt_ws/install/rqt_robot_steering:/opt/ros/humble /usr/bin/cmake /home/hurs1/ackermann_ws/src/ackermann_robot/ackermann_msgs -DAMENT_CMAKE_SYMLINK_INSTALL=1 -DCMAKE_INSTALL_PREFIX=/home/hurs1/ackermann_ws/install/ackermann_msgs
[3.739s] Invoking command in '/home/hurs1/ackermann_ws/build/ackermann_msgs': CMAKE_PREFIX_PATH=/home/hurs1/rqt_ws/install/rqt_robot_steering:/opt/ros/humble /usr/bin/cmake --build /home/hurs1/ackermann_ws/build/ackermann_msgs -- -j24 -l24
[3.759s] [  3%] [34m[1mGenerating C code for ROS interfaces[0m
[3.764s] [  6%] [34m[1mGenerating Rust code for ROS interfaces[0m
[3.765s] [  9%] [34m[1mGenerating C++ code for ROS interfaces[0m
[3.768s] [  9%] Built target ament_cmake_python_symlink_ackermann_msgs
[3.895s] running egg_info
[3.896s] creating ackermann_msgs.egg-info
[3.896s] writing ackermann_msgs.egg-info/PKG-INFO
[3.896s] writing dependency_links to ackermann_msgs.egg-info/dependency_links.txt
[3.896s] writing top-level names to ackermann_msgs.egg-info/top_level.txt
[3.896s] writing manifest file 'ackermann_msgs.egg-info/SOURCES.txt'
[3.898s] reading manifest file 'ackermann_msgs.egg-info/SOURCES.txt'
[3.899s] writing manifest file 'ackermann_msgs.egg-info/SOURCES.txt'
[3.908s] [  9%] Built target ackermann_msgs__rs
[3.914s] [  9%] Built target ament_cmake_python_build_ackermann_msgs_egg
[3.927s] [  9%] Built target ackermann_msgs__cpp
[3.932s] [ 18%] [34m[1mGenerating C++ type support for eProsima Fast-RTPS[0m
[3.932s] [ 18%] [34m[1mGenerating C++ type support dispatch for ROS interfaces[0m
[3.932s] [ 18%] [34m[1mGenerating C++ introspection for ROS interfaces[0m
[3.933s] [ 21%] [32mBuilding C object CMakeFiles/ackermann_msgs__rosidl_generator_c.dir/rosidl_generator_c/ackermann_msgs/srv/detail/detect_object__functions.c.o[0m
[3.987s] [ 25%] [32m[1mLinking C shared library libackermann_msgs__rosidl_generator_c.so[0m
[4.065s] [ 28%] [32mBuilding CXX object CMakeFiles/ackermann_msgs__rosidl_typesupport_cpp.dir/rosidl_typesupport_cpp/ackermann_msgs/srv/detect_object__type_support.cpp.o[0m
[4.077s] [ 31%] [32mBuilding CXX object CMakeFiles/ackermann_msgs__rosidl_typesupport_introspection_cpp.dir/rosidl_typesupport_introspection_cpp/ackermann_msgs/srv/detail/detect_object__type_support.cpp.o[0m
[4.082s] [ 34%] [32mBuilding CXX object CMakeFiles/ackermann_msgs__rosidl_typesupport_fastrtps_cpp.dir/rosidl_typesupport_fastrtps_cpp/ackermann_msgs/srv/detail/dds_fastrtps/detect_object__type_support.cpp.o[0m
[4.230s] [ 37%] [32m[1mLinking CXX shared library libackermann_msgs__rosidl_typesupport_cpp.so[0m
[4.286s] [ 37%] Built target ackermann_msgs__rosidl_generator_c
[4.292s] [ 43%] [34m[1mGenerating C type support for eProsima Fast-RTPS[0m
[4.292s] [ 43%] [34m[1mGenerating C introspection for ROS interfaces[0m
[4.292s] [ 46%] [34m[1mGenerating C type support dispatch for ROS interfaces[0m
[4.353s] [ 50%] [32m[1mLinking CXX shared library libackermann_msgs__rosidl_typesupport_introspection_cpp.so[0m
[4.390s] [ 53%] [32m[1mLinking CXX shared library libackermann_msgs__rosidl_typesupport_fastrtps_cpp.so[0m
[4.439s] [ 56%] [32mBuilding CXX object CMakeFiles/ackermann_msgs__rosidl_typesupport_c.dir/rosidl_typesupport_c/ackermann_msgs/srv/detect_object__type_support.cpp.o[0m
[4.450s] [ 59%] [32mBuilding CXX object CMakeFiles/ackermann_msgs__rosidl_typesupport_fastrtps_c.dir/rosidl_typesupport_fastrtps_c/ackermann_msgs/srv/detail/detect_object__type_support_c.cpp.o[0m
[4.455s] [ 62%] [32mBuilding C object CMakeFiles/ackermann_msgs__rosidl_typesupport_introspection_c.dir/rosidl_typesupport_introspection_c/ackermann_msgs/srv/detail/detect_object__type_support.c.o[0m
[4.457s] [ 65%] [32m[1mLinking CXX shared library libackermann_msgs__rosidl_typesupport_c.so[0m
[4.482s] [ 68%] [32m[1mLinking C shared library libackermann_msgs__rosidl_typesupport_introspection_c.so[0m
[4.506s] [ 68%] Built target ackermann_msgs__rosidl_typesupport_cpp
[4.634s] [ 71%] [32m[1mLinking CXX shared library libackermann_msgs__rosidl_typesupport_fastrtps_c.so[0m
[4.645s] [ 71%] Built target ackermann_msgs__rosidl_typesupport_introspection_cpp
[4.752s] [ 71%] Built target ackermann_msgs__rosidl_typesupport_introspection_c
[4.754s] [ 71%] Built target ackermann_msgs__rosidl_typesupport_c
[4.778s] [ 71%] Built target ackermann_msgs__rosidl_typesupport_fastrtps_cpp
[4.919s] [ 71%] Built target ackermann_msgs__rosidl_typesupport_fastrtps_c
[4.929s] [ 71%] Built target ackermann_msgs
[4.939s] [ 75%] [34m[1mGenerating Python code for ROS interfaces[0m
[5.153s] [ 75%] Built target ackermann_msgs__py
[5.162s] [ 78%] [32mBuilding C object CMakeFiles/ackermann_msgs__rosidl_generator_py.dir/rosidl_generator_py/ackermann_msgs/srv/_detect_object_s.c.o[0m
[5.255s] [ 81%] [32m[1mLinking C shared library rosidl_generator_py/ackermann_msgs/libackermann_msgs__rosidl_generator_py.so[0m
[5.447s] [ 81%] Built target ackermann_msgs__rosidl_generator_py
[5.457s] [ 84%] [32mBuilding C object CMakeFiles/ackermann_msgs__rosidl_typesupport_introspection_c__pyext.dir/rosidl_generator_py/ackermann_msgs/_ackermann_msgs_s.ep.rosidl_typesupport_introspection_c.c.o[0m
[5.457s] [ 87%] [32mBuilding C object CMakeFiles/ackermann_msgs__rosidl_typesupport_fastrtps_c__pyext.dir/rosidl_generator_py/ackermann_msgs/_ackermann_msgs_s.ep.rosidl_typesupport_fastrtps_c.c.o[0m
[5.458s] [ 90%] [32mBuilding C object CMakeFiles/ackermann_msgs__rosidl_typesupport_c__pyext.dir/rosidl_generator_py/ackermann_msgs/_ackermann_msgs_s.ep.rosidl_typesupport_c.c.o[0m
[5.509s] [ 96%] [32m[1mLinking C shared library rosidl_generator_py/ackermann_msgs/ackermann_msgs_s__rosidl_typesupport_introspection_c.cpython-310-x86_64-linux-gnu.so[0m
[5.509s] [ 96%] [32m[1mLinking C shared library rosidl_generator_py/ackermann_msgs/ackermann_msgs_s__rosidl_typesupport_c.cpython-310-x86_64-linux-gnu.so[0m
[5.509s] [100%] [32m[1mLinking C shared library rosidl_generator_py/ackermann_msgs/ackermann_msgs_s__rosidl_typesupport_fastrtps_c.cpython-310-x86_64-linux-gnu.so[0m
[5.670s] [100%] Built target ackermann_msgs__rosidl_typesupport_introspection_c__pyext
[5.670s] [100%] Built target ackermann_msgs__rosidl_typesupport_fastrtps_c__pyext
[5.670s] [100%] Built target ackermann_msgs__rosidl_typesupport_c__pyext
[5.676s] Invoked command in '/home/hurs1/ackermann_ws/build/ackermann_msgs' returned '0': CMAKE_PREFIX_PATH=/home/hurs1/rqt_ws/install/rqt_robot_steering:/opt/ros/humble /usr/bin/cmake --build /home/hurs1/ackermann_ws/build/ackermann_msgs -- -j24 -l24
[5.677s] Invoking command in '/home/hurs1/ackermann_ws/build/ackermann_msgs': CMAKE_PREFIX_PATH=/home/hurs1/rqt_ws/install/rqt_robot_steering:/opt/ros/humble /usr/bin/cmake --install /home/hurs1/ackermann_ws/build/ackermann_msgs
[5.680s] -- Install configuration: ""
[5.680s] -- Execute custom install script
[5.681s] -- Symlinking: /home/hurs1/ackermann_ws/install/ackermann_msgs/share/ament_index/resource_index/rosidl_interfaces/ackermann_msgs
[5.686s] -- Symlinking: /home/hurs1/ackermann_ws/install/ackermann_msgs/include/ackermann_msgs/ackermann_msgs/msg/rosidl_generator_c__visibility_control.h
[5.690s] -- Symlinking: /home/hurs1/ackermann_ws/install/ackermann_msgs/include/ackermann_msgs/ackermann_msgs/srv/detail/detect_object__functions.h
[5.693s] -- Symlinking: /home/hurs1/ackermann_ws/install/ackermann_msgs/include/ackermann_msgs/ackermann_msgs/srv/detail/detect_object__struct.h
[5.697s] -- Symlinking: /home/hurs1/ackermann_ws/install/ackermann_msgs/include/ackermann_msgs/ackermann_msgs/srv/detail/detect_object__type_support.h
[5.701s] -- Symlinking: /home/hurs1/ackermann_ws/install/ackermann_msgs/include/ackermann_msgs/ackermann_msgs/srv/detect_object.h
[5.706s] -- Symlinking: /home/hurs1/ackermann_ws/install/ackermann_msgs/share/ackermann_msgs/environment/library_path.sh
[5.711s] -- Symlinking: /home/hurs1/ackermann_ws/install/ackermann_msgs/share/ackermann_msgs/environment/library_path.dsv
[5.715s] -- Symlinking: /home/hurs1/ackermann_ws/install/ackermann_msgs/include/ackermann_msgs/ackermann_msgs/msg/rosidl_typesupport_fastrtps_c__visibility_control.h
[5.719s] -- Symlinking: /home/hurs1/ackermann_ws/install/ackermann_msgs/include/ackermann_msgs/ackermann_msgs/srv/detail/detect_object__rosidl_typesupport_fastrtps_c.h
[5.724s] -- Symlinking: /home/hurs1/ackermann_ws/install/ackermann_msgs/include/ackermann_msgs/ackermann_msgs/msg/rosidl_typesupport_introspection_c__visibility_control.h
[5.728s] -- Symlinking: /home/hurs1/ackermann_ws/install/ackermann_msgs/include/ackermann_msgs/ackermann_msgs/srv/detail/detect_object__rosidl_typesupport_introspection_c.h
[5.733s] -- Symlinking: /home/hurs1/ackermann_ws/install/ackermann_msgs/include/ackermann_msgs/ackermann_msgs/msg/rosidl_generator_cpp__visibility_control.hpp
[5.737s] -- Symlinking: /home/hurs1/ackermann_ws/install/ackermann_msgs/include/ackermann_msgs/ackermann_msgs/srv/detail/detect_object__builder.hpp
[5.742s] -- Symlinking: /home/hurs1/ackermann_ws/install/ackermann_msgs/include/ackermann_msgs/ackermann_msgs/srv/detail/detect_object__struct.hpp
[5.746s] -- Symlinking: /home/hurs1/ackermann_ws/install/ackermann_msgs/include/ackermann_msgs/ackermann_msgs/srv/detail/detect_object__traits.hpp
[5.750s] -- Symlinking: /home/hurs1/ackermann_ws/install/ackermann_msgs/include/ackermann_msgs/ackermann_msgs/srv/detail/detect_object__type_support.hpp
[5.754s] -- Symlinking: /home/hurs1/ackermann_ws/install/ackermann_msgs/include/ackermann_msgs/ackermann_msgs/srv/detect_object.hpp
[5.759s] -- Symlinking: /home/hurs1/ackermann_ws/install/ackermann_msgs/include/ackermann_msgs/ackermann_msgs/msg/rosidl_typesupport_fastrtps_cpp__visibility_control.h
[5.763s] -- Symlinking: /home/hurs1/ackermann_ws/install/ackermann_msgs/include/ackermann_msgs/ackermann_msgs/srv/detail/detect_object__rosidl_typesupport_fastrtps_cpp.hpp
[5.767s] -- Symlinking: /home/hurs1/ackermann_ws/install/ackermann_msgs/include/ackermann_msgs/ackermann_msgs/srv/detail/detect_object__rosidl_typesupport_introspection_cpp.hpp
[5.771s] -- Symlinking: /home/hurs1/ackermann_ws/install/ackermann_msgs/share/ackermann_msgs/environment/pythonpath.sh
[5.775s] -- Symlinking: /home/hurs1/ackermann_ws/install/ackermann_msgs/share/ackermann_msgs/environment/pythonpath.dsv
[5.779s] -- Symlinking: /home/hurs1/ackermann_ws/install/ackermann_msgs/local/lib/python3.10/dist-packages/ackermann_msgs-0.0.0-py3.10.egg-info/PKG-INFO
[5.783s] -- Symlinking: /home/hurs1/ackermann_ws/install/ackermann_msgs/local/lib/python3.10/dist-packages/ackermann_msgs-0.0.0-py3.10.egg-info/SOURCES.txt
[5.788s] -- Symlinking: /home/hurs1/ackermann_ws/install/ackermann_msgs/local/lib/python3.10/dist-packages/ackermann_msgs-0.0.0-py3.10.egg-info/dependency_links.txt
[5.792s] -- Symlinking: /home/hurs1/ackermann_ws/install/ackermann_msgs/local/lib/python3.10/dist-packages/ackermann_msgs-0.0.0-py3.10.egg-info/top_level.txt
[5.796s] -- Symlinking: /home/hurs1/ackermann_ws/install/ackermann_msgs/local/lib/python3.10/dist-packages/ackermann_msgs/__init__.py
[5.800s] -- Symlinking: /home/hurs1/ackermann_ws/install/ackermann_msgs/local/lib/python3.10/dist-packages/ackermann_msgs/_ackermann_msgs_s.ep.rosidl_typesupport_c.c
[5.804s] -- Symlinking: /home/hurs1/ackermann_ws/install/ackermann_msgs/local/lib/python3.10/dist-packages/ackermann_msgs/_ackermann_msgs_s.ep.rosidl_typesupport_fastrtps_c.c
[5.809s] -- Symlinking: /home/hurs1/ackermann_ws/install/ackermann_msgs/local/lib/python3.10/dist-packages/ackermann_msgs/_ackermann_msgs_s.ep.rosidl_typesupport_introspection_c.c
[5.813s] -- Symlinking: /home/hurs1/ackermann_ws/install/ackermann_msgs/local/lib/python3.10/dist-packages/ackermann_msgs/ackermann_msgs_s__rosidl_typesupport_c.cpython-310-x86_64-linux-gnu.so
[5.817s] -- Symlinking: /home/hurs1/ackermann_ws/install/ackermann_msgs/local/lib/python3.10/dist-packages/ackermann_msgs/ackermann_msgs_s__rosidl_typesupport_fastrtps_c.cpython-310-x86_64-linux-gnu.so
[5.822s] -- Symlinking: /home/hurs1/ackermann_ws/install/ackermann_msgs/local/lib/python3.10/dist-packages/ackermann_msgs/ackermann_msgs_s__rosidl_typesupport_introspection_c.cpython-310-x86_64-linux-gnu.so
[5.826s] -- Symlinking: /home/hurs1/ackermann_ws/install/ackermann_msgs/local/lib/python3.10/dist-packages/ackermann_msgs/libackermann_msgs__rosidl_generator_py.so
[5.830s] -- Symlinking: /home/hurs1/ackermann_ws/install/ackermann_msgs/local/lib/python3.10/dist-packages/ackermann_msgs/srv/__init__.py
[5.834s] -- Symlinking: /home/hurs1/ackermann_ws/install/ackermann_msgs/local/lib/python3.10/dist-packages/ackermann_msgs/srv/_detect_object.py
[5.838s] -- Symlinking: /home/hurs1/ackermann_ws/install/ackermann_msgs/local/lib/python3.10/dist-packages/ackermann_msgs/srv/_detect_object_s.c
[5.842s] -- Up-to-date symlink: /home/hurs1/ackermann_ws/install/ackermann_msgs/local/lib/python3.10/dist-packages/ackermann_msgs/ackermann_msgs_s__rosidl_typesupport_fastrtps_c.cpython-310-x86_64-linux-gnu.so
[5.842s] -- Up-to-date symlink: /home/hurs1/ackermann_ws/install/ackermann_msgs/local/lib/python3.10/dist-packages/ackermann_msgs/ackermann_msgs_s__rosidl_typesupport_introspection_c.cpython-310-x86_64-linux-gnu.so
[5.842s] -- Up-to-date symlink: /home/hurs1/ackermann_ws/install/ackermann_msgs/local/lib/python3.10/dist-packages/ackermann_msgs/ackermann_msgs_s__rosidl_typesupport_c.cpython-310-x86_64-linux-gnu.so
[5.842s] -- Symlinking: /home/hurs1/ackermann_ws/install/ackermann_msgs/share/ament_index/resource_index/rust_packages/ackermann_msgs
[5.847s] -- Symlinking: /home/hurs1/ackermann_ws/install/ackermann_msgs/share/ackermann_msgs/rust/Cargo.toml
[5.851s] -- Symlinking: /home/hurs1/ackermann_ws/install/ackermann_msgs/share/ackermann_msgs/rust/build.rs
[5.855s] -- Symlinking: /home/hurs1/ackermann_ws/install/ackermann_msgs/share/ackermann_msgs/rust/src/lib.rs
[5.859s] -- Symlinking: /home/hurs1/ackermann_ws/install/ackermann_msgs/share/ackermann_msgs/rust/src/srv.rs
[5.863s] -- Symlinking: /home/hurs1/ackermann_ws/install/ackermann_msgs/share/ackermann_msgs/rust/src/srv/rmw.rs
[5.867s] -- Symlinking: /home/hurs1/ackermann_ws/install/ackermann_msgs/share/ackermann_msgs/srv/DetectObject.idl
[5.871s] -- Symlinking: /home/hurs1/ackermann_ws/install/ackermann_msgs/share/ackermann_msgs/srv/DetectObject.srv
[5.876s] -- Symlinking: /home/hurs1/ackermann_ws/install/ackermann_msgs/share/ackermann_msgs/srv/DetectObject_Request.msg
[5.880s] -- Symlinking: /home/hurs1/ackermann_ws/install/ackermann_msgs/share/ackermann_msgs/srv/DetectObject_Response.msg
[5.884s] -- Symlinking: /home/hurs1/ackermann_ws/install/ackermann_msgs/share/ament_index/resource_index/package_run_dependencies/ackermann_msgs
[5.888s] -- Symlinking: /home/hurs1/ackermann_ws/install/ackermann_msgs/share/ament_index/resource_index/parent_prefix_path/ackermann_msgs
[5.893s] -- Symlinking: /home/hurs1/ackermann_ws/install/ackermann_msgs/share/ackermann_msgs/environment/ament_prefix_path.sh
[5.896s] -- Symlinking: /home/hurs1/ackermann_ws/install/ackermann_msgs/share/ackermann_msgs/environment/ament_prefix_path.dsv
[5.901s] -- Symlinking: /home/hurs1/ackermann_ws/install/ackermann_msgs/share/ackermann_msgs/environment/path.sh
[5.905s] -- Symlinking: /home/hurs1/ackermann_ws/install/ackermann_msgs/share/ackermann_msgs/environment/path.dsv
[5.910s] -- Symlinking: /home/hurs1/ackermann_ws/install/ackermann_msgs/share/ackermann_msgs/local_setup.bash
[5.914s] -- Symlinking: /home/hurs1/ackermann_ws/install/ackermann_msgs/share/ackermann_msgs/local_setup.sh
[5.918s] -- Symlinking: /home/hurs1/ackermann_ws/install/ackermann_msgs/share/ackermann_msgs/local_setup.zsh
[5.923s] -- Symlinking: /home/hurs1/ackermann_ws/install/ackermann_msgs/share/ackermann_msgs/local_setup.dsv
[5.927s] -- Symlinking: /home/hurs1/ackermann_ws/install/ackermann_msgs/share/ackermann_msgs/package.dsv
[5.931s] -- Symlinking: /home/hurs1/ackermann_ws/install/ackermann_msgs/share/ament_index/resource_index/packages/ackermann_msgs
[5.935s] -- Symlinking: /home/hurs1/ackermann_ws/install/ackermann_msgs/share/ackermann_msgs/cmake/rosidl_cmake-extras.cmake
[5.939s] -- Symlinking: /home/hurs1/ackermann_ws/install/ackermann_msgs/share/ackermann_msgs/cmake/ament_cmake_export_dependencies-extras.cmake
[5.943s] -- Symlinking: /home/hurs1/ackermann_ws/install/ackermann_msgs/share/ackermann_msgs/cmake/ament_cmake_export_include_directories-extras.cmake
[5.948s] -- Symlinking: /home/hurs1/ackermann_ws/install/ackermann_msgs/share/ackermann_msgs/cmake/ament_cmake_export_libraries-extras.cmake
[5.952s] -- Symlinking: /home/hurs1/ackermann_ws/install/ackermann_msgs/share/ackermann_msgs/cmake/ament_cmake_export_targets-extras.cmake
[5.956s] -- Symlinking: /home/hurs1/ackermann_ws/install/ackermann_msgs/share/ackermann_msgs/cmake/rosidl_cmake_export_typesupport_targets-extras.cmake
[5.960s] -- Symlinking: /home/hurs1/ackermann_ws/install/ackermann_msgs/share/ackermann_msgs/cmake/rosidl_cmake_export_typesupport_libraries-extras.cmake
[5.965s] -- Symlinking: /home/hurs1/ackermann_ws/install/ackermann_msgs/share/ackermann_msgs/cmake/rosidl_cmake_aggregate_target-extras.cmake
[5.969s] -- Symlinking: /home/hurs1/ackermann_ws/install/ackermann_msgs/share/ackermann_msgs/cmake/ackermann_msgsConfig.cmake
[5.973s] -- Symlinking: /home/hurs1/ackermann_ws/install/ackermann_msgs/share/ackermann_msgs/cmake/ackermann_msgsConfig-version.cmake
[5.977s] -- Symlinking: /home/hurs1/ackermann_ws/install/ackermann_msgs/share/ackermann_msgs/package.xml
[5.982s] -- Installing: /home/hurs1/ackermann_ws/install/ackermann_msgs/lib/libackermann_msgs__rosidl_generator_c.so
[5.982s] -- Set runtime path of "/home/hurs1/ackermann_ws/install/ackermann_msgs/lib/libackermann_msgs__rosidl_generator_c.so" to ""
[5.982s] -- Installing: /home/hurs1/ackermann_ws/install/ackermann_msgs/lib/libackermann_msgs__rosidl_typesupport_fastrtps_c.so
[5.982s] -- Set runtime path of "/home/hurs1/ackermann_ws/install/ackermann_msgs/lib/libackermann_msgs__rosidl_typesupport_fastrtps_c.so" to ""
[5.982s] -- Installing: /home/hurs1/ackermann_ws/install/ackermann_msgs/lib/libackermann_msgs__rosidl_typesupport_introspection_c.so
[5.982s] -- Set runtime path of "/home/hurs1/ackermann_ws/install/ackermann_msgs/lib/libackermann_msgs__rosidl_typesupport_introspection_c.so" to ""
[5.982s] -- Installing: /home/hurs1/ackermann_ws/install/ackermann_msgs/lib/libackermann_msgs__rosidl_typesupport_c.so
[5.982s] -- Set runtime path of "/home/hurs1/ackermann_ws/install/ackermann_msgs/lib/libackermann_msgs__rosidl_typesupport_c.so" to ""
[5.982s] -- Installing: /home/hurs1/ackermann_ws/install/ackermann_msgs/lib/libackermann_msgs__rosidl_typesupport_fastrtps_cpp.so
[5.982s] -- Set runtime path of "/home/hurs1/ackermann_ws/install/ackermann_msgs/lib/libackermann_msgs__rosidl_typesupport_fastrtps_cpp.so" to ""
[5.983s] -- Installing: /home/hurs1/ackermann_ws/install/ackermann_msgs/lib/libackermann_msgs__rosidl_typesupport_introspection_cpp.so
[5.983s] -- Set runtime path of "/home/hurs1/ackermann_ws/install/ackermann_msgs/lib/libackermann_msgs__rosidl_typesupport_introspection_cpp.so" to ""
[5.983s] -- Installing: /home/hurs1/ackermann_ws/install/ackermann_msgs/lib/libackermann_msgs__rosidl_typesupport_cpp.so
[5.983s] -- Set runtime path of "/home/hurs1/ackermann_ws/install/ackermann_msgs/lib/libackermann_msgs__rosidl_typesupport_cpp.so" to ""
[6.005s] Listing '/home/hurs1/ackermann_ws/install/ackermann_msgs/local/lib/python3.10/dist-packages/ackermann_msgs'...
[6.005s] Compiling '/home/hurs1/ackermann_ws/install/ackermann_msgs/local/lib/python3.10/dist-packages/ackermann_msgs/__init__.py'...
[6.005s] Listing '/home/hurs1/ackermann_ws/install/ackermann_msgs/local/lib/python3.10/dist-packages/ackermann_msgs/srv'...
[6.005s] Compiling '/home/hurs1/ackermann_ws/install/ackermann_msgs/local/lib/python3.10/dist-packages/ackermann_msgs/srv/__init__.py'...
[6.005s] Compiling '/home/hurs1/ackermann_ws/install/ackermann_msgs/local/lib/python3.10/dist-packages/ackermann_msgs/srv/_detect_object.py'...
[6.008s] -- Installing: /home/hurs1/ackermann_ws/install/ackermann_msgs/lib/libackermann_msgs__rosidl_generator_py.so
[6.008s] -- Set runtime path of "/home/hurs1/ackermann_ws/install/ackermann_msgs/lib/libackermann_msgs__rosidl_generator_py.so" to ""
[6.008s] -- Installing: /home/hurs1/ackermann_ws/install/ackermann_msgs/share/ackermann_msgs/cmake/export_ackermann_msgs__rosidl_generator_cExport.cmake
[6.008s] -- Installing: /home/hurs1/ackermann_ws/install/ackermann_msgs/share/ackermann_msgs/cmake/export_ackermann_msgs__rosidl_generator_cExport-noconfig.cmake
[6.008s] -- Installing: /home/hurs1/ackermann_ws/install/ackermann_msgs/share/ackermann_msgs/cmake/export_ackermann_msgs__rosidl_typesupport_fastrtps_cExport.cmake
[6.008s] -- Installing: /home/hurs1/ackermann_ws/install/ackermann_msgs/share/ackermann_msgs/cmake/export_ackermann_msgs__rosidl_typesupport_fastrtps_cExport-noconfig.cmake
[6.008s] -- Installing: /home/hurs1/ackermann_ws/install/ackermann_msgs/share/ackermann_msgs/cmake/ackermann_msgs__rosidl_typesupport_introspection_cExport.cmake
[6.008s] -- Installing: /home/hurs1/ackermann_ws/install/ackermann_msgs/share/ackermann_msgs/cmake/ackermann_msgs__rosidl_typesupport_introspection_cExport-noconfig.cmake
[6.009s] -- Installing: /home/hurs1/ackermann_ws/install/ackermann_msgs/share/ackermann_msgs/cmake/ackermann_msgs__rosidl_typesupport_cExport.cmake
[6.009s] -- Installing: /home/hurs1/ackermann_ws/install/ackermann_msgs/share/ackermann_msgs/cmake/ackermann_msgs__rosidl_typesupport_cExport-noconfig.cmake
[6.009s] -- Installing: /home/hurs1/ackermann_ws/install/ackermann_msgs/share/ackermann_msgs/cmake/export_ackermann_msgs__rosidl_generator_cppExport.cmake
[6.009s] -- Installing: /home/hurs1/ackermann_ws/install/ackermann_msgs/share/ackermann_msgs/cmake/export_ackermann_msgs__rosidl_typesupport_fastrtps_cppExport.cmake
[6.009s] -- Installing: /home/hurs1/ackermann_ws/install/ackermann_msgs/share/ackermann_msgs/cmake/export_ackermann_msgs__rosidl_typesupport_fastrtps_cppExport-noconfig.cmake
[6.009s] -- Installing: /home/hurs1/ackermann_ws/install/ackermann_msgs/share/ackermann_msgs/cmake/ackermann_msgs__rosidl_typesupport_introspection_cppExport.cmake
[6.009s] -- Installing: /home/hurs1/ackermann_ws/install/ackermann_msgs/share/ackermann_msgs/cmake/ackermann_msgs__rosidl_typesupport_introspection_cppExport-noconfig.cmake
[6.009s] -- Installing: /home/hurs1/ackermann_ws/install/ackermann_msgs/share/ackermann_msgs/cmake/ackermann_msgs__rosidl_typesupport_cppExport.cmake
[6.009s] -- Installing: /home/hurs1/ackermann_ws/install/ackermann_msgs/share/ackermann_msgs/cmake/ackermann_msgs__rosidl_typesupport_cppExport-noconfig.cmake
[6.009s] -- Installing: /home/hurs1/ackermann_ws/install/ackermann_msgs/share/ackermann_msgs/cmake/export_ackermann_msgs__rosidl_generator_pyExport.cmake
[6.009s] -- Installing: /home/hurs1/ackermann_ws/install/ackermann_msgs/share/ackermann_msgs/cmake/export_ackermann_msgs__rosidl_generator_pyExport-noconfig.cmake
[6.011s] Invoked command in '/home/hurs1/ackermann_ws/build/ackermann_msgs' returned '0': CMAKE_PREFIX_PATH=/home/hurs1/rqt_ws/install/rqt_robot_steering:/opt/ros/humble /usr/bin/cmake --install /home/hurs1/ackermann_ws/build/ackermann_msgs
