[0.011s] Invoking command in '/home/hurs1/ackermann_ws/build/ackermann_description': CMAKE_PREFIX_PATH=/opt/ros/humble /usr/bin/cmake --build /home/hurs1/ackermann_ws/build/ackermann_description -- -j24 -l24
[0.045s] Invoked command in '/home/hurs1/ackermann_ws/build/ackermann_description' returned '0': CMAKE_PREFIX_PATH=/opt/ros/humble /usr/bin/cmake --build /home/hurs1/ackermann_ws/build/ackermann_description -- -j24 -l24
[0.054s] Invoking command in '/home/hurs1/ackermann_ws/build/ackermann_description': CMAKE_PREFIX_PATH=/opt/ros/humble /usr/bin/cmake --install /home/hurs1/ackermann_ws/build/ackermann_description
[0.060s] -- Install configuration: ""
[0.060s] -- Execute custom install script
[0.061s] -- Up-to-date symlink: /home/hurs1/ackermann_ws/install/ackermann_description/share/ackermann_description/urdf/base.xacro
[0.061s] -- Symlinking: /home/hurs1/ackermann_ws/install/ackermann_description/share/ackermann_description/urdf/base_ackermann.xacro
[0.067s] -- Up-to-date symlink: /home/hurs1/ackermann_ws/install/ackermann_description/share/ackermann_description/urdf/control.xacro
[0.067s] -- Symlinking: /home/hurs1/ackermann_ws/install/ackermann_description/share/ackermann_description/urdf/control_ackermann.xacro
[0.074s] -- Up-to-date symlink: /home/hurs1/ackermann_ws/install/ackermann_description/share/ackermann_description/urdf/robot.xacro
[0.074s] -- Up-to-date symlink: /home/hurs1/ackermann_ws/install/ackermann_description/share/ackermann_description/urdf/sensors.xacro
[0.074s] -- Symlinking: /home/hurs1/ackermann_ws/install/ackermann_description/share/ackermann_description/urdf/sensors_ackermann.xacro
[0.080s] -- Up-to-date symlink: /home/hurs1/ackermann_ws/install/ackermann_description/share/ackermann_description/meshes/chasis.stl
[0.080s] -- Up-to-date symlink: /home/hurs1/ackermann_ws/install/ackermann_description/share/ackermann_description/meshes/wheel.stl
[0.081s] -- Up-to-date symlink: /home/hurs1/ackermann_ws/install/ackermann_description/share/ament_index/resource_index/package_run_dependencies/ackermann_description
[0.081s] -- Up-to-date symlink: /home/hurs1/ackermann_ws/install/ackermann_description/share/ament_index/resource_index/parent_prefix_path/ackermann_description
[0.081s] -- Up-to-date symlink: /home/hurs1/ackermann_ws/install/ackermann_description/share/ackermann_description/environment/ament_prefix_path.sh
[0.081s] -- Up-to-date symlink: /home/hurs1/ackermann_ws/install/ackermann_description/share/ackermann_description/environment/ament_prefix_path.dsv
[0.082s] -- Up-to-date symlink: /home/hurs1/ackermann_ws/install/ackermann_description/share/ackermann_description/environment/path.sh
[0.082s] -- Up-to-date symlink: /home/hurs1/ackermann_ws/install/ackermann_description/share/ackermann_description/environment/path.dsv
[0.082s] -- Up-to-date symlink: /home/hurs1/ackermann_ws/install/ackermann_description/share/ackermann_description/local_setup.bash
[0.082s] -- Up-to-date symlink: /home/hurs1/ackermann_ws/install/ackermann_description/share/ackermann_description/local_setup.sh
[0.082s] -- Up-to-date symlink: /home/hurs1/ackermann_ws/install/ackermann_description/share/ackermann_description/local_setup.zsh
[0.082s] -- Up-to-date symlink: /home/hurs1/ackermann_ws/install/ackermann_description/share/ackermann_description/local_setup.dsv
[0.082s] -- Symlinking: /home/hurs1/ackermann_ws/install/ackermann_description/share/ackermann_description/package.dsv
[0.090s] -- Up-to-date symlink: /home/hurs1/ackermann_ws/install/ackermann_description/share/ament_index/resource_index/packages/ackermann_description
[0.090s] -- Up-to-date symlink: /home/hurs1/ackermann_ws/install/ackermann_description/share/ackermann_description/cmake/ackermann_descriptionConfig.cmake
[0.090s] -- Up-to-date symlink: /home/hurs1/ackermann_ws/install/ackermann_description/share/ackermann_description/cmake/ackermann_descriptionConfig-version.cmake
[0.090s] -- Up-to-date symlink: /home/hurs1/ackermann_ws/install/ackermann_description/share/ackermann_description/package.xml
[0.091s] Invoked command in '/home/hurs1/ackermann_ws/build/ackermann_description' returned '0': CMAKE_PREFIX_PATH=/opt/ros/humble /usr/bin/cmake --install /home/hurs1/ackermann_ws/build/ackermann_description
