[0.540s] DEBUG:colcon:Command line arguments: ['/usr/bin/colcon', 'build', '--packages-select', 'ackermann_description', 'ackermann_simulation', 'ackermann_bringup', '--symlink-install']
[0.540s] DEBUG:colcon:Parsed command line arguments: Namespace(log_base=None, log_level=None, verb_name='build', build_base='build', install_base='install', merge_install=False, symlink_install=True, test_result_base=None, continue_on_error=False, executor='parallel', parallel_workers=24, event_handlers=None, ignore_user_meta=False, metas=['./colcon.meta'], base_paths=['.'], packages_ignore=None, packages_ignore_regex=None, paths=None, packages_up_to=None, packages_up_to_regex=None, packages_above=None, packages_above_and_dependencies=None, packages_above_depth=None, packages_select_by_dep=None, packages_skip_by_dep=None, packages_skip_up_to=None, packages_select_build_failed=False, packages_skip_build_finished=False, packages_select_test_failures=False, packages_skip_test_passed=False, packages_select=['ackermann_description', 'ackermann_simulation', 'ackermann_bringup'], packages_skip=None, packages_select_regex=None, packages_skip_regex=None, packages_start=None, packages_end=None, allow_overriding=[], cmake_args=None, cmake_target=None, cmake_target_skip_unavailable=False, cmake_clean_cache=False, cmake_clean_first=False, cmake_force_configure=False, ament_cmake_args=None, catkin_cmake_args=None, catkin_skip_building_tests=False, verb_parser=<colcon_defaults.argument_parser.defaults.DefaultArgumentsDecorator object at 0x7681c6ff4760>, verb_extension=<colcon_core.verb.build.BuildVerb object at 0x7681c6ff41c0>, main=<bound method BuildVerb.main of <colcon_core.verb.build.BuildVerb object at 0x7681c6ff41c0>>)
[0.638s] Level 1:colcon.colcon_core.package_discovery:discover_packages(colcon_meta) check parameters
[0.638s] Level 1:colcon.colcon_core.package_discovery:discover_packages(recursive) check parameters
[0.638s] Level 1:colcon.colcon_core.package_discovery:discover_packages(ignore) check parameters
[0.638s] Level 1:colcon.colcon_core.package_discovery:discover_packages(path) check parameters
[0.638s] Level 1:colcon.colcon_core.package_discovery:discover_packages(colcon_meta) discover
[0.638s] Level 1:colcon.colcon_core.package_discovery:discover_packages(recursive) discover
[0.638s] INFO:colcon.colcon_core.package_discovery:Crawling recursively for packages in '/home/hurs1/ackermann_ws'
[0.638s] Level 1:colcon.colcon_core.package_identification:_identify(.) by extensions ['ignore', 'ignore_ament_install']
[0.638s] Level 1:colcon.colcon_core.package_identification:_identify(.) by extension 'ignore'
[0.638s] Level 1:colcon.colcon_core.package_identification:_identify(.) by extension 'ignore_ament_install'
[0.638s] Level 1:colcon.colcon_core.package_identification:_identify(.) by extensions ['colcon_pkg']
[0.638s] Level 1:colcon.colcon_core.package_identification:_identify(.) by extension 'colcon_pkg'
[0.638s] Level 1:colcon.colcon_core.package_identification:_identify(.) by extensions ['colcon_meta']
[0.639s] Level 1:colcon.colcon_core.package_identification:_identify(.) by extension 'colcon_meta'
[0.639s] Level 1:colcon.colcon_core.package_identification:_identify(.) by extensions ['ros']
[0.639s] Level 1:colcon.colcon_core.package_identification:_identify(.) by extension 'ros'
[0.647s] Level 1:colcon.colcon_core.package_identification:_identify(.) by extensions ['cmake', 'python']
[0.647s] Level 1:colcon.colcon_core.package_identification:_identify(.) by extension 'cmake'
[0.647s] Level 1:colcon.colcon_core.package_identification:_identify(.) by extension 'python'
[0.647s] Level 1:colcon.colcon_core.package_identification:_identify(.) by extensions ['python_setup_py']
[0.647s] Level 1:colcon.colcon_core.package_identification:_identify(.) by extension 'python_setup_py'
[0.647s] Level 1:colcon.colcon_core.package_identification:_identify(build) by extensions ['ignore', 'ignore_ament_install']
[0.647s] Level 1:colcon.colcon_core.package_identification:_identify(build) by extension 'ignore'
[0.647s] Level 1:colcon.colcon_core.package_identification:_identify(build) ignored
[0.647s] Level 1:colcon.colcon_core.package_identification:_identify(install) by extensions ['ignore', 'ignore_ament_install']
[0.648s] Level 1:colcon.colcon_core.package_identification:_identify(install) by extension 'ignore'
[0.648s] Level 1:colcon.colcon_core.package_identification:_identify(install) ignored
[0.648s] Level 1:colcon.colcon_core.package_identification:_identify(log) by extensions ['ignore', 'ignore_ament_install']
[0.648s] Level 1:colcon.colcon_core.package_identification:_identify(log) by extension 'ignore'
[0.648s] Level 1:colcon.colcon_core.package_identification:_identify(log) ignored
[0.648s] Level 1:colcon.colcon_core.package_identification:_identify(src) by extensions ['ignore', 'ignore_ament_install']
[0.648s] Level 1:colcon.colcon_core.package_identification:_identify(src) by extension 'ignore'
[0.648s] Level 1:colcon.colcon_core.package_identification:_identify(src) by extension 'ignore_ament_install'
[0.648s] Level 1:colcon.colcon_core.package_identification:_identify(src) by extensions ['colcon_pkg']
[0.648s] Level 1:colcon.colcon_core.package_identification:_identify(src) by extension 'colcon_pkg'
[0.648s] Level 1:colcon.colcon_core.package_identification:_identify(src) by extensions ['colcon_meta']
[0.648s] Level 1:colcon.colcon_core.package_identification:_identify(src) by extension 'colcon_meta'
[0.648s] Level 1:colcon.colcon_core.package_identification:_identify(src) by extensions ['ros']
[0.648s] Level 1:colcon.colcon_core.package_identification:_identify(src) by extension 'ros'
[0.648s] Level 1:colcon.colcon_core.package_identification:_identify(src) by extensions ['cmake', 'python']
[0.648s] Level 1:colcon.colcon_core.package_identification:_identify(src) by extension 'cmake'
[0.648s] Level 1:colcon.colcon_core.package_identification:_identify(src) by extension 'python'
[0.648s] Level 1:colcon.colcon_core.package_identification:_identify(src) by extensions ['python_setup_py']
[0.648s] Level 1:colcon.colcon_core.package_identification:_identify(src) by extension 'python_setup_py'
[0.648s] Level 1:colcon.colcon_core.package_identification:_identify(src/ackermann_robot) by extensions ['ignore', 'ignore_ament_install']
[0.648s] Level 1:colcon.colcon_core.package_identification:_identify(src/ackermann_robot) by extension 'ignore'
[0.648s] Level 1:colcon.colcon_core.package_identification:_identify(src/ackermann_robot) by extension 'ignore_ament_install'
[0.648s] Level 1:colcon.colcon_core.package_identification:_identify(src/ackermann_robot) by extensions ['colcon_pkg']
[0.648s] Level 1:colcon.colcon_core.package_identification:_identify(src/ackermann_robot) by extension 'colcon_pkg'
[0.648s] Level 1:colcon.colcon_core.package_identification:_identify(src/ackermann_robot) by extensions ['colcon_meta']
[0.648s] Level 1:colcon.colcon_core.package_identification:_identify(src/ackermann_robot) by extension 'colcon_meta'
[0.648s] Level 1:colcon.colcon_core.package_identification:_identify(src/ackermann_robot) by extensions ['ros']
[0.648s] Level 1:colcon.colcon_core.package_identification:_identify(src/ackermann_robot) by extension 'ros'
[0.648s] Level 1:colcon.colcon_core.package_identification:_identify(src/ackermann_robot) by extensions ['cmake', 'python']
[0.648s] Level 1:colcon.colcon_core.package_identification:_identify(src/ackermann_robot) by extension 'cmake'
[0.648s] Level 1:colcon.colcon_core.package_identification:_identify(src/ackermann_robot) by extension 'python'
[0.648s] Level 1:colcon.colcon_core.package_identification:_identify(src/ackermann_robot) by extensions ['python_setup_py']
[0.648s] Level 1:colcon.colcon_core.package_identification:_identify(src/ackermann_robot) by extension 'python_setup_py'
[0.648s] Level 1:colcon.colcon_core.package_identification:_identify(src/ackermann_robot/ackermann_agent) by extensions ['ignore', 'ignore_ament_install']
[0.648s] Level 1:colcon.colcon_core.package_identification:_identify(src/ackermann_robot/ackermann_agent) by extension 'ignore'
[0.648s] Level 1:colcon.colcon_core.package_identification:_identify(src/ackermann_robot/ackermann_agent) by extension 'ignore_ament_install'
[0.648s] Level 1:colcon.colcon_core.package_identification:_identify(src/ackermann_robot/ackermann_agent) by extensions ['colcon_pkg']
[0.648s] Level 1:colcon.colcon_core.package_identification:_identify(src/ackermann_robot/ackermann_agent) by extension 'colcon_pkg'
[0.649s] Level 1:colcon.colcon_core.package_identification:_identify(src/ackermann_robot/ackermann_agent) by extensions ['colcon_meta']
[0.649s] Level 1:colcon.colcon_core.package_identification:_identify(src/ackermann_robot/ackermann_agent) by extension 'colcon_meta'
[0.649s] Level 1:colcon.colcon_core.package_identification:_identify(src/ackermann_robot/ackermann_agent) by extensions ['ros']
[0.649s] Level 1:colcon.colcon_core.package_identification:_identify(src/ackermann_robot/ackermann_agent) by extension 'ros'
[0.651s] DEBUG:colcon.colcon_core.package_identification:Package 'src/ackermann_robot/ackermann_agent' with type 'ros.ament_python' and name 'ackermann_agent'
[0.651s] Level 1:colcon.colcon_core.package_identification:_identify(src/ackermann_robot/ackermann_bringup) by extensions ['ignore', 'ignore_ament_install']
[0.651s] Level 1:colcon.colcon_core.package_identification:_identify(src/ackermann_robot/ackermann_bringup) by extension 'ignore'
[0.651s] Level 1:colcon.colcon_core.package_identification:_identify(src/ackermann_robot/ackermann_bringup) by extension 'ignore_ament_install'
[0.651s] Level 1:colcon.colcon_core.package_identification:_identify(src/ackermann_robot/ackermann_bringup) by extensions ['colcon_pkg']
[0.651s] Level 1:colcon.colcon_core.package_identification:_identify(src/ackermann_robot/ackermann_bringup) by extension 'colcon_pkg'
[0.651s] Level 1:colcon.colcon_core.package_identification:_identify(src/ackermann_robot/ackermann_bringup) by extensions ['colcon_meta']
[0.651s] Level 1:colcon.colcon_core.package_identification:_identify(src/ackermann_robot/ackermann_bringup) by extension 'colcon_meta'
[0.651s] Level 1:colcon.colcon_core.package_identification:_identify(src/ackermann_robot/ackermann_bringup) by extensions ['ros']
[0.651s] Level 1:colcon.colcon_core.package_identification:_identify(src/ackermann_robot/ackermann_bringup) by extension 'ros'
[0.652s] DEBUG:colcon.colcon_core.package_identification:Package 'src/ackermann_robot/ackermann_bringup' with type 'ros.ament_cmake' and name 'ackermann_bringup'
[0.652s] Level 1:colcon.colcon_core.package_identification:_identify(src/ackermann_robot/ackermann_description) by extensions ['ignore', 'ignore_ament_install']
[0.652s] Level 1:colcon.colcon_core.package_identification:_identify(src/ackermann_robot/ackermann_description) by extension 'ignore'
[0.652s] Level 1:colcon.colcon_core.package_identification:_identify(src/ackermann_robot/ackermann_description) by extension 'ignore_ament_install'
[0.652s] Level 1:colcon.colcon_core.package_identification:_identify(src/ackermann_robot/ackermann_description) by extensions ['colcon_pkg']
[0.652s] Level 1:colcon.colcon_core.package_identification:_identify(src/ackermann_robot/ackermann_description) by extension 'colcon_pkg'
[0.652s] Level 1:colcon.colcon_core.package_identification:_identify(src/ackermann_robot/ackermann_description) by extensions ['colcon_meta']
[0.652s] Level 1:colcon.colcon_core.package_identification:_identify(src/ackermann_robot/ackermann_description) by extension 'colcon_meta'
[0.652s] Level 1:colcon.colcon_core.package_identification:_identify(src/ackermann_robot/ackermann_description) by extensions ['ros']
[0.652s] Level 1:colcon.colcon_core.package_identification:_identify(src/ackermann_robot/ackermann_description) by extension 'ros'
[0.652s] DEBUG:colcon.colcon_core.package_identification:Package 'src/ackermann_robot/ackermann_description' with type 'ros.ament_cmake' and name 'ackermann_description'
[0.653s] Level 1:colcon.colcon_core.package_identification:_identify(src/ackermann_robot/ackermann_hardware) by extensions ['ignore', 'ignore_ament_install']
[0.653s] Level 1:colcon.colcon_core.package_identification:_identify(src/ackermann_robot/ackermann_hardware) by extension 'ignore'
[0.653s] Level 1:colcon.colcon_core.package_identification:_identify(src/ackermann_robot/ackermann_hardware) by extension 'ignore_ament_install'
[0.653s] Level 1:colcon.colcon_core.package_identification:_identify(src/ackermann_robot/ackermann_hardware) by extensions ['colcon_pkg']
[0.653s] Level 1:colcon.colcon_core.package_identification:_identify(src/ackermann_robot/ackermann_hardware) by extension 'colcon_pkg'
[0.653s] Level 1:colcon.colcon_core.package_identification:_identify(src/ackermann_robot/ackermann_hardware) by extensions ['colcon_meta']
[0.653s] Level 1:colcon.colcon_core.package_identification:_identify(src/ackermann_robot/ackermann_hardware) by extension 'colcon_meta'
[0.653s] Level 1:colcon.colcon_core.package_identification:_identify(src/ackermann_robot/ackermann_hardware) by extensions ['ros']
[0.653s] Level 1:colcon.colcon_core.package_identification:_identify(src/ackermann_robot/ackermann_hardware) by extension 'ros'
[0.653s] DEBUG:colcon.colcon_core.package_identification:Package 'src/ackermann_robot/ackermann_hardware' with type 'ros.ament_cmake' and name 'ackermann_hardware'
[0.653s] Level 1:colcon.colcon_core.package_identification:_identify(src/ackermann_robot/ackermann_msgs) by extensions ['ignore', 'ignore_ament_install']
[0.653s] Level 1:colcon.colcon_core.package_identification:_identify(src/ackermann_robot/ackermann_msgs) by extension 'ignore'
[0.653s] Level 1:colcon.colcon_core.package_identification:_identify(src/ackermann_robot/ackermann_msgs) by extension 'ignore_ament_install'
[0.653s] Level 1:colcon.colcon_core.package_identification:_identify(src/ackermann_robot/ackermann_msgs) by extensions ['colcon_pkg']
[0.653s] Level 1:colcon.colcon_core.package_identification:_identify(src/ackermann_robot/ackermann_msgs) by extension 'colcon_pkg'
[0.653s] Level 1:colcon.colcon_core.package_identification:_identify(src/ackermann_robot/ackermann_msgs) by extensions ['colcon_meta']
[0.653s] Level 1:colcon.colcon_core.package_identification:_identify(src/ackermann_robot/ackermann_msgs) by extension 'colcon_meta'
[0.653s] Level 1:colcon.colcon_core.package_identification:_identify(src/ackermann_robot/ackermann_msgs) by extensions ['ros']
[0.653s] Level 1:colcon.colcon_core.package_identification:_identify(src/ackermann_robot/ackermann_msgs) by extension 'ros'
[0.654s] DEBUG:colcon.colcon_core.package_identification:Package 'src/ackermann_robot/ackermann_msgs' with type 'ros.ament_cmake' and name 'ackermann_msgs'
[0.654s] Level 1:colcon.colcon_core.package_identification:_identify(src/ackermann_robot/ackermann_simulation) by extensions ['ignore', 'ignore_ament_install']
[0.654s] Level 1:colcon.colcon_core.package_identification:_identify(src/ackermann_robot/ackermann_simulation) by extension 'ignore'
[0.654s] Level 1:colcon.colcon_core.package_identification:_identify(src/ackermann_robot/ackermann_simulation) by extension 'ignore_ament_install'
[0.654s] Level 1:colcon.colcon_core.package_identification:_identify(src/ackermann_robot/ackermann_simulation) by extensions ['colcon_pkg']
[0.654s] Level 1:colcon.colcon_core.package_identification:_identify(src/ackermann_robot/ackermann_simulation) by extension 'colcon_pkg'
[0.654s] Level 1:colcon.colcon_core.package_identification:_identify(src/ackermann_robot/ackermann_simulation) by extensions ['colcon_meta']
[0.654s] Level 1:colcon.colcon_core.package_identification:_identify(src/ackermann_robot/ackermann_simulation) by extension 'colcon_meta'
[0.654s] Level 1:colcon.colcon_core.package_identification:_identify(src/ackermann_robot/ackermann_simulation) by extensions ['ros']
[0.654s] Level 1:colcon.colcon_core.package_identification:_identify(src/ackermann_robot/ackermann_simulation) by extension 'ros'
[0.655s] DEBUG:colcon.colcon_core.package_identification:Package 'src/ackermann_robot/ackermann_simulation' with type 'ros.ament_cmake' and name 'ackermann_simulation'
[0.655s] Level 1:colcon.colcon_core.package_identification:_identify(src/ackermann_robot/assets) by extensions ['ignore', 'ignore_ament_install']
[0.655s] Level 1:colcon.colcon_core.package_identification:_identify(src/ackermann_robot/assets) by extension 'ignore'
[0.655s] Level 1:colcon.colcon_core.package_identification:_identify(src/ackermann_robot/assets) by extension 'ignore_ament_install'
[0.655s] Level 1:colcon.colcon_core.package_identification:_identify(src/ackermann_robot/assets) by extensions ['colcon_pkg']
[0.655s] Level 1:colcon.colcon_core.package_identification:_identify(src/ackermann_robot/assets) by extension 'colcon_pkg'
[0.655s] Level 1:colcon.colcon_core.package_identification:_identify(src/ackermann_robot/assets) by extensions ['colcon_meta']
[0.655s] Level 1:colcon.colcon_core.package_identification:_identify(src/ackermann_robot/assets) by extension 'colcon_meta'
[0.655s] Level 1:colcon.colcon_core.package_identification:_identify(src/ackermann_robot/assets) by extensions ['ros']
[0.655s] Level 1:colcon.colcon_core.package_identification:_identify(src/ackermann_robot/assets) by extension 'ros'
[0.655s] Level 1:colcon.colcon_core.package_identification:_identify(src/ackermann_robot/assets) by extensions ['cmake', 'python']
[0.655s] Level 1:colcon.colcon_core.package_identification:_identify(src/ackermann_robot/assets) by extension 'cmake'
[0.655s] Level 1:colcon.colcon_core.package_identification:_identify(src/ackermann_robot/assets) by extension 'python'
[0.655s] Level 1:colcon.colcon_core.package_identification:_identify(src/ackermann_robot/assets) by extensions ['python_setup_py']
[0.655s] Level 1:colcon.colcon_core.package_identification:_identify(src/ackermann_robot/assets) by extension 'python_setup_py'
[0.655s] Level 1:colcon.colcon_core.package_identification:_identify(src/ackermann_robot/assets/diagrams) by extensions ['ignore', 'ignore_ament_install']
[0.655s] Level 1:colcon.colcon_core.package_identification:_identify(src/ackermann_robot/assets/diagrams) by extension 'ignore'
[0.655s] Level 1:colcon.colcon_core.package_identification:_identify(src/ackermann_robot/assets/diagrams) by extension 'ignore_ament_install'
[0.655s] Level 1:colcon.colcon_core.package_identification:_identify(src/ackermann_robot/assets/diagrams) by extensions ['colcon_pkg']
[0.655s] Level 1:colcon.colcon_core.package_identification:_identify(src/ackermann_robot/assets/diagrams) by extension 'colcon_pkg'
[0.655s] Level 1:colcon.colcon_core.package_identification:_identify(src/ackermann_robot/assets/diagrams) by extensions ['colcon_meta']
[0.655s] Level 1:colcon.colcon_core.package_identification:_identify(src/ackermann_robot/assets/diagrams) by extension 'colcon_meta'
[0.655s] Level 1:colcon.colcon_core.package_identification:_identify(src/ackermann_robot/assets/diagrams) by extensions ['ros']
[0.655s] Level 1:colcon.colcon_core.package_identification:_identify(src/ackermann_robot/assets/diagrams) by extension 'ros'
[0.655s] Level 1:colcon.colcon_core.package_identification:_identify(src/ackermann_robot/assets/diagrams) by extensions ['cmake', 'python']
[0.655s] Level 1:colcon.colcon_core.package_identification:_identify(src/ackermann_robot/assets/diagrams) by extension 'cmake'
[0.655s] Level 1:colcon.colcon_core.package_identification:_identify(src/ackermann_robot/assets/diagrams) by extension 'python'
[0.655s] Level 1:colcon.colcon_core.package_identification:_identify(src/ackermann_robot/assets/diagrams) by extensions ['python_setup_py']
[0.655s] Level 1:colcon.colcon_core.package_identification:_identify(src/ackermann_robot/assets/diagrams) by extension 'python_setup_py'
[0.655s] Level 1:colcon.colcon_core.package_identification:_identify(src/ackermann_robot/assets/images) by extensions ['ignore', 'ignore_ament_install']
[0.655s] Level 1:colcon.colcon_core.package_identification:_identify(src/ackermann_robot/assets/images) by extension 'ignore'
[0.655s] Level 1:colcon.colcon_core.package_identification:_identify(src/ackermann_robot/assets/images) by extension 'ignore_ament_install'
[0.655s] Level 1:colcon.colcon_core.package_identification:_identify(src/ackermann_robot/assets/images) by extensions ['colcon_pkg']
[0.655s] Level 1:colcon.colcon_core.package_identification:_identify(src/ackermann_robot/assets/images) by extension 'colcon_pkg'
[0.655s] Level 1:colcon.colcon_core.package_identification:_identify(src/ackermann_robot/assets/images) by extensions ['colcon_meta']
[0.655s] Level 1:colcon.colcon_core.package_identification:_identify(src/ackermann_robot/assets/images) by extension 'colcon_meta'
[0.655s] Level 1:colcon.colcon_core.package_identification:_identify(src/ackermann_robot/assets/images) by extensions ['ros']
[0.655s] Level 1:colcon.colcon_core.package_identification:_identify(src/ackermann_robot/assets/images) by extension 'ros'
[0.655s] Level 1:colcon.colcon_core.package_identification:_identify(src/ackermann_robot/assets/images) by extensions ['cmake', 'python']
[0.655s] Level 1:colcon.colcon_core.package_identification:_identify(src/ackermann_robot/assets/images) by extension 'cmake'
[0.656s] Level 1:colcon.colcon_core.package_identification:_identify(src/ackermann_robot/assets/images) by extension 'python'
[0.656s] Level 1:colcon.colcon_core.package_identification:_identify(src/ackermann_robot/assets/images) by extensions ['python_setup_py']
[0.656s] Level 1:colcon.colcon_core.package_identification:_identify(src/ackermann_robot/assets/images) by extension 'python_setup_py'
[0.656s] Level 1:colcon.colcon_core.package_identification:_identify(src/gz_ros2_control) by extensions ['ignore', 'ignore_ament_install']
[0.656s] Level 1:colcon.colcon_core.package_identification:_identify(src/gz_ros2_control) by extension 'ignore'
[0.656s] Level 1:colcon.colcon_core.package_identification:_identify(src/gz_ros2_control) by extension 'ignore_ament_install'
[0.656s] Level 1:colcon.colcon_core.package_identification:_identify(src/gz_ros2_control) by extensions ['colcon_pkg']
[0.656s] Level 1:colcon.colcon_core.package_identification:_identify(src/gz_ros2_control) by extension 'colcon_pkg'
[0.656s] Level 1:colcon.colcon_core.package_identification:_identify(src/gz_ros2_control) by extensions ['colcon_meta']
[0.656s] Level 1:colcon.colcon_core.package_identification:_identify(src/gz_ros2_control) by extension 'colcon_meta'
[0.656s] Level 1:colcon.colcon_core.package_identification:_identify(src/gz_ros2_control) by extensions ['ros']
[0.656s] Level 1:colcon.colcon_core.package_identification:_identify(src/gz_ros2_control) by extension 'ros'
[0.656s] Level 1:colcon.colcon_core.package_identification:_identify(src/gz_ros2_control) by extensions ['cmake', 'python']
[0.656s] Level 1:colcon.colcon_core.package_identification:_identify(src/gz_ros2_control) by extension 'cmake'
[0.656s] Level 1:colcon.colcon_core.package_identification:_identify(src/gz_ros2_control) by extension 'python'
[0.656s] Level 1:colcon.colcon_core.package_identification:_identify(src/gz_ros2_control) by extensions ['python_setup_py']
[0.656s] Level 1:colcon.colcon_core.package_identification:_identify(src/gz_ros2_control) by extension 'python_setup_py'
[0.656s] Level 1:colcon.colcon_core.package_identification:_identify(src/gz_ros2_control/Dockerfile) by extensions ['ignore', 'ignore_ament_install']
[0.656s] Level 1:colcon.colcon_core.package_identification:_identify(src/gz_ros2_control/Dockerfile) by extension 'ignore'
[0.656s] Level 1:colcon.colcon_core.package_identification:_identify(src/gz_ros2_control/Dockerfile) by extension 'ignore_ament_install'
[0.656s] Level 1:colcon.colcon_core.package_identification:_identify(src/gz_ros2_control/Dockerfile) by extensions ['colcon_pkg']
[0.656s] Level 1:colcon.colcon_core.package_identification:_identify(src/gz_ros2_control/Dockerfile) by extension 'colcon_pkg'
[0.656s] Level 1:colcon.colcon_core.package_identification:_identify(src/gz_ros2_control/Dockerfile) by extensions ['colcon_meta']
[0.656s] Level 1:colcon.colcon_core.package_identification:_identify(src/gz_ros2_control/Dockerfile) by extension 'colcon_meta'
[0.656s] Level 1:colcon.colcon_core.package_identification:_identify(src/gz_ros2_control/Dockerfile) by extensions ['ros']
[0.656s] Level 1:colcon.colcon_core.package_identification:_identify(src/gz_ros2_control/Dockerfile) by extension 'ros'
[0.656s] Level 1:colcon.colcon_core.package_identification:_identify(src/gz_ros2_control/Dockerfile) by extensions ['cmake', 'python']
[0.656s] Level 1:colcon.colcon_core.package_identification:_identify(src/gz_ros2_control/Dockerfile) by extension 'cmake'
[0.656s] Level 1:colcon.colcon_core.package_identification:_identify(src/gz_ros2_control/Dockerfile) by extension 'python'
[0.656s] Level 1:colcon.colcon_core.package_identification:_identify(src/gz_ros2_control/Dockerfile) by extensions ['python_setup_py']
[0.656s] Level 1:colcon.colcon_core.package_identification:_identify(src/gz_ros2_control/Dockerfile) by extension 'python_setup_py'
[0.656s] Level 1:colcon.colcon_core.package_identification:_identify(src/gz_ros2_control/doc) by extensions ['ignore', 'ignore_ament_install']
[0.656s] Level 1:colcon.colcon_core.package_identification:_identify(src/gz_ros2_control/doc) by extension 'ignore'
[0.656s] Level 1:colcon.colcon_core.package_identification:_identify(src/gz_ros2_control/doc) by extension 'ignore_ament_install'
[0.656s] Level 1:colcon.colcon_core.package_identification:_identify(src/gz_ros2_control/doc) by extensions ['colcon_pkg']
[0.656s] Level 1:colcon.colcon_core.package_identification:_identify(src/gz_ros2_control/doc) by extension 'colcon_pkg'
[0.656s] Level 1:colcon.colcon_core.package_identification:_identify(src/gz_ros2_control/doc) by extensions ['colcon_meta']
[0.656s] Level 1:colcon.colcon_core.package_identification:_identify(src/gz_ros2_control/doc) by extension 'colcon_meta'
[0.656s] Level 1:colcon.colcon_core.package_identification:_identify(src/gz_ros2_control/doc) by extensions ['ros']
[0.656s] Level 1:colcon.colcon_core.package_identification:_identify(src/gz_ros2_control/doc) by extension 'ros'
[0.656s] Level 1:colcon.colcon_core.package_identification:_identify(src/gz_ros2_control/doc) by extensions ['cmake', 'python']
[0.656s] Level 1:colcon.colcon_core.package_identification:_identify(src/gz_ros2_control/doc) by extension 'cmake'
[0.656s] Level 1:colcon.colcon_core.package_identification:_identify(src/gz_ros2_control/doc) by extension 'python'
[0.656s] Level 1:colcon.colcon_core.package_identification:_identify(src/gz_ros2_control/doc) by extensions ['python_setup_py']
[0.656s] Level 1:colcon.colcon_core.package_identification:_identify(src/gz_ros2_control/doc) by extension 'python_setup_py'
[0.657s] Level 1:colcon.colcon_core.package_identification:_identify(src/gz_ros2_control/doc/img) by extensions ['ignore', 'ignore_ament_install']
[0.657s] Level 1:colcon.colcon_core.package_identification:_identify(src/gz_ros2_control/doc/img) by extension 'ignore'
[0.657s] Level 1:colcon.colcon_core.package_identification:_identify(src/gz_ros2_control/doc/img) by extension 'ignore_ament_install'
[0.657s] Level 1:colcon.colcon_core.package_identification:_identify(src/gz_ros2_control/doc/img) by extensions ['colcon_pkg']
[0.657s] Level 1:colcon.colcon_core.package_identification:_identify(src/gz_ros2_control/doc/img) by extension 'colcon_pkg'
[0.657s] Level 1:colcon.colcon_core.package_identification:_identify(src/gz_ros2_control/doc/img) by extensions ['colcon_meta']
[0.657s] Level 1:colcon.colcon_core.package_identification:_identify(src/gz_ros2_control/doc/img) by extension 'colcon_meta'
[0.657s] Level 1:colcon.colcon_core.package_identification:_identify(src/gz_ros2_control/doc/img) by extensions ['ros']
[0.657s] Level 1:colcon.colcon_core.package_identification:_identify(src/gz_ros2_control/doc/img) by extension 'ros'
[0.657s] Level 1:colcon.colcon_core.package_identification:_identify(src/gz_ros2_control/doc/img) by extensions ['cmake', 'python']
[0.657s] Level 1:colcon.colcon_core.package_identification:_identify(src/gz_ros2_control/doc/img) by extension 'cmake'
[0.657s] Level 1:colcon.colcon_core.package_identification:_identify(src/gz_ros2_control/doc/img) by extension 'python'
[0.657s] Level 1:colcon.colcon_core.package_identification:_identify(src/gz_ros2_control/doc/img) by extensions ['python_setup_py']
[0.657s] Level 1:colcon.colcon_core.package_identification:_identify(src/gz_ros2_control/doc/img) by extension 'python_setup_py'
[0.657s] Level 1:colcon.colcon_core.package_identification:_identify(src/gz_ros2_control/gz_ros2_control) by extensions ['ignore', 'ignore_ament_install']
[0.657s] Level 1:colcon.colcon_core.package_identification:_identify(src/gz_ros2_control/gz_ros2_control) by extension 'ignore'
[0.657s] Level 1:colcon.colcon_core.package_identification:_identify(src/gz_ros2_control/gz_ros2_control) by extension 'ignore_ament_install'
[0.657s] Level 1:colcon.colcon_core.package_identification:_identify(src/gz_ros2_control/gz_ros2_control) by extensions ['colcon_pkg']
[0.657s] Level 1:colcon.colcon_core.package_identification:_identify(src/gz_ros2_control/gz_ros2_control) by extension 'colcon_pkg'
[0.657s] Level 1:colcon.colcon_core.package_identification:_identify(src/gz_ros2_control/gz_ros2_control) by extensions ['colcon_meta']
[0.657s] Level 1:colcon.colcon_core.package_identification:_identify(src/gz_ros2_control/gz_ros2_control) by extension 'colcon_meta'
[0.657s] Level 1:colcon.colcon_core.package_identification:_identify(src/gz_ros2_control/gz_ros2_control) by extensions ['ros']
[0.657s] Level 1:colcon.colcon_core.package_identification:_identify(src/gz_ros2_control/gz_ros2_control) by extension 'ros'
[0.668s] DEBUG:colcon.colcon_core.package_identification:Package 'src/gz_ros2_control/gz_ros2_control' with type 'ros.ament_cmake' and name 'gz_ros2_control'
[0.668s] Level 1:colcon.colcon_core.package_identification:_identify(src/gz_ros2_control/gz_ros2_control_demos) by extensions ['ignore', 'ignore_ament_install']
[0.669s] Level 1:colcon.colcon_core.package_identification:_identify(src/gz_ros2_control/gz_ros2_control_demos) by extension 'ignore'
[0.669s] Level 1:colcon.colcon_core.package_identification:_identify(src/gz_ros2_control/gz_ros2_control_demos) by extension 'ignore_ament_install'
[0.669s] Level 1:colcon.colcon_core.package_identification:_identify(src/gz_ros2_control/gz_ros2_control_demos) by extensions ['colcon_pkg']
[0.669s] Level 1:colcon.colcon_core.package_identification:_identify(src/gz_ros2_control/gz_ros2_control_demos) by extension 'colcon_pkg'
[0.669s] Level 1:colcon.colcon_core.package_identification:_identify(src/gz_ros2_control/gz_ros2_control_demos) by extensions ['colcon_meta']
[0.669s] Level 1:colcon.colcon_core.package_identification:_identify(src/gz_ros2_control/gz_ros2_control_demos) by extension 'colcon_meta'
[0.669s] Level 1:colcon.colcon_core.package_identification:_identify(src/gz_ros2_control/gz_ros2_control_demos) by extensions ['ros']
[0.669s] Level 1:colcon.colcon_core.package_identification:_identify(src/gz_ros2_control/gz_ros2_control_demos) by extension 'ros'
[0.670s] DEBUG:colcon.colcon_core.package_identification:Package 'src/gz_ros2_control/gz_ros2_control_demos' with type 'ros.ament_cmake' and name 'gz_ros2_control_demos'
[0.671s] Level 1:colcon.colcon_core.package_identification:_identify(src/gz_ros2_control/gz_ros2_control_tests) by extensions ['ignore', 'ignore_ament_install']
[0.671s] Level 1:colcon.colcon_core.package_identification:_identify(src/gz_ros2_control/gz_ros2_control_tests) by extension 'ignore'
[0.671s] Level 1:colcon.colcon_core.package_identification:_identify(src/gz_ros2_control/gz_ros2_control_tests) by extension 'ignore_ament_install'
[0.671s] Level 1:colcon.colcon_core.package_identification:_identify(src/gz_ros2_control/gz_ros2_control_tests) by extensions ['colcon_pkg']
[0.671s] Level 1:colcon.colcon_core.package_identification:_identify(src/gz_ros2_control/gz_ros2_control_tests) by extension 'colcon_pkg'
[0.671s] Level 1:colcon.colcon_core.package_identification:_identify(src/gz_ros2_control/gz_ros2_control_tests) by extensions ['colcon_meta']
[0.671s] Level 1:colcon.colcon_core.package_identification:_identify(src/gz_ros2_control/gz_ros2_control_tests) by extension 'colcon_meta'
[0.671s] Level 1:colcon.colcon_core.package_identification:_identify(src/gz_ros2_control/gz_ros2_control_tests) by extensions ['ros']
[0.671s] Level 1:colcon.colcon_core.package_identification:_identify(src/gz_ros2_control/gz_ros2_control_tests) by extension 'ros'
[0.671s] DEBUG:colcon.colcon_core.package_identification:Package 'src/gz_ros2_control/gz_ros2_control_tests' with type 'ros.ament_cmake' and name 'gz_ros2_control_tests'
[0.671s] Level 1:colcon.colcon_core.package_identification:_identify(src/gz_ros2_control/ign_ros2_control) by extensions ['ignore', 'ignore_ament_install']
[0.671s] Level 1:colcon.colcon_core.package_identification:_identify(src/gz_ros2_control/ign_ros2_control) by extension 'ignore'
[0.671s] Level 1:colcon.colcon_core.package_identification:_identify(src/gz_ros2_control/ign_ros2_control) by extension 'ignore_ament_install'
[0.671s] Level 1:colcon.colcon_core.package_identification:_identify(src/gz_ros2_control/ign_ros2_control) by extensions ['colcon_pkg']
[0.671s] Level 1:colcon.colcon_core.package_identification:_identify(src/gz_ros2_control/ign_ros2_control) by extension 'colcon_pkg'
[0.671s] Level 1:colcon.colcon_core.package_identification:_identify(src/gz_ros2_control/ign_ros2_control) by extensions ['colcon_meta']
[0.671s] Level 1:colcon.colcon_core.package_identification:_identify(src/gz_ros2_control/ign_ros2_control) by extension 'colcon_meta'
[0.671s] Level 1:colcon.colcon_core.package_identification:_identify(src/gz_ros2_control/ign_ros2_control) by extensions ['ros']
[0.671s] Level 1:colcon.colcon_core.package_identification:_identify(src/gz_ros2_control/ign_ros2_control) by extension 'ros'
[0.672s] DEBUG:colcon.colcon_core.package_identification:Package 'src/gz_ros2_control/ign_ros2_control' with type 'ros.ament_cmake' and name 'ign_ros2_control'
[0.672s] Level 1:colcon.colcon_core.package_identification:_identify(src/gz_ros2_control/ign_ros2_control_demos) by extensions ['ignore', 'ignore_ament_install']
[0.672s] Level 1:colcon.colcon_core.package_identification:_identify(src/gz_ros2_control/ign_ros2_control_demos) by extension 'ignore'
[0.672s] Level 1:colcon.colcon_core.package_identification:_identify(src/gz_ros2_control/ign_ros2_control_demos) by extension 'ignore_ament_install'
[0.672s] Level 1:colcon.colcon_core.package_identification:_identify(src/gz_ros2_control/ign_ros2_control_demos) by extensions ['colcon_pkg']
[0.672s] Level 1:colcon.colcon_core.package_identification:_identify(src/gz_ros2_control/ign_ros2_control_demos) by extension 'colcon_pkg'
[0.672s] Level 1:colcon.colcon_core.package_identification:_identify(src/gz_ros2_control/ign_ros2_control_demos) by extensions ['colcon_meta']
[0.672s] Level 1:colcon.colcon_core.package_identification:_identify(src/gz_ros2_control/ign_ros2_control_demos) by extension 'colcon_meta'
[0.672s] Level 1:colcon.colcon_core.package_identification:_identify(src/gz_ros2_control/ign_ros2_control_demos) by extensions ['ros']
[0.672s] Level 1:colcon.colcon_core.package_identification:_identify(src/gz_ros2_control/ign_ros2_control_demos) by extension 'ros'
[0.672s] DEBUG:colcon.colcon_core.package_identification:Package 'src/gz_ros2_control/ign_ros2_control_demos' with type 'ros.ament_cmake' and name 'ign_ros2_control_demos'
[0.672s] Level 1:colcon.colcon_core.package_discovery:discover_packages(recursive) using defaults
[0.672s] Level 1:colcon.colcon_core.package_discovery:discover_packages(ignore) discover
[0.673s] Level 1:colcon.colcon_core.package_discovery:discover_packages(ignore) using defaults
[0.673s] Level 1:colcon.colcon_core.package_discovery:discover_packages(path) discover
[0.673s] Level 1:colcon.colcon_core.package_discovery:discover_packages(path) using defaults
[0.691s] INFO:colcon.colcon_core.package_selection:Skipping not selected package 'ackermann_hardware' in 'src/ackermann_robot/ackermann_hardware'
[0.691s] INFO:colcon.colcon_core.package_selection:Skipping not selected package 'ackermann_msgs' in 'src/ackermann_robot/ackermann_msgs'
[0.691s] INFO:colcon.colcon_core.package_selection:Skipping not selected package 'gz_ros2_control' in 'src/gz_ros2_control/gz_ros2_control'
[0.691s] INFO:colcon.colcon_core.package_selection:Skipping not selected package 'ackermann_agent' in 'src/ackermann_robot/ackermann_agent'
[0.691s] INFO:colcon.colcon_core.package_selection:Skipping not selected package 'gz_ros2_control_demos' in 'src/gz_ros2_control/gz_ros2_control_demos'
[0.691s] INFO:colcon.colcon_core.package_selection:Skipping not selected package 'ign_ros2_control' in 'src/gz_ros2_control/ign_ros2_control'
[0.691s] INFO:colcon.colcon_core.package_selection:Skipping not selected package 'ign_ros2_control_demos' in 'src/gz_ros2_control/ign_ros2_control_demos'
[0.691s] INFO:colcon.colcon_core.package_selection:Skipping not selected package 'gz_ros2_control_tests' in 'src/gz_ros2_control/gz_ros2_control_tests'
[0.692s] Level 1:colcon.colcon_core.package_discovery:discover_packages(prefix_path) check parameters
[0.692s] Level 1:colcon.colcon_core.package_discovery:discover_packages(prefix_path) discover
[0.693s] DEBUG:colcon.colcon_installed_package_information.package_discovery:Found 394 installed packages in /opt/ros/humble
[0.694s] Level 1:colcon.colcon_core.package_discovery:discover_packages(prefix_path) using defaults
[0.719s] Level 5:colcon.colcon_core.verb:set package 'ackermann_description' build argument 'cmake_args' from command line to 'None'
[0.719s] Level 5:colcon.colcon_core.verb:set package 'ackermann_description' build argument 'cmake_target' from command line to 'None'
[0.719s] Level 5:colcon.colcon_core.verb:set package 'ackermann_description' build argument 'cmake_target_skip_unavailable' from command line to 'False'
[0.719s] Level 5:colcon.colcon_core.verb:set package 'ackermann_description' build argument 'cmake_clean_cache' from command line to 'False'
[0.719s] Level 5:colcon.colcon_core.verb:set package 'ackermann_description' build argument 'cmake_clean_first' from command line to 'False'
[0.719s] Level 5:colcon.colcon_core.verb:set package 'ackermann_description' build argument 'cmake_force_configure' from command line to 'False'
[0.719s] Level 5:colcon.colcon_core.verb:set package 'ackermann_description' build argument 'ament_cmake_args' from command line to 'None'
[0.719s] Level 5:colcon.colcon_core.verb:set package 'ackermann_description' build argument 'catkin_cmake_args' from command line to 'None'
[0.719s] Level 5:colcon.colcon_core.verb:set package 'ackermann_description' build argument 'catkin_skip_building_tests' from command line to 'False'
[0.719s] DEBUG:colcon.colcon_core.verb:Building package 'ackermann_description' with the following arguments: {'ament_cmake_args': None, 'build_base': '/home/hurs1/ackermann_ws/build/ackermann_description', 'catkin_cmake_args': None, 'catkin_skip_building_tests': False, 'cmake_args': None, 'cmake_clean_cache': False, 'cmake_clean_first': False, 'cmake_force_configure': False, 'cmake_target': None, 'cmake_target_skip_unavailable': False, 'install_base': '/home/hurs1/ackermann_ws/install/ackermann_description', 'merge_install': False, 'path': '/home/hurs1/ackermann_ws/src/ackermann_robot/ackermann_description', 'symlink_install': True, 'test_result_base': None}
[0.720s] Level 5:colcon.colcon_core.verb:set package 'ackermann_bringup' build argument 'cmake_args' from command line to 'None'
[0.720s] Level 5:colcon.colcon_core.verb:set package 'ackermann_bringup' build argument 'cmake_target' from command line to 'None'
[0.720s] Level 5:colcon.colcon_core.verb:set package 'ackermann_bringup' build argument 'cmake_target_skip_unavailable' from command line to 'False'
[0.720s] Level 5:colcon.colcon_core.verb:set package 'ackermann_bringup' build argument 'cmake_clean_cache' from command line to 'False'
[0.720s] Level 5:colcon.colcon_core.verb:set package 'ackermann_bringup' build argument 'cmake_clean_first' from command line to 'False'
[0.720s] Level 5:colcon.colcon_core.verb:set package 'ackermann_bringup' build argument 'cmake_force_configure' from command line to 'False'
[0.720s] Level 5:colcon.colcon_core.verb:set package 'ackermann_bringup' build argument 'ament_cmake_args' from command line to 'None'
[0.720s] Level 5:colcon.colcon_core.verb:set package 'ackermann_bringup' build argument 'catkin_cmake_args' from command line to 'None'
[0.720s] Level 5:colcon.colcon_core.verb:set package 'ackermann_bringup' build argument 'catkin_skip_building_tests' from command line to 'False'
[0.720s] DEBUG:colcon.colcon_core.verb:Building package 'ackermann_bringup' with the following arguments: {'ament_cmake_args': None, 'build_base': '/home/hurs1/ackermann_ws/build/ackermann_bringup', 'catkin_cmake_args': None, 'catkin_skip_building_tests': False, 'cmake_args': None, 'cmake_clean_cache': False, 'cmake_clean_first': False, 'cmake_force_configure': False, 'cmake_target': None, 'cmake_target_skip_unavailable': False, 'install_base': '/home/hurs1/ackermann_ws/install/ackermann_bringup', 'merge_install': False, 'path': '/home/hurs1/ackermann_ws/src/ackermann_robot/ackermann_bringup', 'symlink_install': True, 'test_result_base': None}
[0.720s] Level 5:colcon.colcon_core.verb:set package 'ackermann_simulation' build argument 'cmake_args' from command line to 'None'
[0.720s] Level 5:colcon.colcon_core.verb:set package 'ackermann_simulation' build argument 'cmake_target' from command line to 'None'
[0.720s] Level 5:colcon.colcon_core.verb:set package 'ackermann_simulation' build argument 'cmake_target_skip_unavailable' from command line to 'False'
[0.720s] Level 5:colcon.colcon_core.verb:set package 'ackermann_simulation' build argument 'cmake_clean_cache' from command line to 'False'
[0.720s] Level 5:colcon.colcon_core.verb:set package 'ackermann_simulation' build argument 'cmake_clean_first' from command line to 'False'
[0.720s] Level 5:colcon.colcon_core.verb:set package 'ackermann_simulation' build argument 'cmake_force_configure' from command line to 'False'
[0.720s] Level 5:colcon.colcon_core.verb:set package 'ackermann_simulation' build argument 'ament_cmake_args' from command line to 'None'
[0.720s] Level 5:colcon.colcon_core.verb:set package 'ackermann_simulation' build argument 'catkin_cmake_args' from command line to 'None'
[0.720s] Level 5:colcon.colcon_core.verb:set package 'ackermann_simulation' build argument 'catkin_skip_building_tests' from command line to 'False'
[0.720s] DEBUG:colcon.colcon_core.verb:Building package 'ackermann_simulation' with the following arguments: {'ament_cmake_args': None, 'build_base': '/home/hurs1/ackermann_ws/build/ackermann_simulation', 'catkin_cmake_args': None, 'catkin_skip_building_tests': False, 'cmake_args': None, 'cmake_clean_cache': False, 'cmake_clean_first': False, 'cmake_force_configure': False, 'cmake_target': None, 'cmake_target_skip_unavailable': False, 'install_base': '/home/hurs1/ackermann_ws/install/ackermann_simulation', 'merge_install': False, 'path': '/home/hurs1/ackermann_ws/src/ackermann_robot/ackermann_simulation', 'symlink_install': True, 'test_result_base': None}
[0.720s] INFO:colcon.colcon_core.executor:Executing jobs using 'parallel' executor
[0.721s] DEBUG:colcon.colcon_parallel_executor.executor.parallel:run_until_complete
[0.722s] INFO:colcon.colcon_ros.task.ament_cmake.build:Building ROS package in '/home/hurs1/ackermann_ws/src/ackermann_robot/ackermann_description' with build type 'ament_cmake'
[0.722s] INFO:colcon.colcon_cmake.task.cmake.build:Building CMake package in '/home/hurs1/ackermann_ws/src/ackermann_robot/ackermann_description'
[0.723s] INFO:colcon.colcon_core.plugin_system:Skipping extension 'colcon_core.shell.bat': Not used on non-Windows systems
[0.723s] INFO:colcon.colcon_core.shell:Skip shell extension 'powershell' for command environment: Not usable outside of PowerShell
[0.723s] DEBUG:colcon.colcon_core.shell:Skip shell extension 'dsv' for command environment
[0.730s] DEBUG:colcon.colcon_core.event_handler.log_command:Invoking command in '/home/hurs1/ackermann_ws/build/ackermann_description': CMAKE_PREFIX_PATH=/opt/ros/humble /usr/bin/cmake --build /home/hurs1/ackermann_ws/build/ackermann_description -- -j24 -l24
[0.935s] DEBUG:colcon.colcon_core.event_handler.log_command:Invoked command in '/home/hurs1/ackermann_ws/build/ackermann_description' returned '0': CMAKE_PREFIX_PATH=/opt/ros/humble /usr/bin/cmake --build /home/hurs1/ackermann_ws/build/ackermann_description -- -j24 -l24
[0.941s] DEBUG:colcon.colcon_core.event_handler.log_command:Invoking command in '/home/hurs1/ackermann_ws/build/ackermann_description': CMAKE_PREFIX_PATH=/opt/ros/humble /usr/bin/cmake --install /home/hurs1/ackermann_ws/build/ackermann_description
[0.956s] Level 1:colcon.colcon_core.environment:create_environment_scripts_only(ackermann_description)
[0.956s] DEBUG:colcon.colcon_core.event_handler.log_command:Invoked command in '/home/hurs1/ackermann_ws/build/ackermann_description' returned '0': CMAKE_PREFIX_PATH=/opt/ros/humble /usr/bin/cmake --install /home/hurs1/ackermann_ws/build/ackermann_description
[0.957s] Level 1:colcon.colcon_core.environment:checking '/home/hurs1/ackermann_ws/install/ackermann_description' for CMake module files
[0.958s] Level 1:colcon.colcon_core.environment:checking '/home/hurs1/ackermann_ws/install/ackermann_description' for CMake config files
[0.958s] Level 1:colcon.colcon_core.shell:create_environment_hook('ackermann_description', 'cmake_prefix_path')
[0.958s] INFO:colcon.colcon_core.shell:Creating environment hook '/home/hurs1/ackermann_ws/install/ackermann_description/share/ackermann_description/hook/cmake_prefix_path.ps1'
[0.958s] INFO:colcon.colcon_core.shell:Creating environment descriptor '/home/hurs1/ackermann_ws/install/ackermann_description/share/ackermann_description/hook/cmake_prefix_path.dsv'
[0.958s] INFO:colcon.colcon_core.shell:Creating environment hook '/home/hurs1/ackermann_ws/install/ackermann_description/share/ackermann_description/hook/cmake_prefix_path.sh'
[0.959s] Level 1:colcon.colcon_core.environment:checking '/home/hurs1/ackermann_ws/install/ackermann_description/bin'
[0.959s] Level 1:colcon.colcon_core.environment:checking '/home/hurs1/ackermann_ws/install/ackermann_description/lib/pkgconfig/ackermann_description.pc'
[0.959s] Level 1:colcon.colcon_core.environment:checking '/home/hurs1/ackermann_ws/install/ackermann_description/lib/python3.10/site-packages'
[0.959s] Level 1:colcon.colcon_core.environment:checking '/home/hurs1/ackermann_ws/install/ackermann_description/bin'
[0.959s] INFO:colcon.colcon_core.shell:Creating package script '/home/hurs1/ackermann_ws/install/ackermann_description/share/ackermann_description/package.ps1'
[0.960s] INFO:colcon.colcon_core.shell:Creating package descriptor '/home/hurs1/ackermann_ws/install/ackermann_description/share/ackermann_description/package.dsv'
[0.960s] INFO:colcon.colcon_core.shell:Creating package script '/home/hurs1/ackermann_ws/install/ackermann_description/share/ackermann_description/package.sh'
[0.961s] INFO:colcon.colcon_core.shell:Creating package script '/home/hurs1/ackermann_ws/install/ackermann_description/share/ackermann_description/package.bash'
[0.961s] INFO:colcon.colcon_core.shell:Creating package script '/home/hurs1/ackermann_ws/install/ackermann_description/share/ackermann_description/package.zsh'
[0.961s] Level 1:colcon.colcon_core.environment:create_file_with_runtime_dependencies(/home/hurs1/ackermann_ws/install/ackermann_description/share/colcon-core/packages/ackermann_description)
[0.962s] Level 1:colcon.colcon_core.environment:create_environment_scripts_only(ackermann_description)
[0.962s] Level 1:colcon.colcon_core.environment:checking '/home/hurs1/ackermann_ws/install/ackermann_description' for CMake module files
[0.962s] Level 1:colcon.colcon_core.environment:checking '/home/hurs1/ackermann_ws/install/ackermann_description' for CMake config files
[0.962s] Level 1:colcon.colcon_core.shell:create_environment_hook('ackermann_description', 'cmake_prefix_path')
[0.962s] INFO:colcon.colcon_core.shell:Creating environment hook '/home/hurs1/ackermann_ws/install/ackermann_description/share/ackermann_description/hook/cmake_prefix_path.ps1'
[0.962s] INFO:colcon.colcon_core.shell:Creating environment descriptor '/home/hurs1/ackermann_ws/install/ackermann_description/share/ackermann_description/hook/cmake_prefix_path.dsv'
[0.963s] INFO:colcon.colcon_core.shell:Creating environment hook '/home/hurs1/ackermann_ws/install/ackermann_description/share/ackermann_description/hook/cmake_prefix_path.sh'
[0.963s] Level 1:colcon.colcon_core.environment:checking '/home/hurs1/ackermann_ws/install/ackermann_description/bin'
[0.963s] Level 1:colcon.colcon_core.environment:checking '/home/hurs1/ackermann_ws/install/ackermann_description/lib/pkgconfig/ackermann_description.pc'
[0.963s] Level 1:colcon.colcon_core.environment:checking '/home/hurs1/ackermann_ws/install/ackermann_description/lib/python3.10/site-packages'
[0.963s] Level 1:colcon.colcon_core.environment:checking '/home/hurs1/ackermann_ws/install/ackermann_description/bin'
[0.963s] INFO:colcon.colcon_core.shell:Creating package script '/home/hurs1/ackermann_ws/install/ackermann_description/share/ackermann_description/package.ps1'
[0.964s] INFO:colcon.colcon_core.shell:Creating package descriptor '/home/hurs1/ackermann_ws/install/ackermann_description/share/ackermann_description/package.dsv'
[0.964s] INFO:colcon.colcon_core.shell:Creating package script '/home/hurs1/ackermann_ws/install/ackermann_description/share/ackermann_description/package.sh'
[0.964s] INFO:colcon.colcon_core.shell:Creating package script '/home/hurs1/ackermann_ws/install/ackermann_description/share/ackermann_description/package.bash'
[0.964s] INFO:colcon.colcon_core.shell:Creating package script '/home/hurs1/ackermann_ws/install/ackermann_description/share/ackermann_description/package.zsh'
[0.964s] Level 1:colcon.colcon_core.environment:create_file_with_runtime_dependencies(/home/hurs1/ackermann_ws/install/ackermann_description/share/colcon-core/packages/ackermann_description)
[0.965s] INFO:colcon.colcon_ros.task.ament_cmake.build:Building ROS package in '/home/hurs1/ackermann_ws/src/ackermann_robot/ackermann_bringup' with build type 'ament_cmake'
[0.965s] INFO:colcon.colcon_cmake.task.cmake.build:Building CMake package in '/home/hurs1/ackermann_ws/src/ackermann_robot/ackermann_bringup'
[0.965s] INFO:colcon.colcon_core.shell:Skip shell extension 'powershell' for command environment: Not usable outside of PowerShell
[0.965s] DEBUG:colcon.colcon_core.shell:Skip shell extension 'dsv' for command environment
[1.723s] DEBUG:colcon.colcon_core.event_handler.log_command:Invoking command in '/home/hurs1/ackermann_ws/build/ackermann_bringup': AMENT_PREFIX_PATH=/home/hurs1/ackermann_ws/install/ackermann_hardware:/home/hurs1/ackermann_ws/install/ackermann_description:${AMENT_PREFIX_PATH} CMAKE_PREFIX_PATH=/home/hurs1/ackermann_ws/install/ackermann_hardware:/home/hurs1/ackermann_ws/install/ackermann_description:/opt/ros/humble LD_LIBRARY_PATH=/home/hurs1/ackermann_ws/install/ackermann_hardware/lib:${LD_LIBRARY_PATH} /usr/bin/cmake --build /home/hurs1/ackermann_ws/build/ackermann_bringup -- -j24 -l24
[30.500s] DEBUG:colcon.colcon_core.event_handler.log_command:Invoked command in '/home/hurs1/ackermann_ws/build/ackermann_bringup' returned '0': AMENT_PREFIX_PATH=/home/hurs1/ackermann_ws/install/ackermann_hardware:/home/hurs1/ackermann_ws/install/ackermann_description:${AMENT_PREFIX_PATH} CMAKE_PREFIX_PATH=/home/hurs1/ackermann_ws/install/ackermann_hardware:/home/hurs1/ackermann_ws/install/ackermann_description:/opt/ros/humble LD_LIBRARY_PATH=/home/hurs1/ackermann_ws/install/ackermann_hardware/lib:${LD_LIBRARY_PATH} /usr/bin/cmake --build /home/hurs1/ackermann_ws/build/ackermann_bringup -- -j24 -l24
[30.501s] DEBUG:colcon.colcon_core.event_handler.log_command:Invoking command in '/home/hurs1/ackermann_ws/build/ackermann_bringup': AMENT_PREFIX_PATH=/home/hurs1/ackermann_ws/install/ackermann_hardware:/home/hurs1/ackermann_ws/install/ackermann_description:${AMENT_PREFIX_PATH} CMAKE_PREFIX_PATH=/home/hurs1/ackermann_ws/install/ackermann_hardware:/home/hurs1/ackermann_ws/install/ackermann_description:/opt/ros/humble LD_LIBRARY_PATH=/home/hurs1/ackermann_ws/install/ackermann_hardware/lib:${LD_LIBRARY_PATH} /usr/bin/cmake --install /home/hurs1/ackermann_ws/build/ackermann_bringup
[30.515s] Level 1:colcon.colcon_core.environment:create_environment_scripts_only(ackermann_bringup)
[30.516s] DEBUG:colcon.colcon_core.event_handler.log_command:Invoked command in '/home/hurs1/ackermann_ws/build/ackermann_bringup' returned '0': AMENT_PREFIX_PATH=/home/hurs1/ackermann_ws/install/ackermann_hardware:/home/hurs1/ackermann_ws/install/ackermann_description:${AMENT_PREFIX_PATH} CMAKE_PREFIX_PATH=/home/hurs1/ackermann_ws/install/ackermann_hardware:/home/hurs1/ackermann_ws/install/ackermann_description:/opt/ros/humble LD_LIBRARY_PATH=/home/hurs1/ackermann_ws/install/ackermann_hardware/lib:${LD_LIBRARY_PATH} /usr/bin/cmake --install /home/hurs1/ackermann_ws/build/ackermann_bringup
[30.516s] Level 1:colcon.colcon_core.environment:checking '/home/hurs1/ackermann_ws/install/ackermann_bringup' for CMake module files
[30.516s] Level 1:colcon.colcon_core.environment:checking '/home/hurs1/ackermann_ws/install/ackermann_bringup' for CMake config files
[30.517s] Level 1:colcon.colcon_core.shell:create_environment_hook('ackermann_bringup', 'cmake_prefix_path')
[30.517s] INFO:colcon.colcon_core.shell:Creating environment hook '/home/hurs1/ackermann_ws/install/ackermann_bringup/share/ackermann_bringup/hook/cmake_prefix_path.ps1'
[30.517s] INFO:colcon.colcon_core.shell:Creating environment descriptor '/home/hurs1/ackermann_ws/install/ackermann_bringup/share/ackermann_bringup/hook/cmake_prefix_path.dsv'
[30.517s] INFO:colcon.colcon_core.shell:Creating environment hook '/home/hurs1/ackermann_ws/install/ackermann_bringup/share/ackermann_bringup/hook/cmake_prefix_path.sh'
[30.518s] Level 1:colcon.colcon_core.environment:checking '/home/hurs1/ackermann_ws/install/ackermann_bringup/lib'
[30.518s] Level 1:colcon.colcon_core.environment:checking '/home/hurs1/ackermann_ws/install/ackermann_bringup/bin'
[30.518s] Level 1:colcon.colcon_core.environment:checking '/home/hurs1/ackermann_ws/install/ackermann_bringup/lib/pkgconfig/ackermann_bringup.pc'
[30.518s] Level 1:colcon.colcon_core.environment:checking '/home/hurs1/ackermann_ws/install/ackermann_bringup/lib/python3.10/site-packages'
[30.518s] Level 1:colcon.colcon_core.environment:checking '/home/hurs1/ackermann_ws/install/ackermann_bringup/bin'
[30.518s] INFO:colcon.colcon_core.shell:Creating package script '/home/hurs1/ackermann_ws/install/ackermann_bringup/share/ackermann_bringup/package.ps1'
[30.519s] INFO:colcon.colcon_core.shell:Creating package descriptor '/home/hurs1/ackermann_ws/install/ackermann_bringup/share/ackermann_bringup/package.dsv'
[30.519s] INFO:colcon.colcon_core.shell:Creating package script '/home/hurs1/ackermann_ws/install/ackermann_bringup/share/ackermann_bringup/package.sh'
[30.519s] INFO:colcon.colcon_core.shell:Creating package script '/home/hurs1/ackermann_ws/install/ackermann_bringup/share/ackermann_bringup/package.bash'
[30.519s] INFO:colcon.colcon_core.shell:Creating package script '/home/hurs1/ackermann_ws/install/ackermann_bringup/share/ackermann_bringup/package.zsh'
[30.519s] Level 1:colcon.colcon_core.environment:create_file_with_runtime_dependencies(/home/hurs1/ackermann_ws/install/ackermann_bringup/share/colcon-core/packages/ackermann_bringup)
[30.520s] Level 1:colcon.colcon_core.environment:create_environment_scripts_only(ackermann_bringup)
[30.520s] Level 1:colcon.colcon_core.environment:checking '/home/hurs1/ackermann_ws/install/ackermann_bringup' for CMake module files
[30.520s] Level 1:colcon.colcon_core.environment:checking '/home/hurs1/ackermann_ws/install/ackermann_bringup' for CMake config files
[30.520s] Level 1:colcon.colcon_core.shell:create_environment_hook('ackermann_bringup', 'cmake_prefix_path')
[30.520s] INFO:colcon.colcon_core.shell:Creating environment hook '/home/hurs1/ackermann_ws/install/ackermann_bringup/share/ackermann_bringup/hook/cmake_prefix_path.ps1'
[30.520s] INFO:colcon.colcon_core.shell:Creating environment descriptor '/home/hurs1/ackermann_ws/install/ackermann_bringup/share/ackermann_bringup/hook/cmake_prefix_path.dsv'
[30.521s] INFO:colcon.colcon_core.shell:Creating environment hook '/home/hurs1/ackermann_ws/install/ackermann_bringup/share/ackermann_bringup/hook/cmake_prefix_path.sh'
[30.521s] Level 1:colcon.colcon_core.environment:checking '/home/hurs1/ackermann_ws/install/ackermann_bringup/lib'
[30.521s] Level 1:colcon.colcon_core.environment:checking '/home/hurs1/ackermann_ws/install/ackermann_bringup/bin'
[30.521s] Level 1:colcon.colcon_core.environment:checking '/home/hurs1/ackermann_ws/install/ackermann_bringup/lib/pkgconfig/ackermann_bringup.pc'
[30.521s] Level 1:colcon.colcon_core.environment:checking '/home/hurs1/ackermann_ws/install/ackermann_bringup/lib/python3.10/site-packages'
[30.521s] Level 1:colcon.colcon_core.environment:checking '/home/hurs1/ackermann_ws/install/ackermann_bringup/bin'
[30.521s] INFO:colcon.colcon_core.shell:Creating package script '/home/hurs1/ackermann_ws/install/ackermann_bringup/share/ackermann_bringup/package.ps1'
[30.522s] INFO:colcon.colcon_core.shell:Creating package descriptor '/home/hurs1/ackermann_ws/install/ackermann_bringup/share/ackermann_bringup/package.dsv'
[30.522s] INFO:colcon.colcon_core.shell:Creating package script '/home/hurs1/ackermann_ws/install/ackermann_bringup/share/ackermann_bringup/package.sh'
[30.522s] INFO:colcon.colcon_core.shell:Creating package script '/home/hurs1/ackermann_ws/install/ackermann_bringup/share/ackermann_bringup/package.bash'
[30.522s] INFO:colcon.colcon_core.shell:Creating package script '/home/hurs1/ackermann_ws/install/ackermann_bringup/share/ackermann_bringup/package.zsh'
[30.522s] Level 1:colcon.colcon_core.environment:create_file_with_runtime_dependencies(/home/hurs1/ackermann_ws/install/ackermann_bringup/share/colcon-core/packages/ackermann_bringup)
[30.523s] INFO:colcon.colcon_ros.task.ament_cmake.build:Building ROS package in '/home/hurs1/ackermann_ws/src/ackermann_robot/ackermann_simulation' with build type 'ament_cmake'
[30.523s] INFO:colcon.colcon_cmake.task.cmake.build:Building CMake package in '/home/hurs1/ackermann_ws/src/ackermann_robot/ackermann_simulation'
[30.523s] INFO:colcon.colcon_core.shell:Skip shell extension 'powershell' for command environment: Not usable outside of PowerShell
[30.523s] DEBUG:colcon.colcon_core.shell:Skip shell extension 'dsv' for command environment
[31.833s] DEBUG:colcon.colcon_core.event_handler.log_command:Invoking command in '/home/hurs1/ackermann_ws/build/ackermann_simulation': AMENT_PREFIX_PATH=/home/hurs1/ackermann_ws/install/ackermann_bringup:/home/hurs1/ackermann_ws/install/gz_ros2_control:/home/hurs1/ackermann_ws/install/ackermann_hardware:/home/hurs1/ackermann_ws/install/ackermann_description:${AMENT_PREFIX_PATH} CMAKE_PREFIX_PATH=/home/hurs1/ackermann_ws/install/ackermann_bringup:/home/hurs1/ackermann_ws/install/gz_ros2_control:/home/hurs1/ackermann_ws/install/ackermann_hardware:/home/hurs1/ackermann_ws/install/ackermann_description:/opt/ros/humble LD_LIBRARY_PATH=/home/hurs1/ackermann_ws/install/gz_ros2_control/lib:/home/hurs1/ackermann_ws/install/ackermann_hardware/lib:${LD_LIBRARY_PATH} /usr/bin/cmake --build /home/hurs1/ackermann_ws/build/ackermann_simulation -- -j24 -l24
[60.473s] DEBUG:colcon.colcon_core.event_handler.log_command:Invoked command in '/home/hurs1/ackermann_ws/build/ackermann_simulation' returned '0': AMENT_PREFIX_PATH=/home/hurs1/ackermann_ws/install/ackermann_bringup:/home/hurs1/ackermann_ws/install/gz_ros2_control:/home/hurs1/ackermann_ws/install/ackermann_hardware:/home/hurs1/ackermann_ws/install/ackermann_description:${AMENT_PREFIX_PATH} CMAKE_PREFIX_PATH=/home/hurs1/ackermann_ws/install/ackermann_bringup:/home/hurs1/ackermann_ws/install/gz_ros2_control:/home/hurs1/ackermann_ws/install/ackermann_hardware:/home/hurs1/ackermann_ws/install/ackermann_description:/opt/ros/humble LD_LIBRARY_PATH=/home/hurs1/ackermann_ws/install/gz_ros2_control/lib:/home/hurs1/ackermann_ws/install/ackermann_hardware/lib:${LD_LIBRARY_PATH} /usr/bin/cmake --build /home/hurs1/ackermann_ws/build/ackermann_simulation -- -j24 -l24
[60.474s] DEBUG:colcon.colcon_core.event_handler.log_command:Invoking command in '/home/hurs1/ackermann_ws/build/ackermann_simulation': AMENT_PREFIX_PATH=/home/hurs1/ackermann_ws/install/ackermann_bringup:/home/hurs1/ackermann_ws/install/gz_ros2_control:/home/hurs1/ackermann_ws/install/ackermann_hardware:/home/hurs1/ackermann_ws/install/ackermann_description:${AMENT_PREFIX_PATH} CMAKE_PREFIX_PATH=/home/hurs1/ackermann_ws/install/ackermann_bringup:/home/hurs1/ackermann_ws/install/gz_ros2_control:/home/hurs1/ackermann_ws/install/ackermann_hardware:/home/hurs1/ackermann_ws/install/ackermann_description:/opt/ros/humble LD_LIBRARY_PATH=/home/hurs1/ackermann_ws/install/gz_ros2_control/lib:/home/hurs1/ackermann_ws/install/ackermann_hardware/lib:${LD_LIBRARY_PATH} /usr/bin/cmake --install /home/hurs1/ackermann_ws/build/ackermann_simulation
[60.493s] Level 1:colcon.colcon_core.environment:create_environment_scripts_only(ackermann_simulation)
[60.494s] DEBUG:colcon.colcon_core.event_handler.log_command:Invoked command in '/home/hurs1/ackermann_ws/build/ackermann_simulation' returned '0': AMENT_PREFIX_PATH=/home/hurs1/ackermann_ws/install/ackermann_bringup:/home/hurs1/ackermann_ws/install/gz_ros2_control:/home/hurs1/ackermann_ws/install/ackermann_hardware:/home/hurs1/ackermann_ws/install/ackermann_description:${AMENT_PREFIX_PATH} CMAKE_PREFIX_PATH=/home/hurs1/ackermann_ws/install/ackermann_bringup:/home/hurs1/ackermann_ws/install/gz_ros2_control:/home/hurs1/ackermann_ws/install/ackermann_hardware:/home/hurs1/ackermann_ws/install/ackermann_description:/opt/ros/humble LD_LIBRARY_PATH=/home/hurs1/ackermann_ws/install/gz_ros2_control/lib:/home/hurs1/ackermann_ws/install/ackermann_hardware/lib:${LD_LIBRARY_PATH} /usr/bin/cmake --install /home/hurs1/ackermann_ws/build/ackermann_simulation
[60.494s] Level 1:colcon.colcon_core.environment:checking '/home/hurs1/ackermann_ws/install/ackermann_simulation' for CMake module files
[60.494s] Level 1:colcon.colcon_core.environment:checking '/home/hurs1/ackermann_ws/install/ackermann_simulation' for CMake config files
[60.494s] Level 1:colcon.colcon_core.shell:create_environment_hook('ackermann_simulation', 'cmake_prefix_path')
[60.495s] INFO:colcon.colcon_core.shell:Creating environment hook '/home/hurs1/ackermann_ws/install/ackermann_simulation/share/ackermann_simulation/hook/cmake_prefix_path.ps1'
[60.495s] INFO:colcon.colcon_core.shell:Creating environment descriptor '/home/hurs1/ackermann_ws/install/ackermann_simulation/share/ackermann_simulation/hook/cmake_prefix_path.dsv'
[60.495s] INFO:colcon.colcon_core.shell:Creating environment hook '/home/hurs1/ackermann_ws/install/ackermann_simulation/share/ackermann_simulation/hook/cmake_prefix_path.sh'
[60.496s] Level 1:colcon.colcon_core.environment:checking '/home/hurs1/ackermann_ws/install/ackermann_simulation/bin'
[60.496s] Level 1:colcon.colcon_core.environment:checking '/home/hurs1/ackermann_ws/install/ackermann_simulation/lib/pkgconfig/ackermann_simulation.pc'
[60.497s] Level 1:colcon.colcon_core.environment:checking '/home/hurs1/ackermann_ws/install/ackermann_simulation/lib/python3.10/site-packages'
[60.497s] Level 1:colcon.colcon_core.environment:checking '/home/hurs1/ackermann_ws/install/ackermann_simulation/bin'
[60.497s] INFO:colcon.colcon_core.shell:Creating package script '/home/hurs1/ackermann_ws/install/ackermann_simulation/share/ackermann_simulation/package.ps1'
[60.498s] INFO:colcon.colcon_core.shell:Creating package descriptor '/home/hurs1/ackermann_ws/install/ackermann_simulation/share/ackermann_simulation/package.dsv'
[60.499s] INFO:colcon.colcon_core.shell:Creating package script '/home/hurs1/ackermann_ws/install/ackermann_simulation/share/ackermann_simulation/package.sh'
[60.500s] INFO:colcon.colcon_core.shell:Creating package script '/home/hurs1/ackermann_ws/install/ackermann_simulation/share/ackermann_simulation/package.bash'
[60.500s] INFO:colcon.colcon_core.shell:Creating package script '/home/hurs1/ackermann_ws/install/ackermann_simulation/share/ackermann_simulation/package.zsh'
[60.501s] Level 1:colcon.colcon_core.environment:create_file_with_runtime_dependencies(/home/hurs1/ackermann_ws/install/ackermann_simulation/share/colcon-core/packages/ackermann_simulation)
[60.501s] Level 1:colcon.colcon_core.environment:create_environment_scripts_only(ackermann_simulation)
[60.501s] Level 1:colcon.colcon_core.environment:checking '/home/hurs1/ackermann_ws/install/ackermann_simulation' for CMake module files
[60.502s] Level 1:colcon.colcon_core.environment:checking '/home/hurs1/ackermann_ws/install/ackermann_simulation' for CMake config files
[60.502s] Level 1:colcon.colcon_core.shell:create_environment_hook('ackermann_simulation', 'cmake_prefix_path')
[60.503s] INFO:colcon.colcon_core.shell:Creating environment hook '/home/hurs1/ackermann_ws/install/ackermann_simulation/share/ackermann_simulation/hook/cmake_prefix_path.ps1'
[60.503s] INFO:colcon.colcon_core.shell:Creating environment descriptor '/home/hurs1/ackermann_ws/install/ackermann_simulation/share/ackermann_simulation/hook/cmake_prefix_path.dsv'
[60.504s] INFO:colcon.colcon_core.shell:Creating environment hook '/home/hurs1/ackermann_ws/install/ackermann_simulation/share/ackermann_simulation/hook/cmake_prefix_path.sh'
[60.505s] Level 1:colcon.colcon_core.environment:checking '/home/hurs1/ackermann_ws/install/ackermann_simulation/bin'
[60.505s] Level 1:colcon.colcon_core.environment:checking '/home/hurs1/ackermann_ws/install/ackermann_simulation/lib/pkgconfig/ackermann_simulation.pc'
[60.505s] Level 1:colcon.colcon_core.environment:checking '/home/hurs1/ackermann_ws/install/ackermann_simulation/lib/python3.10/site-packages'
[60.505s] Level 1:colcon.colcon_core.environment:checking '/home/hurs1/ackermann_ws/install/ackermann_simulation/bin'
[60.506s] INFO:colcon.colcon_core.shell:Creating package script '/home/hurs1/ackermann_ws/install/ackermann_simulation/share/ackermann_simulation/package.ps1'
[60.507s] INFO:colcon.colcon_core.shell:Creating package descriptor '/home/hurs1/ackermann_ws/install/ackermann_simulation/share/ackermann_simulation/package.dsv'
[60.507s] INFO:colcon.colcon_core.shell:Creating package script '/home/hurs1/ackermann_ws/install/ackermann_simulation/share/ackermann_simulation/package.sh'
[60.509s] INFO:colcon.colcon_core.shell:Creating package script '/home/hurs1/ackermann_ws/install/ackermann_simulation/share/ackermann_simulation/package.bash'
[60.509s] INFO:colcon.colcon_core.shell:Creating package script '/home/hurs1/ackermann_ws/install/ackermann_simulation/share/ackermann_simulation/package.zsh'
[60.509s] Level 1:colcon.colcon_core.environment:create_file_with_runtime_dependencies(/home/hurs1/ackermann_ws/install/ackermann_simulation/share/colcon-core/packages/ackermann_simulation)
[60.509s] DEBUG:colcon.colcon_parallel_executor.executor.parallel:closing loop
[60.510s] DEBUG:colcon.colcon_parallel_executor.executor.parallel:loop closed
[60.510s] DEBUG:colcon.colcon_parallel_executor.executor.parallel:run_until_complete finished with '0'
[60.510s] DEBUG:colcon.colcon_core.event_reactor:joining thread
[60.772s] INFO:colcon.colcon_core.plugin_system:Skipping extension 'colcon_notification.desktop_notification.notify_send': Could not find 'notify-send'
[60.772s] INFO:colcon.colcon_core.plugin_system:Skipping extension 'colcon_notification.desktop_notification.terminal_notifier': Not used on non-Darwin systems
[60.772s] INFO:colcon.colcon_core.plugin_system:Skipping extension 'colcon_notification.desktop_notification.win32': Not used on non-Windows systems
[60.772s] INFO:colcon.colcon_notification.desktop_notification:Sending desktop notification using 'notify2'
[60.772s] DEBUG:colcon.colcon_notification.desktop_notification.notify2:Failed to initialize notify2: org.freedesktop.DBus.Error.FileNotFound: Failed to connect to socket /run/user/1000/bus: No such file or directory
[60.772s] DEBUG:colcon.colcon_core.event_reactor:joined thread
[60.773s] INFO:colcon.colcon_core.shell:Creating prefix script '/home/hurs1/ackermann_ws/install/local_setup.ps1'
[60.773s] INFO:colcon.colcon_core.shell:Creating prefix util module '/home/hurs1/ackermann_ws/install/_local_setup_util_ps1.py'
[60.774s] INFO:colcon.colcon_core.shell:Creating prefix chain script '/home/hurs1/ackermann_ws/install/setup.ps1'
[60.774s] INFO:colcon.colcon_core.shell:Creating prefix script '/home/hurs1/ackermann_ws/install/local_setup.sh'
[60.775s] INFO:colcon.colcon_core.shell:Creating prefix util module '/home/hurs1/ackermann_ws/install/_local_setup_util_sh.py'
[60.775s] INFO:colcon.colcon_core.shell:Creating prefix chain script '/home/hurs1/ackermann_ws/install/setup.sh'
[60.775s] INFO:colcon.colcon_core.shell:Creating prefix script '/home/hurs1/ackermann_ws/install/local_setup.bash'
[60.776s] INFO:colcon.colcon_core.shell:Creating prefix chain script '/home/hurs1/ackermann_ws/install/setup.bash'
[60.776s] INFO:colcon.colcon_core.shell:Creating prefix script '/home/hurs1/ackermann_ws/install/local_setup.zsh'
[60.776s] INFO:colcon.colcon_core.shell:Creating prefix chain script '/home/hurs1/ackermann_ws/install/setup.zsh'
