[0.009s] Invoking command in '/home/hurs1/ackermann_ws/build/ackermann_description': CMAKE_PREFIX_PATH=/opt/ros/humble /usr/bin/cmake --build /home/hurs1/ackermann_ws/build/ackermann_description -- -j24 -l24
[0.032s] -- Found ament_cmake: 1.3.14 (/opt/ros/humble/share/ament_cmake/cmake)
[0.116s] -- Override CMake install command with custom implementation using symlinks instead of copying resources
[0.191s] -- Configuring done
[0.195s] -- Generating done
[0.196s] -- Build files have been written to: /home/hurs1/ackermann_ws/build/ackermann_description
[0.213s] Invoked command in '/home/hurs1/ackermann_ws/build/ackermann_description' returned '0': CMAKE_PREFIX_PATH=/opt/ros/humble /usr/bin/cmake --build /home/hurs1/ackermann_ws/build/ackermann_description -- -j24 -l24
[0.219s] Invoking command in '/home/hurs1/ackermann_ws/build/ackermann_description': CMAKE_PREFIX_PATH=/opt/ros/humble /usr/bin/cmake --install /home/hurs1/ackermann_ws/build/ackermann_description
[0.223s] -- Install configuration: ""
[0.224s] -- Execute custom install script
[0.224s] -- Up-to-date symlink: /home/hurs1/ackermann_ws/install/ackermann_description/share/ackermann_description/urdf/base.xacro
[0.224s] -- Up-to-date symlink: /home/hurs1/ackermann_ws/install/ackermann_description/share/ackermann_description/urdf/control.xacro
[0.224s] -- Up-to-date symlink: /home/hurs1/ackermann_ws/install/ackermann_description/share/ackermann_description/urdf/robot.xacro
[0.224s] -- Up-to-date symlink: /home/hurs1/ackermann_ws/install/ackermann_description/share/ackermann_description/urdf/sensors.xacro
[0.224s] -- Up-to-date symlink: /home/hurs1/ackermann_ws/install/ackermann_description/share/ackermann_description/meshes/chasis.stl
[0.224s] -- Up-to-date symlink: /home/hurs1/ackermann_ws/install/ackermann_description/share/ackermann_description/meshes/wheel.stl
[0.225s] -- Up-to-date symlink: /home/hurs1/ackermann_ws/install/ackermann_description/share/ament_index/resource_index/package_run_dependencies/ackermann_description
[0.225s] -- Up-to-date symlink: /home/hurs1/ackermann_ws/install/ackermann_description/share/ament_index/resource_index/parent_prefix_path/ackermann_description
[0.225s] -- Up-to-date symlink: /home/hurs1/ackermann_ws/install/ackermann_description/share/ackermann_description/environment/ament_prefix_path.sh
[0.226s] -- Up-to-date symlink: /home/hurs1/ackermann_ws/install/ackermann_description/share/ackermann_description/environment/ament_prefix_path.dsv
[0.226s] -- Up-to-date symlink: /home/hurs1/ackermann_ws/install/ackermann_description/share/ackermann_description/environment/path.sh
[0.226s] -- Up-to-date symlink: /home/hurs1/ackermann_ws/install/ackermann_description/share/ackermann_description/environment/path.dsv
[0.226s] -- Up-to-date symlink: /home/hurs1/ackermann_ws/install/ackermann_description/share/ackermann_description/local_setup.bash
[0.226s] -- Up-to-date symlink: /home/hurs1/ackermann_ws/install/ackermann_description/share/ackermann_description/local_setup.sh
[0.226s] -- Up-to-date symlink: /home/hurs1/ackermann_ws/install/ackermann_description/share/ackermann_description/local_setup.zsh
[0.226s] -- Up-to-date symlink: /home/hurs1/ackermann_ws/install/ackermann_description/share/ackermann_description/local_setup.dsv
[0.227s] -- Symlinking: /home/hurs1/ackermann_ws/install/ackermann_description/share/ackermann_description/package.dsv
[0.232s] -- Up-to-date symlink: /home/hurs1/ackermann_ws/install/ackermann_description/share/ament_index/resource_index/packages/ackermann_description
[0.232s] -- Up-to-date symlink: /home/hurs1/ackermann_ws/install/ackermann_description/share/ackermann_description/cmake/ackermann_descriptionConfig.cmake
[0.233s] -- Up-to-date symlink: /home/hurs1/ackermann_ws/install/ackermann_description/share/ackermann_description/cmake/ackermann_descriptionConfig-version.cmake
[0.233s] -- Up-to-date symlink: /home/hurs1/ackermann_ws/install/ackermann_description/share/ackermann_description/package.xml
[0.234s] Invoked command in '/home/hurs1/ackermann_ws/build/ackermann_description' returned '0': CMAKE_PREFIX_PATH=/opt/ros/humble /usr/bin/cmake --install /home/hurs1/ackermann_ws/build/ackermann_description
