-- The C compiler identification is GNU 11.4.0
-- The CXX compiler identification is GNU 11.4.0
-- Detecting C compiler ABI info
-- Detecting C compiler ABI info - done
-- Check for working C compiler: /usr/bin/cc - skipped
-- Detecting C compile features
-- Detecting C compile features - done
-- Detecting CXX compiler ABI info
-- Detecting CXX compiler ABI info - done
-- Check for working CXX compiler: /usr/bin/c++ - skipped
-- Detecting CXX compile features
-- Detecting CXX compile features - done
-- Found ament_cmake: 1.3.14 (/opt/ros/humble/share/ament_cmake/cmake)
-- Found Python3: /usr/bin/python3 (found version "3.10.12") found components: Interpreter 
-- Override CMake install command with custom implementation using symlinks instead of copying resources
-- Found geometry_msgs: 4.9.2 (/opt/ros/humble/share/geometry_msgs/cmake)
-- Found rosidl_generator_c: 3.1.9 (/opt/ros/humble/share/rosidl_generator_c/cmake)
-- Found rosidl_adapter: 3.1.9 (/opt/ros/humble/share/rosidl_adapter/cmake)
-- Found rosidl_generator_cpp: 3.1.9 (/opt/ros/humble/share/rosidl_generator_cpp/cmake)
-- Using all available rosidl_typesupport_c: rosidl_typesupport_fastrtps_c;rosidl_typesupport_introspection_c
-- Using all available rosidl_typesupport_cpp: rosidl_typesupport_fastrtps_cpp;rosidl_typesupport_introspection_cpp
-- Found pluginlib: 5.1.4 (/opt/ros/humble/share/pluginlib/cmake)
-- Found rclcpp: 16.0.19 (/opt/ros/humble/share/rclcpp/cmake)
-- Found rmw_implementation_cmake: 6.1.3 (/opt/ros/humble/share/rmw_implementation_cmake/cmake)
-- Found rmw_fastrtps_cpp: 6.2.10 (/opt/ros/humble/share/rmw_fastrtps_cpp/cmake)
-- Found TinyXML2 via Config file: TinyXML2_DIR-NOTFOUND
-- Found OpenSSL: /usr/lib/x86_64-linux-gnu/libcrypto.so (found version "3.0.2")  
-- Found TinyXML2 via Config file: TinyXML2_DIR-NOTFOUND
-- Found FastRTPS: /opt/ros/humble/include  
-- Found TinyXML2 via Config file: TinyXML2_DIR-NOTFOUND
-- Found TinyXML2 via Config file: TinyXML2_DIR-NOTFOUND
-- Using RMW implementation 'rmw_fastrtps_cpp' as default
-- Looking for pthread.h
-- Looking for pthread.h - found
-- Performing Test CMAKE_HAVE_LIBC_PTHREAD
-- Performing Test CMAKE_HAVE_LIBC_PTHREAD - Success
-- Found Threads: TRUE  
-- Found rclcpp_action: 16.0.19 (/opt/ros/humble/share/rclcpp_action/cmake)
-- Found rclcpp_lifecycle: 16.0.19 (/opt/ros/humble/share/rclcpp_lifecycle/cmake)
-- Found control_msgs: 4.9.0 (/opt/ros/humble/share/control_msgs/cmake)
-- Found control_toolbox: 3.7.0 (/opt/ros/humble/share/control_toolbox/cmake)
-- Found gz_ros2_control: 0.7.21 (/home/hurs1/ackermann_ws/install/gz_ros2_control/share/gz_ros2_control/cmake)
-- Found hardware_interface: 2.54.0 (/opt/ros/humble/share/hardware_interface/cmake)
-- Looking for ignition-gazebo6 -- found version 6.18.0
-- Searching for dependencies of ignition-gazebo6
-- Looking for sdformat12 -- found version 12.9.0
-- Searching for dependencies of sdformat12
-- Checking for module 'tinyxml2'
--   Found tinyxml2, version 9.0.0
-- Looking for ignition-math6 -- found version 6.16.0
-- Searching for dependencies of ignition-math6
-- Looking for ignition-utils1 -- found version 1.5.1
-- Searching for dependencies of ignition-utils1
-- Looking for ignition-plugin1 -- found version 1.4.0
-- Searching for dependencies of ignition-plugin1
-- Searching for <ignition-plugin1> component [loader]
-- Looking for ignition-plugin1-loader -- found version 1.4.0
-- Searching for dependencies of ignition-plugin1-loader
-- Searching for <ignition-plugin1> component [register]
-- Looking for ignition-plugin1-register -- found version 1.4.0
-- Searching for dependencies of ignition-plugin1-register
-- Looking for ignition-transport11 -- found version 11.4.2
-- Searching for dependencies of ignition-transport11
-- Found Protobuf: /usr/lib/x86_64-linux-gnu/libprotobuf.so (found version "3.12.4") 
-- Config-file not installed for ZeroMQ -- checking for pkg-config
-- Checking for module 'libzmq >= 4'
--   Found libzmq , version 4.3.4
-- Found ZeroMQ: TRUE (Required is at least version "4") 
-- Checking for module 'uuid'
--   Found uuid, version 2.37.2
-- Found UUID: TRUE  
-- Looking for ignition-utils1 -- found version 1.5.1
-- Searching for dependencies of ignition-utils1
-- Searching for <ignition-utils1> component [cli]
-- Looking for ignition-utils1-cli -- found version 1.5.1
-- Searching for dependencies of ignition-utils1-cli
-- Looking for ignition-msgs8 -- found version 8.7.1
-- Searching for dependencies of ignition-msgs8
-- Looking for ignition-math6 -- found version 6.16.0
-- Searching for <ignition-transport11> component [log]
-- Looking for ignition-transport11-log -- found version 11.4.2
-- Searching for dependencies of ignition-transport11-log
-- Searching for <ignition-transport11> component [parameters]
-- Looking for ignition-transport11-parameters -- found version 11.4.2
-- Searching for dependencies of ignition-transport11-parameters
-- Looking for ignition-msgs8 -- found version 8.7.1
-- Looking for ignition-common4 -- found version 4.8.1
-- Searching for dependencies of ignition-common4
-- Looking for dlfcn.h - found
-- Looking for libdl - found
-- Found DL: TRUE  
-- Searching for <ignition-common4> component [profiler]
-- Looking for ignition-common4-profiler -- found version 4.8.1
-- Searching for dependencies of ignition-common4-profiler
-- Searching for <ignition-common4> component [events]
-- Looking for ignition-common4-events -- found version 4.8.1
-- Searching for dependencies of ignition-common4-events
-- Looking for ignition-math6 -- found version 6.16.0
-- Searching for <ignition-common4> component [av]
-- Looking for ignition-common4-av -- found version 4.8.1
-- Searching for dependencies of ignition-common4-av
-- Checking for module 'libswscale'
--   Found libswscale, version 5.9.100
-- Found SWSCALE: TRUE  
-- Checking for module 'libavdevice >= 56.4.100'
--   Found libavdevice , version 58.13.100
-- Found AVDEVICE: TRUE (Required is at least version "56.4.100") 
-- Checking for module 'libavformat'
--   Found libavformat, version 58.76.100
-- Found AVFORMAT: TRUE  
-- Checking for module 'libavcodec'
--   Found libavcodec, version 58.134.100
-- Found AVCODEC: TRUE  
-- Checking for module 'libavutil'
--   Found libavutil, version 56.70.100
-- Found AVUTIL: TRUE  
-- Looking for ignition-fuel_tools7 -- found version 7.3.1
-- Searching for dependencies of ignition-fuel_tools7
-- Found CURL: /usr/lib/x86_64-linux-gnu/libcurl.so (found version "7.81.0")  
-- Checking for module 'jsoncpp'
--   Found jsoncpp, version 1.9.5
-- Found JSONCPP: TRUE  
-- Checking for module 'libzip'
--   Found libzip, version 1.7.3
-- Found ZIP: TRUE  
-- Looking for ignition-common4 -- found version 4.8.1
-- Looking for ignition-math6 -- found version 6.16.0
-- Looking for ignition-msgs8 -- found version 8.7.1
-- Looking for ignition-gui6 -- found version 6.9.0
-- Searching for dependencies of ignition-gui6
-- Looking for ignition-math6 -- found version 6.16.0
-- Looking for ignition-common4 -- found version 4.8.1
-- Looking for ignition-plugin1 -- found version 1.4.0
-- Looking for ignition-transport11 -- found version 11.4.2
-- Looking for ignition-rendering6 -- found version 6.6.4
-- Searching for dependencies of ignition-rendering6
-- Looking for ignition-math6 -- found version 6.16.0
-- Searching for dependencies of ignition-math6
-- Searching for <ignition-math6> component [eigen3]
-- Looking for ignition-math6-eigen3 -- found version 6.16.0
-- Searching for dependencies of ignition-math6-eigen3
-- Looking for ignition-common4 -- found version 4.8.1
-- Searching for dependencies of ignition-common4
-- Looking for dlfcn.h - found
-- Looking for libdl - found
-- Searching for <ignition-common4> component [graphics]
-- Looking for ignition-common4-graphics -- found version 4.8.1
-- Searching for dependencies of ignition-common4-graphics
-- Looking for ignition-math6 -- found version 6.16.0
-- Looking for ignition-utils1 -- found version 1.5.1
-- Searching for <ignition-common4> component [events]
-- Looking for ignition-plugin1 -- found version 1.4.0
-- Searching for dependencies of ignition-plugin1
-- Searching for <ignition-plugin1> component [all]
-- Looking for all libraries of ignition-plugin1 -- found version 1.4.0
-- Looking for ignition-plugin1 -- found version 1.4.0
-- Looking for ignition-msgs8 -- found version 8.7.1
-- Looking for ignition-physics5 -- found version 5.4.0
-- Searching for dependencies of ignition-physics5
-- Looking for ignition-math6 -- found version 6.16.0
-- Looking for ignition-plugin1 -- found version 1.4.0
-- Looking for ignition-utils1 -- found version 1.5.1
-- Searching for <ignition-physics5> component [heightmap]
-- Looking for ignition-physics5-heightmap -- found version 5.4.0
-- Searching for dependencies of ignition-physics5-heightmap
-- Looking for ignition-common4 -- found version 4.8.1
-- Searching for <ignition-physics5> component [mesh]
-- Looking for ignition-physics5-mesh -- found version 5.4.0
-- Searching for dependencies of ignition-physics5-mesh
-- Looking for ignition-common4 -- found version 4.8.1
-- Searching for <ignition-physics5> component [sdf]
-- Looking for ignition-physics5-sdf -- found version 5.4.0
-- Searching for dependencies of ignition-physics5-sdf
-- Looking for sdformat12 -- found version 12.9.0
-- Looking for ignition-sensors6 -- found version 6.9.0
-- Searching for dependencies of ignition-sensors6
-- Looking for ignition-math6 -- found version 6.16.0
-- Looking for ignition-common4 -- found version 4.8.1
-- Looking for ignition-transport11 -- found version 11.4.2
-- Looking for ignition-rendering6 -- found version 6.6.4
-- Looking for ignition-msgs8 -- found version 8.7.1
-- Looking for sdformat12 -- found version 12.9.0
-- Searching for <ignition-sensors6> component [air_pressure]
-- Looking for ignition-sensors6-air_pressure -- found version 6.9.0
-- Searching for dependencies of ignition-sensors6-air_pressure
-- Searching for <ignition-sensors6> component [altimeter]
-- Looking for ignition-sensors6-altimeter -- found version 6.9.0
-- Searching for dependencies of ignition-sensors6-altimeter
-- Searching for <ignition-sensors6> component [imu]
-- Looking for ignition-sensors6-imu -- found version 6.9.0
-- Searching for dependencies of ignition-sensors6-imu
-- Searching for <ignition-sensors6> component [force_torque]
-- Looking for ignition-sensors6-force_torque -- found version 6.9.0
-- Searching for dependencies of ignition-sensors6-force_torque
-- Searching for <ignition-sensors6> component [logical_camera]
-- Looking for ignition-sensors6-logical_camera -- found version 6.9.0
-- Searching for dependencies of ignition-sensors6-logical_camera
-- Searching for <ignition-sensors6> component [magnetometer]
-- Looking for ignition-sensors6-magnetometer -- found version 6.9.0
-- Searching for dependencies of ignition-sensors6-magnetometer
-- Searching for <ignition-sensors6> component [navsat]
-- Looking for ignition-sensors6-navsat -- found version 6.9.0
-- Searching for dependencies of ignition-sensors6-navsat
-- Searching for <ignition-sensors6> component [rendering]
-- Looking for ignition-sensors6-rendering -- found version 6.9.0
-- Searching for dependencies of ignition-sensors6-rendering
-- Searching for <ignition-sensors6> component [lidar]
-- Looking for ignition-sensors6-lidar -- found version 6.9.0
-- Searching for dependencies of ignition-sensors6-lidar
-- Looking for ignition-sensors6 -- found version 6.9.0
-- Searching for <ignition-sensors6> component [gpu_lidar]
-- Looking for ignition-sensors6-gpu_lidar -- found version 6.9.0
-- Searching for dependencies of ignition-sensors6-gpu_lidar
-- Looking for ignition-sensors6 -- found version 6.9.0
-- Searching for <ignition-sensors6> component [camera]
-- Looking for ignition-sensors6-camera -- found version 6.9.0
-- Searching for dependencies of ignition-sensors6-camera
-- Looking for ignition-sensors6 -- found version 6.9.0
-- Searching for <ignition-sensors6> component [boundingbox_camera]
-- Looking for ignition-sensors6-boundingbox_camera -- found version 6.9.0
-- Searching for dependencies of ignition-sensors6-boundingbox_camera
-- Searching for <ignition-sensors6> component [segmentation_camera]
-- Looking for ignition-sensors6-segmentation_camera -- found version 6.9.0
-- Searching for dependencies of ignition-sensors6-segmentation_camera
-- Searching for <ignition-sensors6> component [depth_camera]
-- Looking for ignition-sensors6-depth_camera -- found version 6.9.0
-- Searching for dependencies of ignition-sensors6-depth_camera
-- Looking for ignition-sensors6 -- found version 6.9.0
-- Searching for <ignition-sensors6> component [rgbd_camera]
-- Looking for ignition-sensors6-rgbd_camera -- found version 6.9.0
-- Searching for dependencies of ignition-sensors6-rgbd_camera
-- Looking for ignition-sensors6 -- found version 6.9.0
-- Searching for <ignition-sensors6> component [thermal_camera]
-- Looking for ignition-sensors6-thermal_camera -- found version 6.9.0
-- Searching for dependencies of ignition-sensors6-thermal_camera
-- Looking for ignition-sensors6 -- found version 6.9.0
-- Looking for ignition-rendering6 -- found version 6.6.4
-- Looking for ignition-math6 -- found version 6.16.0
-- Looking for ignition-utils1 -- found version 1.5.1
-- Compiling against Gazebo fortress
-- Configuring done
-- Generating done
-- Build files have been written to: /home/hurs1/ackermann_ws/build/gz_ros2_control_demos
[  6%] [32mBuilding CXX object CMakeFiles/example_velocity.dir/examples/example_position.cpp.o[0m
[ 12%] [32mBuilding CXX object CMakeFiles/example_gripper.dir/examples/example_gripper.cpp.o[0m
[ 25%] [32mBuilding CXX object CMakeFiles/example_ackermann_drive.dir/examples/example_ackermann_drive.cpp.o[0m
[ 31%] [32mBuilding CXX object CMakeFiles/gz_custom_hardware_plugins.dir/src/gz_custom_system.cpp.o[0m
[ 25%] [32mBuilding CXX object CMakeFiles/example_diff_drive.dir/examples/example_diff_drive.cpp.o[0m
[ 37%] [32mBuilding CXX object CMakeFiles/example_tricycle_drive.dir/examples/example_tricycle_drive.cpp.o[0m
[ 43%] [32mBuilding CXX object CMakeFiles/example_position.dir/examples/example_position.cpp.o[0m
[ 50%] [32mBuilding CXX object CMakeFiles/example_effort.dir/examples/example_position.cpp.o[0m
[ 56%] [32m[1mLinking CXX executable example_diff_drive[0m
[ 68%] [32m[1mLinking CXX executable example_ackermann_drive[0m
[ 68%] [32m[1mLinking CXX executable example_tricycle_drive[0m
[ 75%] [32m[1mLinking CXX executable example_gripper[0m
[ 81%] [32m[1mLinking CXX executable example_position[0m
[ 81%] Built target example_ackermann_drive
[ 81%] Built target example_diff_drive
[ 81%] Built target example_gripper
[ 87%] [32m[1mLinking CXX executable example_velocity[0m
[ 87%] Built target example_tricycle_drive
[ 93%] [32m[1mLinking CXX executable example_effort[0m
[ 93%] Built target example_velocity
[ 93%] Built target example_position
[ 93%] Built target example_effort
[100%] [32m[1mLinking CXX shared library libgz_custom_hardware_plugins.so[0m
[100%] Built target gz_custom_hardware_plugins
-- Install configuration: ""
-- Execute custom install script
-- Symlinking: /home/hurs1/ackermann_ws/install/gz_ros2_control_demos/share/gz_ros2_control_demos//launch/ackermann_drive_example.launch.py
-- Symlinking: /home/hurs1/ackermann_ws/install/gz_ros2_control_demos/share/gz_ros2_control_demos//launch/cart_example_effort.launch.py
-- Symlinking: /home/hurs1/ackermann_ws/install/gz_ros2_control_demos/share/gz_ros2_control_demos//launch/cart_example_ft_sensor.launch.py
-- Symlinking: /home/hurs1/ackermann_ws/install/gz_ros2_control_demos/share/gz_ros2_control_demos//launch/cart_example_position.launch.py
-- Symlinking: /home/hurs1/ackermann_ws/install/gz_ros2_control_demos/share/gz_ros2_control_demos//launch/cart_example_velocity.launch.py
-- Symlinking: /home/hurs1/ackermann_ws/install/gz_ros2_control_demos/share/gz_ros2_control_demos//launch/cart_example_velocity_custom_plugin.launch.py
-- Symlinking: /home/hurs1/ackermann_ws/install/gz_ros2_control_demos/share/gz_ros2_control_demos//launch/diff_drive_example.launch.py
-- Symlinking: /home/hurs1/ackermann_ws/install/gz_ros2_control_demos/share/gz_ros2_control_demos//launch/diff_drive_example_namespaced.launch.py
-- Symlinking: /home/hurs1/ackermann_ws/install/gz_ros2_control_demos/share/gz_ros2_control_demos//launch/gripper_mimic_joint_example_effort.launch.py
-- Symlinking: /home/hurs1/ackermann_ws/install/gz_ros2_control_demos/share/gz_ros2_control_demos//launch/gripper_mimic_joint_example_effort.launch.xml
-- Symlinking: /home/hurs1/ackermann_ws/install/gz_ros2_control_demos/share/gz_ros2_control_demos//launch/gripper_mimic_joint_example_position.launch.py
-- Symlinking: /home/hurs1/ackermann_ws/install/gz_ros2_control_demos/share/gz_ros2_control_demos//launch/gripper_mimic_joint_example_position.launch.xml
-- Symlinking: /home/hurs1/ackermann_ws/install/gz_ros2_control_demos/share/gz_ros2_control_demos//launch/mecanum_drive_example.launch.py
-- Symlinking: /home/hurs1/ackermann_ws/install/gz_ros2_control_demos/share/gz_ros2_control_demos//launch/pendulum_example_effort.launch.py
-- Symlinking: /home/hurs1/ackermann_ws/install/gz_ros2_control_demos/share/gz_ros2_control_demos//launch/pendulum_example_position.launch.py
-- Symlinking: /home/hurs1/ackermann_ws/install/gz_ros2_control_demos/share/gz_ros2_control_demos//launch/tricycle_drive_example.launch.py
-- Symlinking: /home/hurs1/ackermann_ws/install/gz_ros2_control_demos/share/gz_ros2_control_demos//config/ackermann_drive_controller.yaml
-- Symlinking: /home/hurs1/ackermann_ws/install/gz_ros2_control_demos/share/gz_ros2_control_demos//config/cart_controller_effort.yaml
-- Symlinking: /home/hurs1/ackermann_ws/install/gz_ros2_control_demos/share/gz_ros2_control_demos//config/cart_controller_ft_sensor.yaml
-- Symlinking: /home/hurs1/ackermann_ws/install/gz_ros2_control_demos/share/gz_ros2_control_demos//config/cart_controller_position.yaml
-- Symlinking: /home/hurs1/ackermann_ws/install/gz_ros2_control_demos/share/gz_ros2_control_demos//config/cart_controller_velocity.yaml
-- Symlinking: /home/hurs1/ackermann_ws/install/gz_ros2_control_demos/share/gz_ros2_control_demos//config/diff_drive_controller.yaml
-- Symlinking: /home/hurs1/ackermann_ws/install/gz_ros2_control_demos/share/gz_ros2_control_demos//config/gripper_controller_effort.yaml
-- Symlinking: /home/hurs1/ackermann_ws/install/gz_ros2_control_demos/share/gz_ros2_control_demos//config/gripper_controller_position.yaml
-- Symlinking: /home/hurs1/ackermann_ws/install/gz_ros2_control_demos/share/gz_ros2_control_demos//config/mecanum_drive_controller.yaml
-- Symlinking: /home/hurs1/ackermann_ws/install/gz_ros2_control_demos/share/gz_ros2_control_demos//config/tricycle_drive_controller.yaml
-- Symlinking: /home/hurs1/ackermann_ws/install/gz_ros2_control_demos/share/gz_ros2_control_demos//urdf/test_ackermann_drive.xacro.urdf
-- Symlinking: /home/hurs1/ackermann_ws/install/gz_ros2_control_demos/share/gz_ros2_control_demos//urdf/test_cart_effort.xacro.urdf
-- Symlinking: /home/hurs1/ackermann_ws/install/gz_ros2_control_demos/share/gz_ros2_control_demos//urdf/test_cart_ft_sensor.xacro.urdf
-- Symlinking: /home/hurs1/ackermann_ws/install/gz_ros2_control_demos/share/gz_ros2_control_demos//urdf/test_cart_position.xacro.urdf
-- Symlinking: /home/hurs1/ackermann_ws/install/gz_ros2_control_demos/share/gz_ros2_control_demos//urdf/test_cart_velocity.xacro.urdf
-- Symlinking: /home/hurs1/ackermann_ws/install/gz_ros2_control_demos/share/gz_ros2_control_demos//urdf/test_cart_velocity_custom_plugin.xacro.urdf
-- Symlinking: /home/hurs1/ackermann_ws/install/gz_ros2_control_demos/share/gz_ros2_control_demos//urdf/test_diff_drive.xacro.urdf
-- Symlinking: /home/hurs1/ackermann_ws/install/gz_ros2_control_demos/share/gz_ros2_control_demos//urdf/test_gripper_mimic_joint_effort.xacro.urdf
-- Symlinking: /home/hurs1/ackermann_ws/install/gz_ros2_control_demos/share/gz_ros2_control_demos//urdf/test_gripper_mimic_joint_position.xacro.urdf
-- Symlinking: /home/hurs1/ackermann_ws/install/gz_ros2_control_demos/share/gz_ros2_control_demos//urdf/test_mecanum_drive.xacro.urdf
-- Symlinking: /home/hurs1/ackermann_ws/install/gz_ros2_control_demos/share/gz_ros2_control_demos//urdf/test_pendulum_effort.xacro.urdf
-- Symlinking: /home/hurs1/ackermann_ws/install/gz_ros2_control_demos/share/gz_ros2_control_demos//urdf/test_pendulum_position.xacro.urdf
-- Symlinking: /home/hurs1/ackermann_ws/install/gz_ros2_control_demos/share/gz_ros2_control_demos//urdf/test_tricycle_drive.xacro.urdf
-- Symlinking: /home/hurs1/ackermann_ws/install/gz_ros2_control_demos/share/gz_ros2_control_demos//worlds/empty_ft_sensor.sdf
-- Symlinking: /home/hurs1/ackermann_ws/install/gz_ros2_control_demos/lib/gz_ros2_control_demos/example_position
-- Symlinking: /home/hurs1/ackermann_ws/install/gz_ros2_control_demos/lib/gz_ros2_control_demos/example_velocity
-- Symlinking: /home/hurs1/ackermann_ws/install/gz_ros2_control_demos/lib/gz_ros2_control_demos/example_effort
-- Symlinking: /home/hurs1/ackermann_ws/install/gz_ros2_control_demos/lib/gz_ros2_control_demos/example_diff_drive
-- Symlinking: /home/hurs1/ackermann_ws/install/gz_ros2_control_demos/lib/gz_ros2_control_demos/example_tricycle_drive
-- Symlinking: /home/hurs1/ackermann_ws/install/gz_ros2_control_demos/lib/gz_ros2_control_demos/example_ackermann_drive
-- Symlinking: /home/hurs1/ackermann_ws/install/gz_ros2_control_demos/lib/gz_ros2_control_demos/example_gripper
-- Symlinking: /home/hurs1/ackermann_ws/install/gz_ros2_control_demos/share/gz_ros2_control_demos/environment/library_path.sh
-- Symlinking: /home/hurs1/ackermann_ws/install/gz_ros2_control_demos/share/gz_ros2_control_demos/environment/library_path.dsv
-- Symlinking: /home/hurs1/ackermann_ws/install/gz_ros2_control_demos/share/gz_ros2_control_demos//gz_custom_hardware_plugins.xml
-- Symlinking: /home/hurs1/ackermann_ws/install/gz_ros2_control_demos/share/ament_index/resource_index/package_run_dependencies/gz_ros2_control_demos
-- Symlinking: /home/hurs1/ackermann_ws/install/gz_ros2_control_demos/share/ament_index/resource_index/parent_prefix_path/gz_ros2_control_demos
-- Symlinking: /home/hurs1/ackermann_ws/install/gz_ros2_control_demos/share/gz_ros2_control_demos/environment/ament_prefix_path.sh
-- Symlinking: /home/hurs1/ackermann_ws/install/gz_ros2_control_demos/share/gz_ros2_control_demos/environment/ament_prefix_path.dsv
-- Symlinking: /home/hurs1/ackermann_ws/install/gz_ros2_control_demos/share/gz_ros2_control_demos/environment/path.sh
-- Symlinking: /home/hurs1/ackermann_ws/install/gz_ros2_control_demos/share/gz_ros2_control_demos/environment/path.dsv
-- Symlinking: /home/hurs1/ackermann_ws/install/gz_ros2_control_demos/share/gz_ros2_control_demos/local_setup.bash
-- Symlinking: /home/hurs1/ackermann_ws/install/gz_ros2_control_demos/share/gz_ros2_control_demos/local_setup.sh
-- Symlinking: /home/hurs1/ackermann_ws/install/gz_ros2_control_demos/share/gz_ros2_control_demos/local_setup.zsh
-- Symlinking: /home/hurs1/ackermann_ws/install/gz_ros2_control_demos/share/gz_ros2_control_demos/local_setup.dsv
-- Symlinking: /home/hurs1/ackermann_ws/install/gz_ros2_control_demos/share/gz_ros2_control_demos/package.dsv
-- Symlinking: /home/hurs1/ackermann_ws/install/gz_ros2_control_demos/share/ament_index/resource_index/packages/gz_ros2_control_demos
-- Symlinking: /home/hurs1/ackermann_ws/install/gz_ros2_control_demos/share/ament_index/resource_index/gz_ros2_control__pluginlib__plugin/gz_ros2_control_demos
-- Symlinking: /home/hurs1/ackermann_ws/install/gz_ros2_control_demos/share/gz_ros2_control_demos/cmake/ament_cmake_export_targets-extras.cmake
-- Symlinking: /home/hurs1/ackermann_ws/install/gz_ros2_control_demos/share/gz_ros2_control_demos/cmake/gz_ros2_control_demosConfig.cmake
-- Symlinking: /home/hurs1/ackermann_ws/install/gz_ros2_control_demos/share/gz_ros2_control_demos/cmake/gz_ros2_control_demosConfig-version.cmake
-- Symlinking: /home/hurs1/ackermann_ws/install/gz_ros2_control_demos/share/gz_ros2_control_demos/package.xml
-- Installing: /home/hurs1/ackermann_ws/install/gz_ros2_control_demos/lib/libgz_custom_hardware_plugins.so
-- Set runtime path of "/home/hurs1/ackermann_ws/install/gz_ros2_control_demos/lib/libgz_custom_hardware_plugins.so" to ""
-- Installing: /home/hurs1/ackermann_ws/install/gz_ros2_control_demos/share/gz_ros2_control_demos/cmake/export_gz_custom_hardware_pluginsExport.cmake
-- Installing: /home/hurs1/ackermann_ws/install/gz_ros2_control_demos/share/gz_ros2_control_demos/cmake/export_gz_custom_hardware_pluginsExport-noconfig.cmake
